Archive member included to satisfy reference by file (symbol)

c:/intelfpga_lite/17.1/nios2eds/bin/gnu/h-x86_64-mingw32/bin/../lib/gcc/nios2-elf/5.3.0/../../../../../H-x86_64-mingw32/nios2-elf/lib\libsmallc.a(lib_a-puts.o)
                              obj/default/hello_world.o (puts)
c:/intelfpga_lite/17.1/nios2eds/bin/gnu/h-x86_64-mingw32/bin/../lib/gcc/nios2-elf/5.3.0/../../../../../H-x86_64-mingw32/nios2-elf/lib\libsmallc.a(lib_a-strlen.o)
                              c:/intelfpga_lite/17.1/nios2eds/bin/gnu/h-x86_64-mingw32/bin/../lib/gcc/nios2-elf/5.3.0/../../../../../H-x86_64-mingw32/nios2-elf/lib\libsmallc.a(lib_a-puts.o) (strlen)
c:/intelfpga_lite/17.1/nios2eds/bin/gnu/h-x86_64-mingw32/bin/../lib/gcc/nios2-elf/5.3.0/../../../../../H-x86_64-mingw32/nios2-elf/lib\libsmallc.a(lib_a-fvwrite_small_dev.o)
                              c:/intelfpga_lite/17.1/nios2eds/bin/gnu/h-x86_64-mingw32/bin/../lib/gcc/nios2-elf/5.3.0/../../../../../H-x86_64-mingw32/nios2-elf/lib\libsmallc.a(lib_a-puts.o) (__sfvwrite_small_dev)
c:/intelfpga_lite/17.1/nios2eds/bin/gnu/h-x86_64-mingw32/bin/../lib/gcc/nios2-elf/5.3.0/../../../../../H-x86_64-mingw32/nios2-elf/lib\libsmallc.a(lib_a-impure.o)
                              c:/intelfpga_lite/17.1/nios2eds/bin/gnu/h-x86_64-mingw32/bin/../lib/gcc/nios2-elf/5.3.0/../../../../../H-x86_64-mingw32/nios2-elf/lib\libsmallc.a(lib_a-puts.o) (_impure_ptr)
c:/intelfpga_lite/17.1/nios2eds/bin/gnu/h-x86_64-mingw32/bin/../lib/gcc/nios2-elf/5.3.0/../../../../../H-x86_64-mingw32/nios2-elf/lib\libsmallc.a(lib_a-writer.o)
                              c:/intelfpga_lite/17.1/nios2eds/bin/gnu/h-x86_64-mingw32/bin/../lib/gcc/nios2-elf/5.3.0/../../../../../H-x86_64-mingw32/nios2-elf/lib\libsmallc.a(lib_a-fvwrite_small_dev.o) (_write_r)
c:/intelfpga_lite/17.1/nios2eds/bin/gnu/h-x86_64-mingw32/bin/../lib/gcc/nios2-elf/5.3.0/../../../../../H-x86_64-mingw32/nios2-elf/lib\libsmallc.a(lib_a-int_errno.o)
                              c:/intelfpga_lite/17.1/nios2eds/bin/gnu/h-x86_64-mingw32/bin/../lib/gcc/nios2-elf/5.3.0/../../../../../H-x86_64-mingw32/nios2-elf/lib\libsmallc.a(lib_a-writer.o) (errno)
../mm_test_bsp/\libhal_bsp.a(alt_load.o)
                              ../mm_test_bsp//obj/HAL/src/crt0.o (alt_load)
../mm_test_bsp/\libhal_bsp.a(alt_main.o)
                              ../mm_test_bsp//obj/HAL/src/crt0.o (alt_main)
../mm_test_bsp/\libhal_bsp.a(alt_write.o)
                              c:/intelfpga_lite/17.1/nios2eds/bin/gnu/h-x86_64-mingw32/bin/../lib/gcc/nios2-elf/5.3.0/../../../../../H-x86_64-mingw32/nios2-elf/lib\libsmallc.a(lib_a-writer.o) (write)
../mm_test_bsp/\libhal_bsp.a(alt_sys_init.o)
                              ../mm_test_bsp/\libhal_bsp.a(alt_main.o) (alt_irq_init)
../mm_test_bsp/\libhal_bsp.a(altera_avalon_jtag_uart_fd.o)
                              ../mm_test_bsp/\libhal_bsp.a(alt_sys_init.o) (altera_avalon_jtag_uart_read_fd)
../mm_test_bsp/\libhal_bsp.a(altera_avalon_jtag_uart_read.o)
                              ../mm_test_bsp/\libhal_bsp.a(altera_avalon_jtag_uart_fd.o) (altera_avalon_jtag_uart_read)
../mm_test_bsp/\libhal_bsp.a(altera_avalon_jtag_uart_write.o)
                              ../mm_test_bsp/\libhal_bsp.a(altera_avalon_jtag_uart_fd.o) (altera_avalon_jtag_uart_write)
../mm_test_bsp/\libhal_bsp.a(altera_avalon_spi.o)
                              obj/default/hello_world.o (alt_avalon_spi_command)
../mm_test_bsp/\libhal_bsp.a(alt_close.o)
                              ../mm_test_bsp/\libhal_bsp.a(alt_main.o) (close)
../mm_test_bsp/\libhal_bsp.a(alt_dcache_flush_all.o)
                              ../mm_test_bsp/\libhal_bsp.a(alt_load.o) (alt_dcache_flush_all)
../mm_test_bsp/\libhal_bsp.a(alt_dev.o)
                              ../mm_test_bsp/\libhal_bsp.a(alt_sys_init.o) (alt_dev_list)
../mm_test_bsp/\libhal_bsp.a(alt_dev_llist_insert.o)
                              ../mm_test_bsp/\libhal_bsp.a(alt_sys_init.o) (alt_dev_llist_insert)
../mm_test_bsp/\libhal_bsp.a(alt_do_ctors.o)
                              ../mm_test_bsp/\libhal_bsp.a(alt_main.o) (_do_ctors)
../mm_test_bsp/\libhal_bsp.a(alt_do_dtors.o)
                              ../mm_test_bsp/\libhal_bsp.a(alt_main.o) (_do_dtors)
../mm_test_bsp/\libhal_bsp.a(alt_errno.o)
                              ../mm_test_bsp/\libhal_bsp.a(alt_write.o) (alt_errno)
../mm_test_bsp/\libhal_bsp.a(alt_icache_flush_all.o)
                              ../mm_test_bsp/\libhal_bsp.a(alt_load.o) (alt_icache_flush_all)
../mm_test_bsp/\libhal_bsp.a(alt_io_redirect.o)
                              ../mm_test_bsp/\libhal_bsp.a(alt_main.o) (alt_io_redirect)
../mm_test_bsp/\libhal_bsp.a(alt_open.o)
                              ../mm_test_bsp/\libhal_bsp.a(alt_io_redirect.o) (open)
../mm_test_bsp/\libhal_bsp.a(alt_release_fd.o)
                              ../mm_test_bsp/\libhal_bsp.a(alt_close.o) (alt_release_fd)
../mm_test_bsp/\libhal_bsp.a(altera_nios2_gen2_irq.o)
                              ../mm_test_bsp/\libhal_bsp.a(alt_sys_init.o) (altera_nios2_gen2_irq_init)
../mm_test_bsp/\libhal_bsp.a(alt_find_dev.o)
                              ../mm_test_bsp/\libhal_bsp.a(alt_open.o) (alt_find_dev)
../mm_test_bsp/\libhal_bsp.a(alt_find_file.o)
                              ../mm_test_bsp/\libhal_bsp.a(alt_open.o) (alt_find_file)
../mm_test_bsp/\libhal_bsp.a(alt_get_fd.o)
                              ../mm_test_bsp/\libhal_bsp.a(alt_open.o) (alt_get_fd)
../mm_test_bsp/\libhal_bsp.a(alt_icache_flush.o)
                              ../mm_test_bsp/\libhal_bsp.a(alt_icache_flush_all.o) (alt_icache_flush)
c:/intelfpga_lite/17.1/nios2eds/bin/gnu/h-x86_64-mingw32/bin/../lib/gcc/nios2-elf/5.3.0/../../../../../H-x86_64-mingw32/nios2-elf/lib\libsmallc.a(lib_a-atexit.o)
                              ../mm_test_bsp/\libhal_bsp.a(alt_main.o) (atexit)
c:/intelfpga_lite/17.1/nios2eds/bin/gnu/h-x86_64-mingw32/bin/../lib/gcc/nios2-elf/5.3.0/../../../../../H-x86_64-mingw32/nios2-elf/lib\libsmallc.a(lib_a-exit.o)
                              ../mm_test_bsp/\libhal_bsp.a(alt_main.o) (exit)
c:/intelfpga_lite/17.1/nios2eds/bin/gnu/h-x86_64-mingw32/bin/../lib/gcc/nios2-elf/5.3.0/../../../../../H-x86_64-mingw32/nios2-elf/lib\libsmallc.a(lib_a-memcmp.o)
                              ../mm_test_bsp/\libhal_bsp.a(alt_find_dev.o) (memcmp)
c:/intelfpga_lite/17.1/nios2eds/bin/gnu/h-x86_64-mingw32/bin/../lib/gcc/nios2-elf/5.3.0/../../../../../H-x86_64-mingw32/nios2-elf/lib\libsmallc.a(lib_a-__atexit.o)
                              c:/intelfpga_lite/17.1/nios2eds/bin/gnu/h-x86_64-mingw32/bin/../lib/gcc/nios2-elf/5.3.0/../../../../../H-x86_64-mingw32/nios2-elf/lib\libsmallc.a(lib_a-atexit.o) (__register_exitproc)
c:/intelfpga_lite/17.1/nios2eds/bin/gnu/h-x86_64-mingw32/bin/../lib/gcc/nios2-elf/5.3.0/../../../../../H-x86_64-mingw32/nios2-elf/lib\libsmallc.a(lib_a-__call_atexit.o)
                              c:/intelfpga_lite/17.1/nios2eds/bin/gnu/h-x86_64-mingw32/bin/../lib/gcc/nios2-elf/5.3.0/../../../../../H-x86_64-mingw32/nios2-elf/lib\libsmallc.a(lib_a-exit.o) (__call_exitprocs)
../mm_test_bsp/\libhal_bsp.a(alt_exit.o)
                              c:/intelfpga_lite/17.1/nios2eds/bin/gnu/h-x86_64-mingw32/bin/../lib/gcc/nios2-elf/5.3.0/../../../../../H-x86_64-mingw32/nios2-elf/lib\libsmallc.a(lib_a-exit.o) (_exit)

Allocating common symbols
Common symbol       size              file

errno               0x4               c:/intelfpga_lite/17.1/nios2eds/bin/gnu/h-x86_64-mingw32/bin/../lib/gcc/nios2-elf/5.3.0/../../../../../H-x86_64-mingw32/nios2-elf/lib\libsmallc.a(lib_a-int_errno.o)

Memory Configuration

Name             Origin             Length             Attributes
reset            0x0000000000008000 0x0000000000000020
ram_onchip       0x0000000000008020 0x0000000000004fe0
*default*        0x0000000000000000 0xffffffffffffffff

Linker script and memory map

LOAD ../mm_test_bsp//obj/HAL/src/crt0.o
LOAD obj/default/hello_world.o
LOAD c:/intelfpga_lite/17.1/nios2eds/bin/gnu/h-x86_64-mingw32/bin/../lib/gcc/nios2-elf/5.3.0/../../../../../H-x86_64-mingw32/nios2-elf/lib\libstdc++.a
LOAD c:/intelfpga_lite/17.1/nios2eds/bin/gnu/h-x86_64-mingw32/bin/../lib/gcc/nios2-elf/5.3.0/../../../../../H-x86_64-mingw32/nios2-elf/lib\libm.a
LOAD c:/intelfpga_lite/17.1/nios2eds/bin/gnu/h-x86_64-mingw32/bin/../lib/gcc/nios2-elf/5.3.0\libgcc.a
START GROUP
LOAD c:/intelfpga_lite/17.1/nios2eds/bin/gnu/h-x86_64-mingw32/bin/../lib/gcc/nios2-elf/5.3.0/../../../../../H-x86_64-mingw32/nios2-elf/lib\libsmallc.a
LOAD c:/intelfpga_lite/17.1/nios2eds/bin/gnu/h-x86_64-mingw32/bin/../lib/gcc/nios2-elf/5.3.0\libgcc.a
LOAD ../mm_test_bsp/\libhal_bsp.a
LOAD c:/intelfpga_lite/17.1/nios2eds/bin/gnu/h-x86_64-mingw32/bin/../lib/gcc/nios2-elf/5.3.0/../../../../../H-x86_64-mingw32/nios2-elf/lib\libm.a
END GROUP
LOAD c:/intelfpga_lite/17.1/nios2eds/bin/gnu/h-x86_64-mingw32/bin/../lib/gcc/nios2-elf/5.3.0\libgcc.a
                0x0000000000008000                __alt_mem_ram_onchip = 0x8000

.entry          0x0000000000008000       0x20
 *(.entry)
 .entry         0x0000000000008000       0x20 ../mm_test_bsp//obj/HAL/src/crt0.o
                0x0000000000008000                __reset

.exceptions     0x0000000000008020        0x0
                0x0000000000008020                PROVIDE (__ram_exceptions_start, ABSOLUTE (.))
                0x0000000000008020                . = ALIGN (0x20)
 *(.irq)
 *(.exceptions.entry.label)
 *(.exceptions.entry.user)
 *(.exceptions.entry.ecc_fatal)
 *(.exceptions.entry)
 *(.exceptions.irqtest.user)
 *(.exceptions.irqtest)
 *(.exceptions.irqhandler.user)
 *(.exceptions.irqhandler)
 *(.exceptions.irqreturn.user)
 *(.exceptions.irqreturn)
 *(.exceptions.notirq.label)
 *(.exceptions.notirq.user)
 *(.exceptions.notirq)
 *(.exceptions.soft.user)
 *(.exceptions.soft)
 *(.exceptions.unknown.user)
 *(.exceptions.unknown)
 *(.exceptions.exit.label)
 *(.exceptions.exit.user)
 *(.exceptions.exit)
 *(.exceptions)
                0x0000000000008020                PROVIDE (__ram_exceptions_end, ABSOLUTE (.))
                0x0000000000008020                PROVIDE (__flash_exceptions_start, LOADADDR (.exceptions))

.text           0x0000000000008020     0x17c4
                [!provide]                        PROVIDE (stext, ABSOLUTE (.))
 *(.interp)
 *(.hash)
 *(.dynsym)
 *(.dynstr)
 *(.gnu.version)
 *(.gnu.version_d)
 *(.gnu.version_r)
 *(.rel.init)
 *(.rela.init)
 *(.rel.text .rel.text.* .rel.gnu.linkonce.t.*)
 *(.rela.text .rela.text.* .rela.gnu.linkonce.t.*)
 *(.rel.fini)
 *(.rela.fini)
 *(.rel.rodata .rel.rodata.* .rel.gnu.linkonce.r.*)
 *(.rela.rodata .rela.rodata.* .rela.gnu.linkonce.r.*)
 *(.rel.data .rel.data.* .rel.gnu.linkonce.d.*)
 *(.rela.data .rela.data.* .rela.gnu.linkonce.d.*)
 *(.rel.tdata .rel.tdata.* .rel.gnu.linkonce.td.*)
 *(.rela.tdata .rela.tdata.* .rela.gnu.linkonce.td.*)
 *(.rel.tbss .rel.tbss.* .rel.gnu.linkonce.tb.*)
 *(.rela.tbss .rela.tbss.* .rela.gnu.linkonce.tb.*)
 *(.rel.ctors)
 *(.rela.ctors)
 *(.rel.dtors)
 *(.rela.dtors)
 *(.rel.got)
 *(.rela.got)
 *(.rel.sdata .rel.sdata.* .rel.gnu.linkonce.s.*)
 *(.rela.sdata .rela.sdata.* .rela.gnu.linkonce.s.*)
 *(.rel.sbss .rel.sbss.* .rel.gnu.linkonce.sb.*)
 *(.rela.sbss .rela.sbss.* .rela.gnu.linkonce.sb.*)
 *(.rel.sdata2 .rel.sdata2.* .rel.gnu.linkonce.s2.*)
 *(.rela.sdata2 .rela.sdata2.* .rela.gnu.linkonce.s2.*)
 *(.rel.sbss2 .rel.sbss2.* .rel.gnu.linkonce.sb2.*)
 *(.rela.sbss2 .rela.sbss2.* .rela.gnu.linkonce.sb2.*)
 *(.rel.bss .rel.bss.* .rel.gnu.linkonce.b.*)
 *(.rela.bss .rela.bss.* .rela.gnu.linkonce.b.*)
 *(.rel.plt)
 *(.rela.plt)
 *(.rel.dyn)
 *(.init)
 *(.plt)
 *(.text .stub .text.* .gnu.linkonce.t.*)
 .text          0x0000000000008020       0x4c ../mm_test_bsp//obj/HAL/src/crt0.o
                0x0000000000008020                _start
 .text          0x000000000000806c       0x78 obj/default/hello_world.o
                0x000000000000806c                main
 .text          0x00000000000080e4        0x0 c:/intelfpga_lite/17.1/nios2eds/bin/gnu/h-x86_64-mingw32/bin/../lib/gcc/nios2-elf/5.3.0/../../../../../H-x86_64-mingw32/nios2-elf/lib\libsmallc.a(lib_a-puts.o)
 .text._puts_r  0x00000000000080e4       0x80 c:/intelfpga_lite/17.1/nios2eds/bin/gnu/h-x86_64-mingw32/bin/../lib/gcc/nios2-elf/5.3.0/../../../../../H-x86_64-mingw32/nios2-elf/lib\libsmallc.a(lib_a-puts.o)
                0x00000000000080e4                _puts_r
 .text.puts     0x0000000000008164       0x14 c:/intelfpga_lite/17.1/nios2eds/bin/gnu/h-x86_64-mingw32/bin/../lib/gcc/nios2-elf/5.3.0/../../../../../H-x86_64-mingw32/nios2-elf/lib\libsmallc.a(lib_a-puts.o)
                0x0000000000008164                puts
 .text          0x0000000000008178        0x0 c:/intelfpga_lite/17.1/nios2eds/bin/gnu/h-x86_64-mingw32/bin/../lib/gcc/nios2-elf/5.3.0/../../../../../H-x86_64-mingw32/nios2-elf/lib\libsmallc.a(lib_a-strlen.o)
 .text.strlen   0x0000000000008178       0x1c c:/intelfpga_lite/17.1/nios2eds/bin/gnu/h-x86_64-mingw32/bin/../lib/gcc/nios2-elf/5.3.0/../../../../../H-x86_64-mingw32/nios2-elf/lib\libsmallc.a(lib_a-strlen.o)
                0x0000000000008178                strlen
 .text          0x0000000000008194        0x0 c:/intelfpga_lite/17.1/nios2eds/bin/gnu/h-x86_64-mingw32/bin/../lib/gcc/nios2-elf/5.3.0/../../../../../H-x86_64-mingw32/nios2-elf/lib\libsmallc.a(lib_a-fvwrite_small_dev.o)
 .text.__sfvwrite_small_dev
                0x0000000000008194       0xb8 c:/intelfpga_lite/17.1/nios2eds/bin/gnu/h-x86_64-mingw32/bin/../lib/gcc/nios2-elf/5.3.0/../../../../../H-x86_64-mingw32/nios2-elf/lib\libsmallc.a(lib_a-fvwrite_small_dev.o)
                0x0000000000008194                __sfvwrite_small_dev
 .text          0x000000000000824c        0x0 c:/intelfpga_lite/17.1/nios2eds/bin/gnu/h-x86_64-mingw32/bin/../lib/gcc/nios2-elf/5.3.0/../../../../../H-x86_64-mingw32/nios2-elf/lib\libsmallc.a(lib_a-impure.o)
 .text          0x000000000000824c        0x0 c:/intelfpga_lite/17.1/nios2eds/bin/gnu/h-x86_64-mingw32/bin/../lib/gcc/nios2-elf/5.3.0/../../../../../H-x86_64-mingw32/nios2-elf/lib\libsmallc.a(lib_a-writer.o)
 .text._write_r
                0x000000000000824c       0x58 c:/intelfpga_lite/17.1/nios2eds/bin/gnu/h-x86_64-mingw32/bin/../lib/gcc/nios2-elf/5.3.0/../../../../../H-x86_64-mingw32/nios2-elf/lib\libsmallc.a(lib_a-writer.o)
                0x000000000000824c                _write_r
 .text          0x00000000000082a4        0x0 c:/intelfpga_lite/17.1/nios2eds/bin/gnu/h-x86_64-mingw32/bin/../lib/gcc/nios2-elf/5.3.0/../../../../../H-x86_64-mingw32/nios2-elf/lib\libsmallc.a(lib_a-int_errno.o)
 .text          0x00000000000082a4       0xec ../mm_test_bsp/\libhal_bsp.a(alt_load.o)
                0x000000000000830c                alt_load
 .text          0x0000000000008390       0x7c ../mm_test_bsp/\libhal_bsp.a(alt_main.o)
                0x0000000000008390                alt_main
 .text          0x000000000000840c      0x134 ../mm_test_bsp/\libhal_bsp.a(alt_write.o)
                0x0000000000008448                write
 .text          0x0000000000008540       0xac ../mm_test_bsp/\libhal_bsp.a(alt_sys_init.o)
                0x0000000000008574                alt_irq_init
                0x00000000000085ac                alt_sys_init
 .text          0x00000000000085ec       0xc0 ../mm_test_bsp/\libhal_bsp.a(altera_avalon_jtag_uart_fd.o)
                0x00000000000085ec                altera_avalon_jtag_uart_read_fd
                0x000000000000864c                altera_avalon_jtag_uart_write_fd
 .text          0x00000000000086ac       0xec ../mm_test_bsp/\libhal_bsp.a(altera_avalon_jtag_uart_read.o)
                0x00000000000086ac                altera_avalon_jtag_uart_read
 .text          0x0000000000008798       0x94 ../mm_test_bsp/\libhal_bsp.a(altera_avalon_jtag_uart_write.o)
                0x0000000000008798                altera_avalon_jtag_uart_write
 .text          0x000000000000882c      0x1fc ../mm_test_bsp/\libhal_bsp.a(altera_avalon_spi.o)
                0x000000000000882c                alt_avalon_spi_command
 .text          0x0000000000008a28      0x10c ../mm_test_bsp/\libhal_bsp.a(alt_close.o)
                0x0000000000008a64                close
 .text          0x0000000000008b34       0x48 ../mm_test_bsp/\libhal_bsp.a(alt_dcache_flush_all.o)
                0x0000000000008b34                alt_dcache_flush_all
 .text          0x0000000000008b7c       0x2c ../mm_test_bsp/\libhal_bsp.a(alt_dev.o)
 .text          0x0000000000008ba8       0xe0 ../mm_test_bsp/\libhal_bsp.a(alt_dev_llist_insert.o)
                0x0000000000008be4                alt_dev_llist_insert
 .text          0x0000000000008c88       0x60 ../mm_test_bsp/\libhal_bsp.a(alt_do_ctors.o)
                0x0000000000008c88                _do_ctors
 .text          0x0000000000008ce8       0x60 ../mm_test_bsp/\libhal_bsp.a(alt_do_dtors.o)
                0x0000000000008ce8                _do_dtors
 .text          0x0000000000008d48        0x0 ../mm_test_bsp/\libhal_bsp.a(alt_errno.o)
 .text          0x0000000000008d48       0x34 ../mm_test_bsp/\libhal_bsp.a(alt_icache_flush_all.o)
                0x0000000000008d48                alt_icache_flush_all
 .text          0x0000000000008d7c      0x140 ../mm_test_bsp/\libhal_bsp.a(alt_io_redirect.o)
                0x0000000000008e40                alt_io_redirect
 .text          0x0000000000008ebc      0x254 ../mm_test_bsp/\libhal_bsp.a(alt_open.o)
                0x0000000000008fbc                open
 .text          0x0000000000009110       0x64 ../mm_test_bsp/\libhal_bsp.a(alt_release_fd.o)
                0x0000000000009110                alt_release_fd
 .text          0x0000000000009174       0x24 ../mm_test_bsp/\libhal_bsp.a(altera_nios2_gen2_irq.o)
                0x0000000000009174                altera_nios2_gen2_irq_init
 .text          0x0000000000009198       0x90 ../mm_test_bsp/\libhal_bsp.a(alt_find_dev.o)
                0x0000000000009198                alt_find_dev
 .text          0x0000000000009228      0x108 ../mm_test_bsp/\libhal_bsp.a(alt_find_file.o)
                0x0000000000009228                alt_find_file
 .text          0x0000000000009330       0xa4 ../mm_test_bsp/\libhal_bsp.a(alt_get_fd.o)
                0x0000000000009330                alt_get_fd
 .text          0x00000000000093d4       0x90 ../mm_test_bsp/\libhal_bsp.a(alt_icache_flush.o)
                0x00000000000093d4                alt_icache_flush
 .text          0x0000000000009464        0x0 c:/intelfpga_lite/17.1/nios2eds/bin/gnu/h-x86_64-mingw32/bin/../lib/gcc/nios2-elf/5.3.0/../../../../../H-x86_64-mingw32/nios2-elf/lib\libsmallc.a(lib_a-atexit.o)
 .text.atexit   0x0000000000009464       0x14 c:/intelfpga_lite/17.1/nios2eds/bin/gnu/h-x86_64-mingw32/bin/../lib/gcc/nios2-elf/5.3.0/../../../../../H-x86_64-mingw32/nios2-elf/lib\libsmallc.a(lib_a-atexit.o)
                0x0000000000009464                atexit
 .text          0x0000000000009478        0x0 c:/intelfpga_lite/17.1/nios2eds/bin/gnu/h-x86_64-mingw32/bin/../lib/gcc/nios2-elf/5.3.0/../../../../../H-x86_64-mingw32/nios2-elf/lib\libsmallc.a(lib_a-exit.o)
 .text.exit     0x0000000000009478       0x20 c:/intelfpga_lite/17.1/nios2eds/bin/gnu/h-x86_64-mingw32/bin/../lib/gcc/nios2-elf/5.3.0/../../../../../H-x86_64-mingw32/nios2-elf/lib\libsmallc.a(lib_a-exit.o)
                0x0000000000009478                exit
 .text          0x0000000000009498        0x0 c:/intelfpga_lite/17.1/nios2eds/bin/gnu/h-x86_64-mingw32/bin/../lib/gcc/nios2-elf/5.3.0/../../../../../H-x86_64-mingw32/nios2-elf/lib\libsmallc.a(lib_a-memcmp.o)
 .text.memcmp   0x0000000000009498       0x30 c:/intelfpga_lite/17.1/nios2eds/bin/gnu/h-x86_64-mingw32/bin/../lib/gcc/nios2-elf/5.3.0/../../../../../H-x86_64-mingw32/nios2-elf/lib\libsmallc.a(lib_a-memcmp.o)
                0x0000000000009498                memcmp
 .text          0x00000000000094c8        0x0 c:/intelfpga_lite/17.1/nios2eds/bin/gnu/h-x86_64-mingw32/bin/../lib/gcc/nios2-elf/5.3.0/../../../../../H-x86_64-mingw32/nios2-elf/lib\libsmallc.a(lib_a-__atexit.o)
 .text.__register_exitproc
                0x00000000000094c8      0x158 c:/intelfpga_lite/17.1/nios2eds/bin/gnu/h-x86_64-mingw32/bin/../lib/gcc/nios2-elf/5.3.0/../../../../../H-x86_64-mingw32/nios2-elf/lib\libsmallc.a(lib_a-__atexit.o)
                0x00000000000094c8                __register_exitproc
 .text          0x0000000000009620        0x0 c:/intelfpga_lite/17.1/nios2eds/bin/gnu/h-x86_64-mingw32/bin/../lib/gcc/nios2-elf/5.3.0/../../../../../H-x86_64-mingw32/nios2-elf/lib\libsmallc.a(lib_a-__call_atexit.o)
 .text.__call_exitprocs
                0x0000000000009620      0x190 c:/intelfpga_lite/17.1/nios2eds/bin/gnu/h-x86_64-mingw32/bin/../lib/gcc/nios2-elf/5.3.0/../../../../../H-x86_64-mingw32/nios2-elf/lib\libsmallc.a(lib_a-__call_atexit.o)
                0x0000000000009620                __call_exitprocs
 .text          0x00000000000097b0       0x34 ../mm_test_bsp/\libhal_bsp.a(alt_exit.o)
                0x00000000000097b0                _exit
 *(.gnu.warning.*)
 *(.fini)
                [!provide]                        PROVIDE (__etext, ABSOLUTE (.))
                [!provide]                        PROVIDE (_etext, ABSOLUTE (.))
                [!provide]                        PROVIDE (etext, ABSOLUTE (.))
 *(.eh_frame_hdr)
                0x00000000000097e4                . = ALIGN (0x4)
                [!provide]                        PROVIDE (__preinit_array_start, ABSOLUTE (.))
 *(.preinit_array)
                [!provide]                        PROVIDE (__preinit_array_end, ABSOLUTE (.))
                [!provide]                        PROVIDE (__init_array_start, ABSOLUTE (.))
 *(.init_array)
                [!provide]                        PROVIDE (__init_array_end, ABSOLUTE (.))
                [!provide]                        PROVIDE (__fini_array_start, ABSOLUTE (.))
 *(.fini_array)
                [!provide]                        PROVIDE (__fini_array_end, ABSOLUTE (.))
 *(.eh_frame)
 *(.gcc_except_table .gcc_except_table.*)
 *(.dynamic)
                0x00000000000097e4                PROVIDE (__CTOR_LIST__, ABSOLUTE (.))
 *(.ctors)
 *(SORT(.ctors.*))
                0x00000000000097e4                PROVIDE (__CTOR_END__, ABSOLUTE (.))
                0x00000000000097e4                PROVIDE (__DTOR_LIST__, ABSOLUTE (.))
 *(.dtors)
 *(SORT(.dtors.*))
                0x00000000000097e4                PROVIDE (__DTOR_END__, ABSOLUTE (.))
 *(.jcr)
                0x00000000000097e4                . = ALIGN (0x4)

.rodata         0x00000000000097e4       0x44
                0x00000000000097e4                PROVIDE (__ram_rodata_start, ABSOLUTE (.))
                0x00000000000097e4                . = ALIGN (0x4)
 *(.rodata .rodata.* .gnu.linkonce.r.*)
 .rodata        0x00000000000097e4       0x14 obj/default/hello_world.o
 .rodata.str1.4
                0x00000000000097f8        0x4 c:/intelfpga_lite/17.1/nios2eds/bin/gnu/h-x86_64-mingw32/bin/../lib/gcc/nios2-elf/5.3.0/../../../../../H-x86_64-mingw32/nios2-elf/lib\libsmallc.a(lib_a-puts.o)
                                          0x2 (size before relaxing)
 .rodata        0x00000000000097fc        0xf ../mm_test_bsp/\libhal_bsp.a(alt_main.o)
 *fill*         0x000000000000980b        0x1 
 .rodata        0x000000000000980c        0xf ../mm_test_bsp/\libhal_bsp.a(alt_sys_init.o)
 *fill*         0x000000000000981b        0x1 
 .rodata        0x000000000000981c        0xa ../mm_test_bsp/\libhal_bsp.a(alt_dev.o)
 *(.rodata1)
                0x0000000000009828                . = ALIGN (0x4)
 *fill*         0x0000000000009826        0x2 
                0x0000000000009828                PROVIDE (__ram_rodata_end, ABSOLUTE (.))
                0x00000000000097e4                PROVIDE (__flash_rodata_start, LOADADDR (.rodata))

.rwdata         0x0000000000009828      0x2d4 load address 0x0000000000009afc
                0x0000000000009828                PROVIDE (__ram_rwdata_start, ABSOLUTE (.))
                0x0000000000009828                . = ALIGN (0x4)
 *(.got.plt)
 *(.got)
 *(.data1)
 *(.data .data.* .gnu.linkonce.d.*)
 .data          0x0000000000009828        0x0 ../mm_test_bsp//obj/HAL/src/crt0.o
 .data          0x0000000000009828        0x0 obj/default/hello_world.o
 .data          0x0000000000009828        0x0 c:/intelfpga_lite/17.1/nios2eds/bin/gnu/h-x86_64-mingw32/bin/../lib/gcc/nios2-elf/5.3.0/../../../../../H-x86_64-mingw32/nios2-elf/lib\libsmallc.a(lib_a-puts.o)
 .data          0x0000000000009828        0x0 c:/intelfpga_lite/17.1/nios2eds/bin/gnu/h-x86_64-mingw32/bin/../lib/gcc/nios2-elf/5.3.0/../../../../../H-x86_64-mingw32/nios2-elf/lib\libsmallc.a(lib_a-strlen.o)
 .data          0x0000000000009828        0x0 c:/intelfpga_lite/17.1/nios2eds/bin/gnu/h-x86_64-mingw32/bin/../lib/gcc/nios2-elf/5.3.0/../../../../../H-x86_64-mingw32/nios2-elf/lib\libsmallc.a(lib_a-fvwrite_small_dev.o)
 .data          0x0000000000009828        0x0 c:/intelfpga_lite/17.1/nios2eds/bin/gnu/h-x86_64-mingw32/bin/../lib/gcc/nios2-elf/5.3.0/../../../../../H-x86_64-mingw32/nios2-elf/lib\libsmallc.a(lib_a-impure.o)
 .data.impure_data
                0x0000000000009828       0xe0 c:/intelfpga_lite/17.1/nios2eds/bin/gnu/h-x86_64-mingw32/bin/../lib/gcc/nios2-elf/5.3.0/../../../../../H-x86_64-mingw32/nios2-elf/lib\libsmallc.a(lib_a-impure.o)
 .data          0x0000000000009908        0x0 c:/intelfpga_lite/17.1/nios2eds/bin/gnu/h-x86_64-mingw32/bin/../lib/gcc/nios2-elf/5.3.0/../../../../../H-x86_64-mingw32/nios2-elf/lib\libsmallc.a(lib_a-writer.o)
 .data          0x0000000000009908        0x0 c:/intelfpga_lite/17.1/nios2eds/bin/gnu/h-x86_64-mingw32/bin/../lib/gcc/nios2-elf/5.3.0/../../../../../H-x86_64-mingw32/nios2-elf/lib\libsmallc.a(lib_a-int_errno.o)
 .data          0x0000000000009908        0x0 ../mm_test_bsp/\libhal_bsp.a(alt_load.o)
 .data          0x0000000000009908        0x0 ../mm_test_bsp/\libhal_bsp.a(alt_main.o)
 .data          0x0000000000009908        0x0 ../mm_test_bsp/\libhal_bsp.a(alt_write.o)
 .data          0x0000000000009908       0x2c ../mm_test_bsp/\libhal_bsp.a(alt_sys_init.o)
 .data          0x0000000000009934        0x0 ../mm_test_bsp/\libhal_bsp.a(altera_avalon_jtag_uart_fd.o)
 .data          0x0000000000009934        0x0 ../mm_test_bsp/\libhal_bsp.a(altera_avalon_jtag_uart_read.o)
 .data          0x0000000000009934        0x0 ../mm_test_bsp/\libhal_bsp.a(altera_avalon_jtag_uart_write.o)
 .data          0x0000000000009934        0x0 ../mm_test_bsp/\libhal_bsp.a(altera_avalon_spi.o)
 .data          0x0000000000009934        0x0 ../mm_test_bsp/\libhal_bsp.a(alt_close.o)
 .data          0x0000000000009934        0x0 ../mm_test_bsp/\libhal_bsp.a(alt_dcache_flush_all.o)
 .data          0x0000000000009934      0x1a8 ../mm_test_bsp/\libhal_bsp.a(alt_dev.o)
                0x0000000000009934                alt_dev_null
                0x000000000000995c                alt_fd_list
 .data          0x0000000000009adc        0x0 ../mm_test_bsp/\libhal_bsp.a(alt_dev_llist_insert.o)
 .data          0x0000000000009adc        0x0 ../mm_test_bsp/\libhal_bsp.a(alt_do_ctors.o)
 .data          0x0000000000009adc        0x0 ../mm_test_bsp/\libhal_bsp.a(alt_do_dtors.o)
 .data          0x0000000000009adc        0x0 ../mm_test_bsp/\libhal_bsp.a(alt_errno.o)
 .data          0x0000000000009adc        0x0 ../mm_test_bsp/\libhal_bsp.a(alt_icache_flush_all.o)
 .data          0x0000000000009adc        0x0 ../mm_test_bsp/\libhal_bsp.a(alt_io_redirect.o)
 .data          0x0000000000009adc        0x0 ../mm_test_bsp/\libhal_bsp.a(alt_open.o)
 .data          0x0000000000009adc        0x0 ../mm_test_bsp/\libhal_bsp.a(alt_release_fd.o)
 .data          0x0000000000009adc        0x0 ../mm_test_bsp/\libhal_bsp.a(altera_nios2_gen2_irq.o)
 .data          0x0000000000009adc        0x0 ../mm_test_bsp/\libhal_bsp.a(alt_find_dev.o)
 .data          0x0000000000009adc        0x0 ../mm_test_bsp/\libhal_bsp.a(alt_find_file.o)
 .data          0x0000000000009adc        0x0 ../mm_test_bsp/\libhal_bsp.a(alt_get_fd.o)
 .data          0x0000000000009adc        0x0 ../mm_test_bsp/\libhal_bsp.a(alt_icache_flush.o)
 .data          0x0000000000009adc        0x0 c:/intelfpga_lite/17.1/nios2eds/bin/gnu/h-x86_64-mingw32/bin/../lib/gcc/nios2-elf/5.3.0/../../../../../H-x86_64-mingw32/nios2-elf/lib\libsmallc.a(lib_a-atexit.o)
 .data          0x0000000000009adc        0x0 c:/intelfpga_lite/17.1/nios2eds/bin/gnu/h-x86_64-mingw32/bin/../lib/gcc/nios2-elf/5.3.0/../../../../../H-x86_64-mingw32/nios2-elf/lib\libsmallc.a(lib_a-exit.o)
 .data          0x0000000000009adc        0x0 c:/intelfpga_lite/17.1/nios2eds/bin/gnu/h-x86_64-mingw32/bin/../lib/gcc/nios2-elf/5.3.0/../../../../../H-x86_64-mingw32/nios2-elf/lib\libsmallc.a(lib_a-memcmp.o)
 .data          0x0000000000009adc        0x0 c:/intelfpga_lite/17.1/nios2eds/bin/gnu/h-x86_64-mingw32/bin/../lib/gcc/nios2-elf/5.3.0/../../../../../H-x86_64-mingw32/nios2-elf/lib\libsmallc.a(lib_a-__atexit.o)
 .data          0x0000000000009adc        0x0 c:/intelfpga_lite/17.1/nios2eds/bin/gnu/h-x86_64-mingw32/bin/../lib/gcc/nios2-elf/5.3.0/../../../../../H-x86_64-mingw32/nios2-elf/lib\libsmallc.a(lib_a-__call_atexit.o)
 .data          0x0000000000009adc        0x0 ../mm_test_bsp/\libhal_bsp.a(alt_exit.o)
                0x0000000000011adc                _gp = ABSOLUTE ((. + 0x8000))
                [!provide]                        PROVIDE (gp, _gp)
 *(.rwdata .rwdata.*)
 *(.sdata .sdata.* .gnu.linkonce.s.*)
 .sdata._global_impure_ptr
                0x0000000000009adc        0x4 c:/intelfpga_lite/17.1/nios2eds/bin/gnu/h-x86_64-mingw32/bin/../lib/gcc/nios2-elf/5.3.0/../../../../../H-x86_64-mingw32/nios2-elf/lib\libsmallc.a(lib_a-impure.o)
                0x0000000000009adc                _global_impure_ptr
 .sdata._impure_ptr
                0x0000000000009ae0        0x4 c:/intelfpga_lite/17.1/nios2eds/bin/gnu/h-x86_64-mingw32/bin/../lib/gcc/nios2-elf/5.3.0/../../../../../H-x86_64-mingw32/nios2-elf/lib\libsmallc.a(lib_a-impure.o)
                0x0000000000009ae0                _impure_ptr
 .sdata         0x0000000000009ae4       0x14 ../mm_test_bsp/\libhal_bsp.a(alt_dev.o)
                0x0000000000009ae4                alt_fs_list
                0x0000000000009aec                alt_dev_list
                0x0000000000009af4                alt_max_fd
 .sdata         0x0000000000009af8        0x4 ../mm_test_bsp/\libhal_bsp.a(alt_errno.o)
                0x0000000000009af8                alt_errno
 *(.sdata2 .sdata2.* .gnu.linkonce.s2.*)
                0x0000000000009afc                . = ALIGN (0x4)
                0x0000000000009afc                _edata = ABSOLUTE (.)
                [!provide]                        PROVIDE (edata, ABSOLUTE (.))
                0x0000000000009afc                PROVIDE (__ram_rwdata_end, ABSOLUTE (.))
                0x0000000000009afc                PROVIDE (__flash_rwdata_start, LOADADDR (.rwdata))

.bss            0x0000000000009dd0       0x10
                0x0000000000009dd0                __bss_start = ABSOLUTE (.)
                [!provide]                        PROVIDE (__sbss_start, ABSOLUTE (.))
                [!provide]                        PROVIDE (___sbss_start, ABSOLUTE (.))
 *(.dynsbss)
 *(.sbss .sbss.* .gnu.linkonce.sb.*)
 .sbss          0x0000000000009dd0        0x4 c:/intelfpga_lite/17.1/nios2eds/bin/gnu/h-x86_64-mingw32/bin/../lib/gcc/nios2-elf/5.3.0/../../../../../H-x86_64-mingw32/nios2-elf/lib\libsmallc.a(lib_a-int_errno.o)
                0x0000000000009dd0                errno
 .sbss          0x0000000000009dd4        0xc ../mm_test_bsp/\libhal_bsp.a(alt_main.o)
                0x0000000000009dd4                alt_argc
                0x0000000000009dd8                alt_argv
                0x0000000000009ddc                alt_envp
 *(.sbss2 .sbss2.* .gnu.linkonce.sb2.*)
 *(.scommon)
                [!provide]                        PROVIDE (__sbss_end, ABSOLUTE (.))
                [!provide]                        PROVIDE (___sbss_end, ABSOLUTE (.))
 *(.dynbss)
 *(.bss .bss.* .gnu.linkonce.b.*)
 .bss           0x0000000000009de0        0x0 ../mm_test_bsp//obj/HAL/src/crt0.o
 .bss           0x0000000000009de0        0x0 obj/default/hello_world.o
 .bss           0x0000000000009de0        0x0 c:/intelfpga_lite/17.1/nios2eds/bin/gnu/h-x86_64-mingw32/bin/../lib/gcc/nios2-elf/5.3.0/../../../../../H-x86_64-mingw32/nios2-elf/lib\libsmallc.a(lib_a-puts.o)
 .bss           0x0000000000009de0        0x0 c:/intelfpga_lite/17.1/nios2eds/bin/gnu/h-x86_64-mingw32/bin/../lib/gcc/nios2-elf/5.3.0/../../../../../H-x86_64-mingw32/nios2-elf/lib\libsmallc.a(lib_a-strlen.o)
 .bss           0x0000000000009de0        0x0 c:/intelfpga_lite/17.1/nios2eds/bin/gnu/h-x86_64-mingw32/bin/../lib/gcc/nios2-elf/5.3.0/../../../../../H-x86_64-mingw32/nios2-elf/lib\libsmallc.a(lib_a-fvwrite_small_dev.o)
 .bss           0x0000000000009de0        0x0 c:/intelfpga_lite/17.1/nios2eds/bin/gnu/h-x86_64-mingw32/bin/../lib/gcc/nios2-elf/5.3.0/../../../../../H-x86_64-mingw32/nios2-elf/lib\libsmallc.a(lib_a-impure.o)
 .bss           0x0000000000009de0        0x0 c:/intelfpga_lite/17.1/nios2eds/bin/gnu/h-x86_64-mingw32/bin/../lib/gcc/nios2-elf/5.3.0/../../../../../H-x86_64-mingw32/nios2-elf/lib\libsmallc.a(lib_a-writer.o)
 .bss           0x0000000000009de0        0x0 c:/intelfpga_lite/17.1/nios2eds/bin/gnu/h-x86_64-mingw32/bin/../lib/gcc/nios2-elf/5.3.0/../../../../../H-x86_64-mingw32/nios2-elf/lib\libsmallc.a(lib_a-int_errno.o)
 .bss           0x0000000000009de0        0x0 ../mm_test_bsp/\libhal_bsp.a(alt_load.o)
 .bss           0x0000000000009de0        0x0 ../mm_test_bsp/\libhal_bsp.a(alt_main.o)
 .bss           0x0000000000009de0        0x0 ../mm_test_bsp/\libhal_bsp.a(alt_write.o)
 .bss           0x0000000000009de0        0x0 ../mm_test_bsp/\libhal_bsp.a(alt_sys_init.o)
 .bss           0x0000000000009de0        0x0 ../mm_test_bsp/\libhal_bsp.a(altera_avalon_jtag_uart_fd.o)
 .bss           0x0000000000009de0        0x0 ../mm_test_bsp/\libhal_bsp.a(altera_avalon_jtag_uart_read.o)
 .bss           0x0000000000009de0        0x0 ../mm_test_bsp/\libhal_bsp.a(altera_avalon_jtag_uart_write.o)
 .bss           0x0000000000009de0        0x0 ../mm_test_bsp/\libhal_bsp.a(altera_avalon_spi.o)
 .bss           0x0000000000009de0        0x0 ../mm_test_bsp/\libhal_bsp.a(alt_close.o)
 .bss           0x0000000000009de0        0x0 ../mm_test_bsp/\libhal_bsp.a(alt_dcache_flush_all.o)
 .bss           0x0000000000009de0        0x0 ../mm_test_bsp/\libhal_bsp.a(alt_dev.o)
 .bss           0x0000000000009de0        0x0 ../mm_test_bsp/\libhal_bsp.a(alt_dev_llist_insert.o)
 .bss           0x0000000000009de0        0x0 ../mm_test_bsp/\libhal_bsp.a(alt_do_ctors.o)
 .bss           0x0000000000009de0        0x0 ../mm_test_bsp/\libhal_bsp.a(alt_do_dtors.o)
 .bss           0x0000000000009de0        0x0 ../mm_test_bsp/\libhal_bsp.a(alt_errno.o)
 .bss           0x0000000000009de0        0x0 ../mm_test_bsp/\libhal_bsp.a(alt_icache_flush_all.o)
 .bss           0x0000000000009de0        0x0 ../mm_test_bsp/\libhal_bsp.a(alt_io_redirect.o)
 .bss           0x0000000000009de0        0x0 ../mm_test_bsp/\libhal_bsp.a(alt_open.o)
 .bss           0x0000000000009de0        0x0 ../mm_test_bsp/\libhal_bsp.a(alt_release_fd.o)
 .bss           0x0000000000009de0        0x0 ../mm_test_bsp/\libhal_bsp.a(altera_nios2_gen2_irq.o)
 .bss           0x0000000000009de0        0x0 ../mm_test_bsp/\libhal_bsp.a(alt_find_dev.o)
 .bss           0x0000000000009de0        0x0 ../mm_test_bsp/\libhal_bsp.a(alt_find_file.o)
 .bss           0x0000000000009de0        0x0 ../mm_test_bsp/\libhal_bsp.a(alt_get_fd.o)
 .bss           0x0000000000009de0        0x0 ../mm_test_bsp/\libhal_bsp.a(alt_icache_flush.o)
 .bss           0x0000000000009de0        0x0 c:/intelfpga_lite/17.1/nios2eds/bin/gnu/h-x86_64-mingw32/bin/../lib/gcc/nios2-elf/5.3.0/../../../../../H-x86_64-mingw32/nios2-elf/lib\libsmallc.a(lib_a-atexit.o)
 .bss           0x0000000000009de0        0x0 c:/intelfpga_lite/17.1/nios2eds/bin/gnu/h-x86_64-mingw32/bin/../lib/gcc/nios2-elf/5.3.0/../../../../../H-x86_64-mingw32/nios2-elf/lib\libsmallc.a(lib_a-exit.o)
 .bss           0x0000000000009de0        0x0 c:/intelfpga_lite/17.1/nios2eds/bin/gnu/h-x86_64-mingw32/bin/../lib/gcc/nios2-elf/5.3.0/../../../../../H-x86_64-mingw32/nios2-elf/lib\libsmallc.a(lib_a-memcmp.o)
 .bss           0x0000000000009de0        0x0 c:/intelfpga_lite/17.1/nios2eds/bin/gnu/h-x86_64-mingw32/bin/../lib/gcc/nios2-elf/5.3.0/../../../../../H-x86_64-mingw32/nios2-elf/lib\libsmallc.a(lib_a-__atexit.o)
 .bss           0x0000000000009de0        0x0 c:/intelfpga_lite/17.1/nios2eds/bin/gnu/h-x86_64-mingw32/bin/../lib/gcc/nios2-elf/5.3.0/../../../../../H-x86_64-mingw32/nios2-elf/lib\libsmallc.a(lib_a-__call_atexit.o)
 .bss           0x0000000000009de0        0x0 ../mm_test_bsp/\libhal_bsp.a(alt_exit.o)
 *(COMMON)
                0x0000000000009de0                . = ALIGN (0x4)
                0x0000000000009de0                __bss_end = ABSOLUTE (.)

.ram_onchip     0x0000000000009de0        0x0
                [!provide]                        PROVIDE (_alt_partition_ram_onchip_start, ABSOLUTE (.))
 *(.ram_onchip .ram_onchip. ram_onchip.*)
                0x0000000000009de0                . = ALIGN (0x4)
                [!provide]                        PROVIDE (_alt_partition_ram_onchip_end, ABSOLUTE (.))
                0x0000000000009de0                _end = ABSOLUTE (.)
                0x0000000000009de0                end = ABSOLUTE (.)
                0x0000000000009de0                __alt_stack_base = ABSOLUTE (.)
                [!provide]                        PROVIDE (_alt_partition_ram_onchip_load_addr, LOADADDR (.ram_onchip))

.stab
 *(.stab)

.stabstr
 *(.stabstr)

.stab.excl
 *(.stab.excl)

.stab.exclstr
 *(.stab.exclstr)

.stab.index
 *(.stab.index)

.stab.indexstr
 *(.stab.indexstr)

.comment        0x0000000000000000       0x23
 *(.comment)
 .comment       0x0000000000000000       0x23 obj/default/hello_world.o
                                         0x24 (size before relaxing)
 .comment       0x0000000000000023       0x24 c:/intelfpga_lite/17.1/nios2eds/bin/gnu/h-x86_64-mingw32/bin/../lib/gcc/nios2-elf/5.3.0/../../../../../H-x86_64-mingw32/nios2-elf/lib\libsmallc.a(lib_a-puts.o)
 .comment       0x0000000000000023       0x24 c:/intelfpga_lite/17.1/nios2eds/bin/gnu/h-x86_64-mingw32/bin/../lib/gcc/nios2-elf/5.3.0/../../../../../H-x86_64-mingw32/nios2-elf/lib\libsmallc.a(lib_a-strlen.o)
 .comment       0x0000000000000023       0x24 c:/intelfpga_lite/17.1/nios2eds/bin/gnu/h-x86_64-mingw32/bin/../lib/gcc/nios2-elf/5.3.0/../../../../../H-x86_64-mingw32/nios2-elf/lib\libsmallc.a(lib_a-fvwrite_small_dev.o)
 .comment       0x0000000000000023       0x24 c:/intelfpga_lite/17.1/nios2eds/bin/gnu/h-x86_64-mingw32/bin/../lib/gcc/nios2-elf/5.3.0/../../../../../H-x86_64-mingw32/nios2-elf/lib\libsmallc.a(lib_a-impure.o)
 .comment       0x0000000000000023       0x24 c:/intelfpga_lite/17.1/nios2eds/bin/gnu/h-x86_64-mingw32/bin/../lib/gcc/nios2-elf/5.3.0/../../../../../H-x86_64-mingw32/nios2-elf/lib\libsmallc.a(lib_a-writer.o)
 .comment       0x0000000000000023       0x24 c:/intelfpga_lite/17.1/nios2eds/bin/gnu/h-x86_64-mingw32/bin/../lib/gcc/nios2-elf/5.3.0/../../../../../H-x86_64-mingw32/nios2-elf/lib\libsmallc.a(lib_a-int_errno.o)
 .comment       0x0000000000000023       0x24 ../mm_test_bsp/\libhal_bsp.a(alt_load.o)
 .comment       0x0000000000000023       0x24 ../mm_test_bsp/\libhal_bsp.a(alt_main.o)
 .comment       0x0000000000000023       0x24 ../mm_test_bsp/\libhal_bsp.a(alt_write.o)
 .comment       0x0000000000000023       0x24 ../mm_test_bsp/\libhal_bsp.a(alt_sys_init.o)
 .comment       0x0000000000000023       0x24 ../mm_test_bsp/\libhal_bsp.a(altera_avalon_jtag_uart_fd.o)
 .comment       0x0000000000000023       0x24 ../mm_test_bsp/\libhal_bsp.a(altera_avalon_jtag_uart_read.o)
 .comment       0x0000000000000023       0x24 ../mm_test_bsp/\libhal_bsp.a(altera_avalon_jtag_uart_write.o)
 .comment       0x0000000000000023       0x24 ../mm_test_bsp/\libhal_bsp.a(altera_avalon_spi.o)
 .comment       0x0000000000000023       0x24 ../mm_test_bsp/\libhal_bsp.a(alt_close.o)
 .comment       0x0000000000000023       0x24 ../mm_test_bsp/\libhal_bsp.a(alt_dcache_flush_all.o)
 .comment       0x0000000000000023       0x24 ../mm_test_bsp/\libhal_bsp.a(alt_dev.o)
 .comment       0x0000000000000023       0x24 ../mm_test_bsp/\libhal_bsp.a(alt_dev_llist_insert.o)
 .comment       0x0000000000000023       0x24 ../mm_test_bsp/\libhal_bsp.a(alt_do_ctors.o)
 .comment       0x0000000000000023       0x24 ../mm_test_bsp/\libhal_bsp.a(alt_do_dtors.o)
 .comment       0x0000000000000023       0x24 ../mm_test_bsp/\libhal_bsp.a(alt_errno.o)
 .comment       0x0000000000000023       0x24 ../mm_test_bsp/\libhal_bsp.a(alt_icache_flush_all.o)
 .comment       0x0000000000000023       0x24 ../mm_test_bsp/\libhal_bsp.a(alt_io_redirect.o)
 .comment       0x0000000000000023       0x24 ../mm_test_bsp/\libhal_bsp.a(alt_open.o)
 .comment       0x0000000000000023       0x24 ../mm_test_bsp/\libhal_bsp.a(alt_release_fd.o)
 .comment       0x0000000000000023       0x24 ../mm_test_bsp/\libhal_bsp.a(altera_nios2_gen2_irq.o)
 .comment       0x0000000000000023       0x24 ../mm_test_bsp/\libhal_bsp.a(alt_find_dev.o)
 .comment       0x0000000000000023       0x24 ../mm_test_bsp/\libhal_bsp.a(alt_find_file.o)
 .comment       0x0000000000000023       0x24 ../mm_test_bsp/\libhal_bsp.a(alt_get_fd.o)
 .comment       0x0000000000000023       0x24 ../mm_test_bsp/\libhal_bsp.a(alt_icache_flush.o)
 .comment       0x0000000000000023       0x24 c:/intelfpga_lite/17.1/nios2eds/bin/gnu/h-x86_64-mingw32/bin/../lib/gcc/nios2-elf/5.3.0/../../../../../H-x86_64-mingw32/nios2-elf/lib\libsmallc.a(lib_a-atexit.o)
 .comment       0x0000000000000023       0x24 c:/intelfpga_lite/17.1/nios2eds/bin/gnu/h-x86_64-mingw32/bin/../lib/gcc/nios2-elf/5.3.0/../../../../../H-x86_64-mingw32/nios2-elf/lib\libsmallc.a(lib_a-exit.o)
 .comment       0x0000000000000023       0x24 c:/intelfpga_lite/17.1/nios2eds/bin/gnu/h-x86_64-mingw32/bin/../lib/gcc/nios2-elf/5.3.0/../../../../../H-x86_64-mingw32/nios2-elf/lib\libsmallc.a(lib_a-memcmp.o)
 .comment       0x0000000000000023       0x24 c:/intelfpga_lite/17.1/nios2eds/bin/gnu/h-x86_64-mingw32/bin/../lib/gcc/nios2-elf/5.3.0/../../../../../H-x86_64-mingw32/nios2-elf/lib\libsmallc.a(lib_a-__atexit.o)
 .comment       0x0000000000000023       0x24 c:/intelfpga_lite/17.1/nios2eds/bin/gnu/h-x86_64-mingw32/bin/../lib/gcc/nios2-elf/5.3.0/../../../../../H-x86_64-mingw32/nios2-elf/lib\libsmallc.a(lib_a-__call_atexit.o)
 .comment       0x0000000000000023       0x24 ../mm_test_bsp/\libhal_bsp.a(alt_exit.o)

.debug
 *(.debug)

.line
 *(.line)

.debug_srcinfo
 *(.debug_srcinfo)

.debug_sfnames
 *(.debug_sfnames)

.debug_aranges  0x0000000000000000      0x4b8
 *(.debug_aranges)
 .debug_aranges
                0x0000000000000000       0x28 ../mm_test_bsp//obj/HAL/src/crt0.o
 .debug_aranges
                0x0000000000000028       0x20 obj/default/hello_world.o
 .debug_aranges
                0x0000000000000048       0x28 c:/intelfpga_lite/17.1/nios2eds/bin/gnu/h-x86_64-mingw32/bin/../lib/gcc/nios2-elf/5.3.0/../../../../../H-x86_64-mingw32/nios2-elf/lib\libsmallc.a(lib_a-puts.o)
 .debug_aranges
                0x0000000000000070       0x20 c:/intelfpga_lite/17.1/nios2eds/bin/gnu/h-x86_64-mingw32/bin/../lib/gcc/nios2-elf/5.3.0/../../../../../H-x86_64-mingw32/nios2-elf/lib\libsmallc.a(lib_a-strlen.o)
 .debug_aranges
                0x0000000000000090       0x20 c:/intelfpga_lite/17.1/nios2eds/bin/gnu/h-x86_64-mingw32/bin/../lib/gcc/nios2-elf/5.3.0/../../../../../H-x86_64-mingw32/nios2-elf/lib\libsmallc.a(lib_a-fvwrite_small_dev.o)
 .debug_aranges
                0x00000000000000b0       0x18 c:/intelfpga_lite/17.1/nios2eds/bin/gnu/h-x86_64-mingw32/bin/../lib/gcc/nios2-elf/5.3.0/../../../../../H-x86_64-mingw32/nios2-elf/lib\libsmallc.a(lib_a-impure.o)
 .debug_aranges
                0x00000000000000c8       0x20 c:/intelfpga_lite/17.1/nios2eds/bin/gnu/h-x86_64-mingw32/bin/../lib/gcc/nios2-elf/5.3.0/../../../../../H-x86_64-mingw32/nios2-elf/lib\libsmallc.a(lib_a-writer.o)
 .debug_aranges
                0x00000000000000e8       0x18 c:/intelfpga_lite/17.1/nios2eds/bin/gnu/h-x86_64-mingw32/bin/../lib/gcc/nios2-elf/5.3.0/../../../../../H-x86_64-mingw32/nios2-elf/lib\libsmallc.a(lib_a-int_errno.o)
 .debug_aranges
                0x0000000000000100       0x20 ../mm_test_bsp/\libhal_bsp.a(alt_load.o)
 .debug_aranges
                0x0000000000000120       0x20 ../mm_test_bsp/\libhal_bsp.a(alt_main.o)
 .debug_aranges
                0x0000000000000140       0x20 ../mm_test_bsp/\libhal_bsp.a(alt_write.o)
 .debug_aranges
                0x0000000000000160       0x20 ../mm_test_bsp/\libhal_bsp.a(alt_sys_init.o)
 .debug_aranges
                0x0000000000000180       0x20 ../mm_test_bsp/\libhal_bsp.a(altera_avalon_jtag_uart_fd.o)
 .debug_aranges
                0x00000000000001a0       0x20 ../mm_test_bsp/\libhal_bsp.a(altera_avalon_jtag_uart_read.o)
 .debug_aranges
                0x00000000000001c0       0x20 ../mm_test_bsp/\libhal_bsp.a(altera_avalon_jtag_uart_write.o)
 .debug_aranges
                0x00000000000001e0       0x20 ../mm_test_bsp/\libhal_bsp.a(altera_avalon_spi.o)
 .debug_aranges
                0x0000000000000200       0x20 ../mm_test_bsp/\libhal_bsp.a(alt_close.o)
 .debug_aranges
                0x0000000000000220       0x20 ../mm_test_bsp/\libhal_bsp.a(alt_dcache_flush_all.o)
 .debug_aranges
                0x0000000000000240       0x20 ../mm_test_bsp/\libhal_bsp.a(alt_dev.o)
 .debug_aranges
                0x0000000000000260       0x20 ../mm_test_bsp/\libhal_bsp.a(alt_dev_llist_insert.o)
 .debug_aranges
                0x0000000000000280       0x20 ../mm_test_bsp/\libhal_bsp.a(alt_do_ctors.o)
 .debug_aranges
                0x00000000000002a0       0x20 ../mm_test_bsp/\libhal_bsp.a(alt_do_dtors.o)
 .debug_aranges
                0x00000000000002c0       0x18 ../mm_test_bsp/\libhal_bsp.a(alt_errno.o)
 .debug_aranges
                0x00000000000002d8       0x20 ../mm_test_bsp/\libhal_bsp.a(alt_icache_flush_all.o)
 .debug_aranges
                0x00000000000002f8       0x20 ../mm_test_bsp/\libhal_bsp.a(alt_io_redirect.o)
 .debug_aranges
                0x0000000000000318       0x20 ../mm_test_bsp/\libhal_bsp.a(alt_open.o)
 .debug_aranges
                0x0000000000000338       0x20 ../mm_test_bsp/\libhal_bsp.a(alt_release_fd.o)
 .debug_aranges
                0x0000000000000358       0x20 ../mm_test_bsp/\libhal_bsp.a(altera_nios2_gen2_irq.o)
 .debug_aranges
                0x0000000000000378       0x20 ../mm_test_bsp/\libhal_bsp.a(alt_find_dev.o)
 .debug_aranges
                0x0000000000000398       0x20 ../mm_test_bsp/\libhal_bsp.a(alt_find_file.o)
 .debug_aranges
                0x00000000000003b8       0x20 ../mm_test_bsp/\libhal_bsp.a(alt_get_fd.o)
 .debug_aranges
                0x00000000000003d8       0x20 ../mm_test_bsp/\libhal_bsp.a(alt_icache_flush.o)
 .debug_aranges
                0x00000000000003f8       0x20 c:/intelfpga_lite/17.1/nios2eds/bin/gnu/h-x86_64-mingw32/bin/../lib/gcc/nios2-elf/5.3.0/../../../../../H-x86_64-mingw32/nios2-elf/lib\libsmallc.a(lib_a-atexit.o)
 .debug_aranges
                0x0000000000000418       0x20 c:/intelfpga_lite/17.1/nios2eds/bin/gnu/h-x86_64-mingw32/bin/../lib/gcc/nios2-elf/5.3.0/../../../../../H-x86_64-mingw32/nios2-elf/lib\libsmallc.a(lib_a-exit.o)
 .debug_aranges
                0x0000000000000438       0x20 c:/intelfpga_lite/17.1/nios2eds/bin/gnu/h-x86_64-mingw32/bin/../lib/gcc/nios2-elf/5.3.0/../../../../../H-x86_64-mingw32/nios2-elf/lib\libsmallc.a(lib_a-memcmp.o)
 .debug_aranges
                0x0000000000000458       0x20 c:/intelfpga_lite/17.1/nios2eds/bin/gnu/h-x86_64-mingw32/bin/../lib/gcc/nios2-elf/5.3.0/../../../../../H-x86_64-mingw32/nios2-elf/lib\libsmallc.a(lib_a-__atexit.o)
 .debug_aranges
                0x0000000000000478       0x20 c:/intelfpga_lite/17.1/nios2eds/bin/gnu/h-x86_64-mingw32/bin/../lib/gcc/nios2-elf/5.3.0/../../../../../H-x86_64-mingw32/nios2-elf/lib\libsmallc.a(lib_a-__call_atexit.o)
 .debug_aranges
                0x0000000000000498       0x20 ../mm_test_bsp/\libhal_bsp.a(alt_exit.o)

.debug_pubnames
 *(.debug_pubnames)

.debug_info     0x0000000000000000     0x6104
 *(.debug_info .gnu.linkonce.wi.*)
 .debug_info    0x0000000000000000       0xb2 ../mm_test_bsp//obj/HAL/src/crt0.o
 .debug_info    0x00000000000000b2       0xd9 obj/default/hello_world.o
 .debug_info    0x000000000000018b      0x66d c:/intelfpga_lite/17.1/nios2eds/bin/gnu/h-x86_64-mingw32/bin/../lib/gcc/nios2-elf/5.3.0/../../../../../H-x86_64-mingw32/nios2-elf/lib\libsmallc.a(lib_a-puts.o)
 .debug_info    0x00000000000007f8       0xc9 c:/intelfpga_lite/17.1/nios2eds/bin/gnu/h-x86_64-mingw32/bin/../lib/gcc/nios2-elf/5.3.0/../../../../../H-x86_64-mingw32/nios2-elf/lib\libsmallc.a(lib_a-strlen.o)
 .debug_info    0x00000000000008c1      0x62b c:/intelfpga_lite/17.1/nios2eds/bin/gnu/h-x86_64-mingw32/bin/../lib/gcc/nios2-elf/5.3.0/../../../../../H-x86_64-mingw32/nios2-elf/lib\libsmallc.a(lib_a-fvwrite_small_dev.o)
 .debug_info    0x0000000000000eec      0x5a9 c:/intelfpga_lite/17.1/nios2eds/bin/gnu/h-x86_64-mingw32/bin/../lib/gcc/nios2-elf/5.3.0/../../../../../H-x86_64-mingw32/nios2-elf/lib\libsmallc.a(lib_a-impure.o)
 .debug_info    0x0000000000001495      0x630 c:/intelfpga_lite/17.1/nios2eds/bin/gnu/h-x86_64-mingw32/bin/../lib/gcc/nios2-elf/5.3.0/../../../../../H-x86_64-mingw32/nios2-elf/lib\libsmallc.a(lib_a-writer.o)
 .debug_info    0x0000000000001ac5       0x8a c:/intelfpga_lite/17.1/nios2eds/bin/gnu/h-x86_64-mingw32/bin/../lib/gcc/nios2-elf/5.3.0/../../../../../H-x86_64-mingw32/nios2-elf/lib\libsmallc.a(lib_a-int_errno.o)
 .debug_info    0x0000000000001b4f      0x145 ../mm_test_bsp/\libhal_bsp.a(alt_load.o)
 .debug_info    0x0000000000001c94      0x131 ../mm_test_bsp/\libhal_bsp.a(alt_main.o)
 .debug_info    0x0000000000001dc5      0x4b7 ../mm_test_bsp/\libhal_bsp.a(alt_write.o)
 .debug_info    0x000000000000227c      0x3df ../mm_test_bsp/\libhal_bsp.a(alt_sys_init.o)
 .debug_info    0x000000000000265b      0x3a7 ../mm_test_bsp/\libhal_bsp.a(altera_avalon_jtag_uart_fd.o)
 .debug_info    0x0000000000002a02      0x1b2 ../mm_test_bsp/\libhal_bsp.a(altera_avalon_jtag_uart_read.o)
 .debug_info    0x0000000000002bb4      0x195 ../mm_test_bsp/\libhal_bsp.a(altera_avalon_jtag_uart_write.o)
 .debug_info    0x0000000000002d49      0x18d ../mm_test_bsp/\libhal_bsp.a(altera_avalon_spi.o)
 .debug_info    0x0000000000002ed6      0x321 ../mm_test_bsp/\libhal_bsp.a(alt_close.o)
 .debug_info    0x00000000000031f7       0xa5 ../mm_test_bsp/\libhal_bsp.a(alt_dcache_flush_all.o)
 .debug_info    0x000000000000329c      0x49c ../mm_test_bsp/\libhal_bsp.a(alt_dev.o)
 .debug_info    0x0000000000003738      0x1a9 ../mm_test_bsp/\libhal_bsp.a(alt_dev_llist_insert.o)
 .debug_info    0x00000000000038e1       0x83 ../mm_test_bsp/\libhal_bsp.a(alt_do_ctors.o)
 .debug_info    0x0000000000003964       0x83 ../mm_test_bsp/\libhal_bsp.a(alt_do_dtors.o)
 .debug_info    0x00000000000039e7       0xa6 ../mm_test_bsp/\libhal_bsp.a(alt_errno.o)
 .debug_info    0x0000000000003a8d       0x92 ../mm_test_bsp/\libhal_bsp.a(alt_icache_flush_all.o)
 .debug_info    0x0000000000003b1f      0x4a5 ../mm_test_bsp/\libhal_bsp.a(alt_io_redirect.o)
 .debug_info    0x0000000000003fc4      0x3bb ../mm_test_bsp/\libhal_bsp.a(alt_open.o)
 .debug_info    0x000000000000437f      0x2b0 ../mm_test_bsp/\libhal_bsp.a(alt_release_fd.o)
 .debug_info    0x000000000000462f       0x92 ../mm_test_bsp/\libhal_bsp.a(altera_nios2_gen2_irq.o)
 .debug_info    0x00000000000046c1      0x2e9 ../mm_test_bsp/\libhal_bsp.a(alt_find_dev.o)
 .debug_info    0x00000000000049aa      0x2e6 ../mm_test_bsp/\libhal_bsp.a(alt_find_file.o)
 .debug_info    0x0000000000004c90      0x310 ../mm_test_bsp/\libhal_bsp.a(alt_get_fd.o)
 .debug_info    0x0000000000004fa0       0xdc ../mm_test_bsp/\libhal_bsp.a(alt_icache_flush.o)
 .debug_info    0x000000000000507c       0xfe c:/intelfpga_lite/17.1/nios2eds/bin/gnu/h-x86_64-mingw32/bin/../lib/gcc/nios2-elf/5.3.0/../../../../../H-x86_64-mingw32/nios2-elf/lib\libsmallc.a(lib_a-atexit.o)
 .debug_info    0x000000000000517a       0xe5 c:/intelfpga_lite/17.1/nios2eds/bin/gnu/h-x86_64-mingw32/bin/../lib/gcc/nios2-elf/5.3.0/../../../../../H-x86_64-mingw32/nios2-elf/lib\libsmallc.a(lib_a-exit.o)
 .debug_info    0x000000000000525f       0xf4 c:/intelfpga_lite/17.1/nios2eds/bin/gnu/h-x86_64-mingw32/bin/../lib/gcc/nios2-elf/5.3.0/../../../../../H-x86_64-mingw32/nios2-elf/lib\libsmallc.a(lib_a-memcmp.o)
 .debug_info    0x0000000000005353      0x64a c:/intelfpga_lite/17.1/nios2eds/bin/gnu/h-x86_64-mingw32/bin/../lib/gcc/nios2-elf/5.3.0/../../../../../H-x86_64-mingw32/nios2-elf/lib\libsmallc.a(lib_a-__atexit.o)
 .debug_info    0x000000000000599d      0x67b c:/intelfpga_lite/17.1/nios2eds/bin/gnu/h-x86_64-mingw32/bin/../lib/gcc/nios2-elf/5.3.0/../../../../../H-x86_64-mingw32/nios2-elf/lib\libsmallc.a(lib_a-__call_atexit.o)
 .debug_info    0x0000000000006018       0xec ../mm_test_bsp/\libhal_bsp.a(alt_exit.o)

.debug_abbrev   0x0000000000000000     0x20ea
 *(.debug_abbrev)
 .debug_abbrev  0x0000000000000000       0x12 ../mm_test_bsp//obj/HAL/src/crt0.o
 .debug_abbrev  0x0000000000000012       0x70 obj/default/hello_world.o
 .debug_abbrev  0x0000000000000082      0x1d6 c:/intelfpga_lite/17.1/nios2eds/bin/gnu/h-x86_64-mingw32/bin/../lib/gcc/nios2-elf/5.3.0/../../../../../H-x86_64-mingw32/nios2-elf/lib\libsmallc.a(lib_a-puts.o)
 .debug_abbrev  0x0000000000000258       0x7f c:/intelfpga_lite/17.1/nios2eds/bin/gnu/h-x86_64-mingw32/bin/../lib/gcc/nios2-elf/5.3.0/../../../../../H-x86_64-mingw32/nios2-elf/lib\libsmallc.a(lib_a-strlen.o)
 .debug_abbrev  0x00000000000002d7      0x1bc c:/intelfpga_lite/17.1/nios2eds/bin/gnu/h-x86_64-mingw32/bin/../lib/gcc/nios2-elf/5.3.0/../../../../../H-x86_64-mingw32/nios2-elf/lib\libsmallc.a(lib_a-fvwrite_small_dev.o)
 .debug_abbrev  0x0000000000000493      0x14a c:/intelfpga_lite/17.1/nios2eds/bin/gnu/h-x86_64-mingw32/bin/../lib/gcc/nios2-elf/5.3.0/../../../../../H-x86_64-mingw32/nios2-elf/lib\libsmallc.a(lib_a-impure.o)
 .debug_abbrev  0x00000000000005dd      0x1a6 c:/intelfpga_lite/17.1/nios2eds/bin/gnu/h-x86_64-mingw32/bin/../lib/gcc/nios2-elf/5.3.0/../../../../../H-x86_64-mingw32/nios2-elf/lib\libsmallc.a(lib_a-writer.o)
 .debug_abbrev  0x0000000000000783       0x37 c:/intelfpga_lite/17.1/nios2eds/bin/gnu/h-x86_64-mingw32/bin/../lib/gcc/nios2-elf/5.3.0/../../../../../H-x86_64-mingw32/nios2-elf/lib\libsmallc.a(lib_a-int_errno.o)
 .debug_abbrev  0x00000000000007ba       0x9f ../mm_test_bsp/\libhal_bsp.a(alt_load.o)
 .debug_abbrev  0x0000000000000859       0xba ../mm_test_bsp/\libhal_bsp.a(alt_main.o)
 .debug_abbrev  0x0000000000000913      0x133 ../mm_test_bsp/\libhal_bsp.a(alt_write.o)
 .debug_abbrev  0x0000000000000a46      0x157 ../mm_test_bsp/\libhal_bsp.a(alt_sys_init.o)
 .debug_abbrev  0x0000000000000b9d       0xf7 ../mm_test_bsp/\libhal_bsp.a(altera_avalon_jtag_uart_fd.o)
 .debug_abbrev  0x0000000000000c94       0xd5 ../mm_test_bsp/\libhal_bsp.a(altera_avalon_jtag_uart_read.o)
 .debug_abbrev  0x0000000000000d69       0xd5 ../mm_test_bsp/\libhal_bsp.a(altera_avalon_jtag_uart_write.o)
 .debug_abbrev  0x0000000000000e3e       0x8a ../mm_test_bsp/\libhal_bsp.a(altera_avalon_spi.o)
 .debug_abbrev  0x0000000000000ec8      0x11f ../mm_test_bsp/\libhal_bsp.a(alt_close.o)
 .debug_abbrev  0x0000000000000fe7       0x5a ../mm_test_bsp/\libhal_bsp.a(alt_dcache_flush_all.o)
 .debug_abbrev  0x0000000000001041       0xd9 ../mm_test_bsp/\libhal_bsp.a(alt_dev.o)
 .debug_abbrev  0x000000000000111a      0x114 ../mm_test_bsp/\libhal_bsp.a(alt_dev_llist_insert.o)
 .debug_abbrev  0x000000000000122e       0x79 ../mm_test_bsp/\libhal_bsp.a(alt_do_ctors.o)
 .debug_abbrev  0x00000000000012a7       0x79 ../mm_test_bsp/\libhal_bsp.a(alt_do_dtors.o)
 .debug_abbrev  0x0000000000001320       0x5a ../mm_test_bsp/\libhal_bsp.a(alt_errno.o)
 .debug_abbrev  0x000000000000137a       0x42 ../mm_test_bsp/\libhal_bsp.a(alt_icache_flush_all.o)
 .debug_abbrev  0x00000000000013bc      0x114 ../mm_test_bsp/\libhal_bsp.a(alt_io_redirect.o)
 .debug_abbrev  0x00000000000014d0      0x148 ../mm_test_bsp/\libhal_bsp.a(alt_open.o)
 .debug_abbrev  0x0000000000001618       0xde ../mm_test_bsp/\libhal_bsp.a(alt_release_fd.o)
 .debug_abbrev  0x00000000000016f6       0x42 ../mm_test_bsp/\libhal_bsp.a(altera_nios2_gen2_irq.o)
 .debug_abbrev  0x0000000000001738       0xf0 ../mm_test_bsp/\libhal_bsp.a(alt_find_dev.o)
 .debug_abbrev  0x0000000000001828       0xf0 ../mm_test_bsp/\libhal_bsp.a(alt_find_file.o)
 .debug_abbrev  0x0000000000001918      0x10d ../mm_test_bsp/\libhal_bsp.a(alt_get_fd.o)
 .debug_abbrev  0x0000000000001a25       0x8c ../mm_test_bsp/\libhal_bsp.a(alt_icache_flush.o)
 .debug_abbrev  0x0000000000001ab1       0xaa c:/intelfpga_lite/17.1/nios2eds/bin/gnu/h-x86_64-mingw32/bin/../lib/gcc/nios2-elf/5.3.0/../../../../../H-x86_64-mingw32/nios2-elf/lib\libsmallc.a(lib_a-atexit.o)
 .debug_abbrev  0x0000000000001b5b       0x8b c:/intelfpga_lite/17.1/nios2eds/bin/gnu/h-x86_64-mingw32/bin/../lib/gcc/nios2-elf/5.3.0/../../../../../H-x86_64-mingw32/nios2-elf/lib\libsmallc.a(lib_a-exit.o)
 .debug_abbrev  0x0000000000001be6       0x7f c:/intelfpga_lite/17.1/nios2eds/bin/gnu/h-x86_64-mingw32/bin/../lib/gcc/nios2-elf/5.3.0/../../../../../H-x86_64-mingw32/nios2-elf/lib\libsmallc.a(lib_a-memcmp.o)
 .debug_abbrev  0x0000000000001c65      0x1e6 c:/intelfpga_lite/17.1/nios2eds/bin/gnu/h-x86_64-mingw32/bin/../lib/gcc/nios2-elf/5.3.0/../../../../../H-x86_64-mingw32/nios2-elf/lib\libsmallc.a(lib_a-__atexit.o)
 .debug_abbrev  0x0000000000001e4b      0x1f6 c:/intelfpga_lite/17.1/nios2eds/bin/gnu/h-x86_64-mingw32/bin/../lib/gcc/nios2-elf/5.3.0/../../../../../H-x86_64-mingw32/nios2-elf/lib\libsmallc.a(lib_a-__call_atexit.o)
 .debug_abbrev  0x0000000000002041       0xa9 ../mm_test_bsp/\libhal_bsp.a(alt_exit.o)

.debug_line     0x0000000000000000     0x25b7
 *(.debug_line)
 .debug_line    0x0000000000000000       0x72 ../mm_test_bsp//obj/HAL/src/crt0.o
 .debug_line    0x0000000000000072      0x104 obj/default/hello_world.o
 .debug_line    0x0000000000000176      0x203 c:/intelfpga_lite/17.1/nios2eds/bin/gnu/h-x86_64-mingw32/bin/../lib/gcc/nios2-elf/5.3.0/../../../../../H-x86_64-mingw32/nios2-elf/lib\libsmallc.a(lib_a-puts.o)
 .debug_line    0x0000000000000379      0x159 c:/intelfpga_lite/17.1/nios2eds/bin/gnu/h-x86_64-mingw32/bin/../lib/gcc/nios2-elf/5.3.0/../../../../../H-x86_64-mingw32/nios2-elf/lib\libsmallc.a(lib_a-strlen.o)
 .debug_line    0x00000000000004d2      0x1ed c:/intelfpga_lite/17.1/nios2eds/bin/gnu/h-x86_64-mingw32/bin/../lib/gcc/nios2-elf/5.3.0/../../../../../H-x86_64-mingw32/nios2-elf/lib\libsmallc.a(lib_a-fvwrite_small_dev.o)
 .debug_line    0x00000000000006bf      0x153 c:/intelfpga_lite/17.1/nios2eds/bin/gnu/h-x86_64-mingw32/bin/../lib/gcc/nios2-elf/5.3.0/../../../../../H-x86_64-mingw32/nios2-elf/lib\libsmallc.a(lib_a-impure.o)
 .debug_line    0x0000000000000812      0x1ea c:/intelfpga_lite/17.1/nios2eds/bin/gnu/h-x86_64-mingw32/bin/../lib/gcc/nios2-elf/5.3.0/../../../../../H-x86_64-mingw32/nios2-elf/lib\libsmallc.a(lib_a-writer.o)
 .debug_line    0x00000000000009fc       0x5c c:/intelfpga_lite/17.1/nios2eds/bin/gnu/h-x86_64-mingw32/bin/../lib/gcc/nios2-elf/5.3.0/../../../../../H-x86_64-mingw32/nios2-elf/lib\libsmallc.a(lib_a-int_errno.o)
 .debug_line    0x0000000000000a58       0x8e ../mm_test_bsp/\libhal_bsp.a(alt_load.o)
 .debug_line    0x0000000000000ae6       0xa4 ../mm_test_bsp/\libhal_bsp.a(alt_main.o)
 .debug_line    0x0000000000000b8a      0x1db ../mm_test_bsp/\libhal_bsp.a(alt_write.o)
 .debug_line    0x0000000000000d65      0x142 ../mm_test_bsp/\libhal_bsp.a(alt_sys_init.o)
 .debug_line    0x0000000000000ea7      0x112 ../mm_test_bsp/\libhal_bsp.a(altera_avalon_jtag_uart_fd.o)
 .debug_line    0x0000000000000fb9       0xfd ../mm_test_bsp/\libhal_bsp.a(altera_avalon_jtag_uart_read.o)
 .debug_line    0x00000000000010b6       0xf4 ../mm_test_bsp/\libhal_bsp.a(altera_avalon_jtag_uart_write.o)
 .debug_line    0x00000000000011aa       0xb7 ../mm_test_bsp/\libhal_bsp.a(altera_avalon_spi.o)
 .debug_line    0x0000000000001261      0x165 ../mm_test_bsp/\libhal_bsp.a(alt_close.o)
 .debug_line    0x00000000000013c6       0x61 ../mm_test_bsp/\libhal_bsp.a(alt_dcache_flush_all.o)
 .debug_line    0x0000000000001427       0xf8 ../mm_test_bsp/\libhal_bsp.a(alt_dev.o)
 .debug_line    0x000000000000151f       0xcf ../mm_test_bsp/\libhal_bsp.a(alt_dev_llist_insert.o)
 .debug_line    0x00000000000015ee       0x59 ../mm_test_bsp/\libhal_bsp.a(alt_do_ctors.o)
 .debug_line    0x0000000000001647       0x59 ../mm_test_bsp/\libhal_bsp.a(alt_do_dtors.o)
 .debug_line    0x00000000000016a0       0x51 ../mm_test_bsp/\libhal_bsp.a(alt_errno.o)
 .debug_line    0x00000000000016f1       0x50 ../mm_test_bsp/\libhal_bsp.a(alt_icache_flush_all.o)
 .debug_line    0x0000000000001741      0x133 ../mm_test_bsp/\libhal_bsp.a(alt_io_redirect.o)
 .debug_line    0x0000000000001874      0x128 ../mm_test_bsp/\libhal_bsp.a(alt_open.o)
 .debug_line    0x000000000000199c       0xae ../mm_test_bsp/\libhal_bsp.a(alt_release_fd.o)
 .debug_line    0x0000000000001a4a       0x51 ../mm_test_bsp/\libhal_bsp.a(altera_nios2_gen2_irq.o)
 .debug_line    0x0000000000001a9b       0xb5 ../mm_test_bsp/\libhal_bsp.a(alt_find_dev.o)
 .debug_line    0x0000000000001b50       0xd1 ../mm_test_bsp/\libhal_bsp.a(alt_find_file.o)
 .debug_line    0x0000000000001c21       0xd4 ../mm_test_bsp/\libhal_bsp.a(alt_get_fd.o)
 .debug_line    0x0000000000001cf5       0x81 ../mm_test_bsp/\libhal_bsp.a(alt_icache_flush.o)
 .debug_line    0x0000000000001d76       0xe4 c:/intelfpga_lite/17.1/nios2eds/bin/gnu/h-x86_64-mingw32/bin/../lib/gcc/nios2-elf/5.3.0/../../../../../H-x86_64-mingw32/nios2-elf/lib\libsmallc.a(lib_a-atexit.o)
 .debug_line    0x0000000000001e5a      0x156 c:/intelfpga_lite/17.1/nios2eds/bin/gnu/h-x86_64-mingw32/bin/../lib/gcc/nios2-elf/5.3.0/../../../../../H-x86_64-mingw32/nios2-elf/lib\libsmallc.a(lib_a-exit.o)
 .debug_line    0x0000000000001fb0      0x15d c:/intelfpga_lite/17.1/nios2eds/bin/gnu/h-x86_64-mingw32/bin/../lib/gcc/nios2-elf/5.3.0/../../../../../H-x86_64-mingw32/nios2-elf/lib\libsmallc.a(lib_a-memcmp.o)
 .debug_line    0x000000000000210d      0x20a c:/intelfpga_lite/17.1/nios2eds/bin/gnu/h-x86_64-mingw32/bin/../lib/gcc/nios2-elf/5.3.0/../../../../../H-x86_64-mingw32/nios2-elf/lib\libsmallc.a(lib_a-__atexit.o)
 .debug_line    0x0000000000002317      0x22f c:/intelfpga_lite/17.1/nios2eds/bin/gnu/h-x86_64-mingw32/bin/../lib/gcc/nios2-elf/5.3.0/../../../../../H-x86_64-mingw32/nios2-elf/lib\libsmallc.a(lib_a-__call_atexit.o)
 .debug_line    0x0000000000002546       0x71 ../mm_test_bsp/\libhal_bsp.a(alt_exit.o)

.debug_frame    0x0000000000000000      0x8c0
 *(.debug_frame)
 .debug_frame   0x0000000000000000       0x38 obj/default/hello_world.o
 .debug_frame   0x0000000000000038       0x48 c:/intelfpga_lite/17.1/nios2eds/bin/gnu/h-x86_64-mingw32/bin/../lib/gcc/nios2-elf/5.3.0/../../../../../H-x86_64-mingw32/nios2-elf/lib\libsmallc.a(lib_a-puts.o)
 .debug_frame   0x0000000000000080       0x20 c:/intelfpga_lite/17.1/nios2eds/bin/gnu/h-x86_64-mingw32/bin/../lib/gcc/nios2-elf/5.3.0/../../../../../H-x86_64-mingw32/nios2-elf/lib\libsmallc.a(lib_a-strlen.o)
 .debug_frame   0x00000000000000a0       0x58 c:/intelfpga_lite/17.1/nios2eds/bin/gnu/h-x86_64-mingw32/bin/../lib/gcc/nios2-elf/5.3.0/../../../../../H-x86_64-mingw32/nios2-elf/lib\libsmallc.a(lib_a-fvwrite_small_dev.o)
 .debug_frame   0x00000000000000f8       0x38 c:/intelfpga_lite/17.1/nios2eds/bin/gnu/h-x86_64-mingw32/bin/../lib/gcc/nios2-elf/5.3.0/../../../../../H-x86_64-mingw32/nios2-elf/lib\libsmallc.a(lib_a-writer.o)
 .debug_frame   0x0000000000000130       0x5c ../mm_test_bsp/\libhal_bsp.a(alt_load.o)
 .debug_frame   0x000000000000018c       0x2c ../mm_test_bsp/\libhal_bsp.a(alt_main.o)
 .debug_frame   0x00000000000001b8       0x60 ../mm_test_bsp/\libhal_bsp.a(alt_write.o)
 .debug_frame   0x0000000000000218       0x88 ../mm_test_bsp/\libhal_bsp.a(alt_sys_init.o)
 .debug_frame   0x00000000000002a0       0x60 ../mm_test_bsp/\libhal_bsp.a(altera_avalon_jtag_uart_fd.o)
 .debug_frame   0x0000000000000300       0x34 ../mm_test_bsp/\libhal_bsp.a(altera_avalon_jtag_uart_read.o)
 .debug_frame   0x0000000000000334       0x34 ../mm_test_bsp/\libhal_bsp.a(altera_avalon_jtag_uart_write.o)
 .debug_frame   0x0000000000000368       0x34 ../mm_test_bsp/\libhal_bsp.a(altera_avalon_spi.o)
 .debug_frame   0x000000000000039c       0x60 ../mm_test_bsp/\libhal_bsp.a(alt_close.o)
 .debug_frame   0x00000000000003fc       0x34 ../mm_test_bsp/\libhal_bsp.a(alt_dcache_flush_all.o)
 .debug_frame   0x0000000000000430       0x34 ../mm_test_bsp/\libhal_bsp.a(alt_dev.o)
 .debug_frame   0x0000000000000464       0x60 ../mm_test_bsp/\libhal_bsp.a(alt_dev_llist_insert.o)
 .debug_frame   0x00000000000004c4       0x38 ../mm_test_bsp/\libhal_bsp.a(alt_do_ctors.o)
 .debug_frame   0x00000000000004fc       0x38 ../mm_test_bsp/\libhal_bsp.a(alt_do_dtors.o)
 .debug_frame   0x0000000000000534       0x38 ../mm_test_bsp/\libhal_bsp.a(alt_icache_flush_all.o)
 .debug_frame   0x000000000000056c       0x60 ../mm_test_bsp/\libhal_bsp.a(alt_io_redirect.o)
 .debug_frame   0x00000000000005cc       0x84 ../mm_test_bsp/\libhal_bsp.a(alt_open.o)
 .debug_frame   0x0000000000000650       0x34 ../mm_test_bsp/\libhal_bsp.a(alt_release_fd.o)
 .debug_frame   0x0000000000000684       0x34 ../mm_test_bsp/\libhal_bsp.a(altera_nios2_gen2_irq.o)
 .debug_frame   0x00000000000006b8       0x38 ../mm_test_bsp/\libhal_bsp.a(alt_find_dev.o)
 .debug_frame   0x00000000000006f0       0x38 ../mm_test_bsp/\libhal_bsp.a(alt_find_file.o)
 .debug_frame   0x0000000000000728       0x34 ../mm_test_bsp/\libhal_bsp.a(alt_get_fd.o)
 .debug_frame   0x000000000000075c       0x34 ../mm_test_bsp/\libhal_bsp.a(alt_icache_flush.o)
 .debug_frame   0x0000000000000790       0x20 c:/intelfpga_lite/17.1/nios2eds/bin/gnu/h-x86_64-mingw32/bin/../lib/gcc/nios2-elf/5.3.0/../../../../../H-x86_64-mingw32/nios2-elf/lib\libsmallc.a(lib_a-atexit.o)
 .debug_frame   0x00000000000007b0       0x28 c:/intelfpga_lite/17.1/nios2eds/bin/gnu/h-x86_64-mingw32/bin/../lib/gcc/nios2-elf/5.3.0/../../../../../H-x86_64-mingw32/nios2-elf/lib\libsmallc.a(lib_a-exit.o)
 .debug_frame   0x00000000000007d8       0x20 c:/intelfpga_lite/17.1/nios2eds/bin/gnu/h-x86_64-mingw32/bin/../lib/gcc/nios2-elf/5.3.0/../../../../../H-x86_64-mingw32/nios2-elf/lib\libsmallc.a(lib_a-memcmp.o)
 .debug_frame   0x00000000000007f8       0x48 c:/intelfpga_lite/17.1/nios2eds/bin/gnu/h-x86_64-mingw32/bin/../lib/gcc/nios2-elf/5.3.0/../../../../../H-x86_64-mingw32/nios2-elf/lib\libsmallc.a(lib_a-__atexit.o)
 .debug_frame   0x0000000000000840       0x54 c:/intelfpga_lite/17.1/nios2eds/bin/gnu/h-x86_64-mingw32/bin/../lib/gcc/nios2-elf/5.3.0/../../../../../H-x86_64-mingw32/nios2-elf/lib\libsmallc.a(lib_a-__call_atexit.o)
 .debug_frame   0x0000000000000894       0x2c ../mm_test_bsp/\libhal_bsp.a(alt_exit.o)

.debug_str      0x0000000000000000     0x138a
 *(.debug_str)
 .debug_str     0x0000000000000000      0x149 obj/default/hello_world.o
                                        0x194 (size before relaxing)
 .debug_str     0x0000000000000149      0x3d9 c:/intelfpga_lite/17.1/nios2eds/bin/gnu/h-x86_64-mingw32/bin/../lib/gcc/nios2-elf/5.3.0/../../../../../H-x86_64-mingw32/nios2-elf/lib\libsmallc.a(lib_a-puts.o)
                                        0x4b3 (size before relaxing)
 .debug_str     0x0000000000000522       0xc4 c:/intelfpga_lite/17.1/nios2eds/bin/gnu/h-x86_64-mingw32/bin/../lib/gcc/nios2-elf/5.3.0/../../../../../H-x86_64-mingw32/nios2-elf/lib\libsmallc.a(lib_a-strlen.o)
                                        0x1cb (size before relaxing)
 .debug_str     0x00000000000005e6       0x60 c:/intelfpga_lite/17.1/nios2eds/bin/gnu/h-x86_64-mingw32/bin/../lib/gcc/nios2-elf/5.3.0/../../../../../H-x86_64-mingw32/nios2-elf/lib\libsmallc.a(lib_a-fvwrite_small_dev.o)
                                        0x4ba (size before relaxing)
 .debug_str     0x0000000000000646       0xe1 c:/intelfpga_lite/17.1/nios2eds/bin/gnu/h-x86_64-mingw32/bin/../lib/gcc/nios2-elf/5.3.0/../../../../../H-x86_64-mingw32/nios2-elf/lib\libsmallc.a(lib_a-impure.o)
                                        0x4a4 (size before relaxing)
 .debug_str     0x0000000000000727       0x42 c:/intelfpga_lite/17.1/nios2eds/bin/gnu/h-x86_64-mingw32/bin/../lib/gcc/nios2-elf/5.3.0/../../../../../H-x86_64-mingw32/nios2-elf/lib\libsmallc.a(lib_a-writer.o)
                                        0x49e (size before relaxing)
 .debug_str     0x0000000000000769       0x3c c:/intelfpga_lite/17.1/nios2eds/bin/gnu/h-x86_64-mingw32/bin/../lib/gcc/nios2-elf/5.3.0/../../../../../H-x86_64-mingw32/nios2-elf/lib\libsmallc.a(lib_a-int_errno.o)
                                        0x1be (size before relaxing)
 .debug_str     0x00000000000007a5      0x16f ../mm_test_bsp/\libhal_bsp.a(alt_load.o)
                                        0x253 (size before relaxing)
 .debug_str     0x0000000000000914       0x70 ../mm_test_bsp/\libhal_bsp.a(alt_main.o)
                                        0x1de (size before relaxing)
 .debug_str     0x0000000000000984      0x166 ../mm_test_bsp/\libhal_bsp.a(alt_write.o)
                                        0x339 (size before relaxing)
 .debug_str     0x0000000000000aea      0x136 ../mm_test_bsp/\libhal_bsp.a(alt_sys_init.o)
                                        0x34b (size before relaxing)
 .debug_str     0x0000000000000c20       0x77 ../mm_test_bsp/\libhal_bsp.a(altera_avalon_jtag_uart_fd.o)
                                        0x316 (size before relaxing)
 .debug_str     0x0000000000000c97       0x48 ../mm_test_bsp/\libhal_bsp.a(altera_avalon_jtag_uart_read.o)
                                        0x260 (size before relaxing)
 .debug_str     0x0000000000000cdf       0x4a ../mm_test_bsp/\libhal_bsp.a(altera_avalon_jtag_uart_write.o)
                                        0x256 (size before relaxing)
 .debug_str     0x0000000000000d29       0xb3 ../mm_test_bsp/\libhal_bsp.a(altera_avalon_spi.o)
                                        0x221 (size before relaxing)
 .debug_str     0x0000000000000ddc       0x1b ../mm_test_bsp/\libhal_bsp.a(alt_close.o)
                                        0x24c (size before relaxing)
 .debug_str     0x0000000000000df7       0x34 ../mm_test_bsp/\libhal_bsp.a(alt_dcache_flush_all.o)
                                        0x196 (size before relaxing)
 .debug_str     0x0000000000000e2b       0x49 ../mm_test_bsp/\libhal_bsp.a(alt_dev.o)
                                        0x346 (size before relaxing)
 .debug_str     0x0000000000000e74       0x4b ../mm_test_bsp/\libhal_bsp.a(alt_dev_llist_insert.o)
                                        0x20d (size before relaxing)
 .debug_str     0x0000000000000ebf       0x48 ../mm_test_bsp/\libhal_bsp.a(alt_do_ctors.o)
                                        0x111 (size before relaxing)
 .debug_str     0x0000000000000f07       0x4c ../mm_test_bsp/\libhal_bsp.a(alt_do_dtors.o)
                                        0x110 (size before relaxing)
 .debug_str     0x0000000000000f53       0x14 ../mm_test_bsp/\libhal_bsp.a(alt_errno.o)
                                        0x186 (size before relaxing)
 .debug_str     0x0000000000000f67       0x34 ../mm_test_bsp/\libhal_bsp.a(alt_icache_flush_all.o)
                                        0x196 (size before relaxing)
 .debug_str     0x0000000000000f9b       0x56 ../mm_test_bsp/\libhal_bsp.a(alt_io_redirect.o)
                                        0x357 (size before relaxing)
 .debug_str     0x0000000000000ff1       0x2f ../mm_test_bsp/\libhal_bsp.a(alt_open.o)
                                        0x28c (size before relaxing)
 .debug_str     0x0000000000001020       0x28 ../mm_test_bsp/\libhal_bsp.a(alt_release_fd.o)
                                        0x214 (size before relaxing)
 .debug_str     0x0000000000001048       0x3b ../mm_test_bsp/\libhal_bsp.a(altera_nios2_gen2_irq.o)
                                        0x19d (size before relaxing)
 .debug_str     0x0000000000001083       0x24 ../mm_test_bsp/\libhal_bsp.a(alt_find_dev.o)
                                        0x22d (size before relaxing)
 .debug_str     0x00000000000010a7       0x26 ../mm_test_bsp/\libhal_bsp.a(alt_find_file.o)
                                        0x23b (size before relaxing)
 .debug_str     0x00000000000010cd       0x30 ../mm_test_bsp/\libhal_bsp.a(alt_get_fd.o)
                                        0x25d (size before relaxing)
 .debug_str     0x00000000000010fd       0x2c ../mm_test_bsp/\libhal_bsp.a(alt_icache_flush.o)
                                        0x19c (size before relaxing)
 .debug_str     0x0000000000001129      0x108 c:/intelfpga_lite/17.1/nios2eds/bin/gnu/h-x86_64-mingw32/bin/../lib/gcc/nios2-elf/5.3.0/../../../../../H-x86_64-mingw32/nios2-elf/lib\libsmallc.a(lib_a-atexit.o)
                                        0x202 (size before relaxing)
 .debug_str     0x0000000000001231       0x49 c:/intelfpga_lite/17.1/nios2eds/bin/gnu/h-x86_64-mingw32/bin/../lib/gcc/nios2-elf/5.3.0/../../../../../H-x86_64-mingw32/nios2-elf/lib\libsmallc.a(lib_a-exit.o)
                                        0x1d6 (size before relaxing)
 .debug_str     0x000000000000127a       0x41 c:/intelfpga_lite/17.1/nios2eds/bin/gnu/h-x86_64-mingw32/bin/../lib/gcc/nios2-elf/5.3.0/../../../../../H-x86_64-mingw32/nios2-elf/lib\libsmallc.a(lib_a-memcmp.o)
                                        0x1c5 (size before relaxing)
 .debug_str     0x00000000000012bb       0x43 c:/intelfpga_lite/17.1/nios2eds/bin/gnu/h-x86_64-mingw32/bin/../lib/gcc/nios2-elf/5.3.0/../../../../../H-x86_64-mingw32/nios2-elf/lib\libsmallc.a(lib_a-__atexit.o)
                                        0x4e5 (size before relaxing)
 .debug_str     0x00000000000012fe       0x62 c:/intelfpga_lite/17.1/nios2eds/bin/gnu/h-x86_64-mingw32/bin/../lib/gcc/nios2-elf/5.3.0/../../../../../H-x86_64-mingw32/nios2-elf/lib\libsmallc.a(lib_a-__call_atexit.o)
                                        0x4d1 (size before relaxing)
 .debug_str     0x0000000000001360       0x2a ../mm_test_bsp/\libhal_bsp.a(alt_exit.o)
                                        0x192 (size before relaxing)

.debug_loc      0x0000000000000000      0x65f
 *(.debug_loc)
 .debug_loc     0x0000000000000000       0x97 c:/intelfpga_lite/17.1/nios2eds/bin/gnu/h-x86_64-mingw32/bin/../lib/gcc/nios2-elf/5.3.0/../../../../../H-x86_64-mingw32/nios2-elf/lib\libsmallc.a(lib_a-puts.o)
 .debug_loc     0x0000000000000097       0x1e c:/intelfpga_lite/17.1/nios2eds/bin/gnu/h-x86_64-mingw32/bin/../lib/gcc/nios2-elf/5.3.0/../../../../../H-x86_64-mingw32/nios2-elf/lib\libsmallc.a(lib_a-strlen.o)
 .debug_loc     0x00000000000000b5      0x110 c:/intelfpga_lite/17.1/nios2eds/bin/gnu/h-x86_64-mingw32/bin/../lib/gcc/nios2-elf/5.3.0/../../../../../H-x86_64-mingw32/nios2-elf/lib\libsmallc.a(lib_a-fvwrite_small_dev.o)
 .debug_loc     0x00000000000001c5       0xa5 c:/intelfpga_lite/17.1/nios2eds/bin/gnu/h-x86_64-mingw32/bin/../lib/gcc/nios2-elf/5.3.0/../../../../../H-x86_64-mingw32/nios2-elf/lib\libsmallc.a(lib_a-writer.o)
 .debug_loc     0x000000000000026a       0x2c c:/intelfpga_lite/17.1/nios2eds/bin/gnu/h-x86_64-mingw32/bin/../lib/gcc/nios2-elf/5.3.0/../../../../../H-x86_64-mingw32/nios2-elf/lib\libsmallc.a(lib_a-atexit.o)
 .debug_loc     0x0000000000000296       0x1e c:/intelfpga_lite/17.1/nios2eds/bin/gnu/h-x86_64-mingw32/bin/../lib/gcc/nios2-elf/5.3.0/../../../../../H-x86_64-mingw32/nios2-elf/lib\libsmallc.a(lib_a-exit.o)
 .debug_loc     0x00000000000002b4       0x94 c:/intelfpga_lite/17.1/nios2eds/bin/gnu/h-x86_64-mingw32/bin/../lib/gcc/nios2-elf/5.3.0/../../../../../H-x86_64-mingw32/nios2-elf/lib\libsmallc.a(lib_a-memcmp.o)
 .debug_loc     0x0000000000000348      0x1c0 c:/intelfpga_lite/17.1/nios2eds/bin/gnu/h-x86_64-mingw32/bin/../lib/gcc/nios2-elf/5.3.0/../../../../../H-x86_64-mingw32/nios2-elf/lib\libsmallc.a(lib_a-__atexit.o)
 .debug_loc     0x0000000000000508      0x157 c:/intelfpga_lite/17.1/nios2eds/bin/gnu/h-x86_64-mingw32/bin/../lib/gcc/nios2-elf/5.3.0/../../../../../H-x86_64-mingw32/nios2-elf/lib\libsmallc.a(lib_a-__call_atexit.o)

.debug_macinfo
 *(.debug_macinfo)

.debug_weaknames
 *(.debug_weaknames)

.debug_funcnames
 *(.debug_funcnames)

.debug_typenames
 *(.debug_typenames)

.debug_varnames
 *(.debug_varnames)

.debug_alt_sim_info
                0x0000000000000000       0x30
 *(.debug_alt_sim_info)
 .debug_alt_sim_info
                0x0000000000000000       0x30 ../mm_test_bsp//obj/HAL/src/crt0.o
                0x000000000000d000                __alt_data_end = 0xd000
                0x000000000000d000                PROVIDE (__alt_stack_pointer, __alt_data_end)
                [!provide]                        PROVIDE (__alt_stack_limit, __alt_stack_base)
                [!provide]                        PROVIDE (__alt_heap_start, end)
                [!provide]                        PROVIDE (__alt_heap_limit, 0xd000)
OUTPUT(mm_test.elf elf32-littlenios2)

.debug_ranges   0x0000000000000000      0x100
 .debug_ranges  0x0000000000000000       0x20 ../mm_test_bsp//obj/HAL/src/crt0.o
 .debug_ranges  0x0000000000000020       0x18 c:/intelfpga_lite/17.1/nios2eds/bin/gnu/h-x86_64-mingw32/bin/../lib/gcc/nios2-elf/5.3.0/../../../../../H-x86_64-mingw32/nios2-elf/lib\libsmallc.a(lib_a-puts.o)
 .debug_ranges  0x0000000000000038       0x10 c:/intelfpga_lite/17.1/nios2eds/bin/gnu/h-x86_64-mingw32/bin/../lib/gcc/nios2-elf/5.3.0/../../../../../H-x86_64-mingw32/nios2-elf/lib\libsmallc.a(lib_a-strlen.o)
 .debug_ranges  0x0000000000000048       0x28 c:/intelfpga_lite/17.1/nios2eds/bin/gnu/h-x86_64-mingw32/bin/../lib/gcc/nios2-elf/5.3.0/../../../../../H-x86_64-mingw32/nios2-elf/lib\libsmallc.a(lib_a-fvwrite_small_dev.o)
 .debug_ranges  0x0000000000000070       0x10 c:/intelfpga_lite/17.1/nios2eds/bin/gnu/h-x86_64-mingw32/bin/../lib/gcc/nios2-elf/5.3.0/../../../../../H-x86_64-mingw32/nios2-elf/lib\libsmallc.a(lib_a-writer.o)
 .debug_ranges  0x0000000000000080       0x18 ../mm_test_bsp/\libhal_bsp.a(altera_avalon_jtag_uart_read.o)
 .debug_ranges  0x0000000000000098       0x10 c:/intelfpga_lite/17.1/nios2eds/bin/gnu/h-x86_64-mingw32/bin/../lib/gcc/nios2-elf/5.3.0/../../../../../H-x86_64-mingw32/nios2-elf/lib\libsmallc.a(lib_a-atexit.o)
 .debug_ranges  0x00000000000000a8       0x10 c:/intelfpga_lite/17.1/nios2eds/bin/gnu/h-x86_64-mingw32/bin/../lib/gcc/nios2-elf/5.3.0/../../../../../H-x86_64-mingw32/nios2-elf/lib\libsmallc.a(lib_a-exit.o)
 .debug_ranges  0x00000000000000b8       0x10 c:/intelfpga_lite/17.1/nios2eds/bin/gnu/h-x86_64-mingw32/bin/../lib/gcc/nios2-elf/5.3.0/../../../../../H-x86_64-mingw32/nios2-elf/lib\libsmallc.a(lib_a-memcmp.o)
 .debug_ranges  0x00000000000000c8       0x10 c:/intelfpga_lite/17.1/nios2eds/bin/gnu/h-x86_64-mingw32/bin/../lib/gcc/nios2-elf/5.3.0/../../../../../H-x86_64-mingw32/nios2-elf/lib\libsmallc.a(lib_a-__atexit.o)
 .debug_ranges  0x00000000000000d8       0x28 c:/intelfpga_lite/17.1/nios2eds/bin/gnu/h-x86_64-mingw32/bin/../lib/gcc/nios2-elf/5.3.0/../../../../../H-x86_64-mingw32/nios2-elf/lib\libsmallc.a(lib_a-__call_atexit.o)
