Archive member included to satisfy reference by file (symbol)

c:/intelfpga_lite/17.1/nios2eds/bin/gnu/h-x86_64-mingw32/bin/../lib/gcc/nios2-elf/5.3.0/../../../../../H-x86_64-mingw32/nios2-elf/lib/mno-hw-mul\libsmallc.a(lib_a-printf.o)
                              obj/default/eth_init.o (printf)
c:/intelfpga_lite/17.1/nios2eds/bin/gnu/h-x86_64-mingw32/bin/../lib/gcc/nios2-elf/5.3.0/../../../../../H-x86_64-mingw32/nios2-elf/lib/mno-hw-mul\libsmallc.a(lib_a-puts.o)
                              obj/default/eth_init.o (puts)
c:/intelfpga_lite/17.1/nios2eds/bin/gnu/h-x86_64-mingw32/bin/../lib/gcc/nios2-elf/5.3.0/../../../../../H-x86_64-mingw32/nios2-elf/lib/mno-hw-mul\libsmallc.a(lib_a-strlen.o)
                              c:/intelfpga_lite/17.1/nios2eds/bin/gnu/h-x86_64-mingw32/bin/../lib/gcc/nios2-elf/5.3.0/../../../../../H-x86_64-mingw32/nios2-elf/lib/mno-hw-mul\libsmallc.a(lib_a-puts.o) (strlen)
c:/intelfpga_lite/17.1/nios2eds/bin/gnu/h-x86_64-mingw32/bin/../lib/gcc/nios2-elf/5.3.0/../../../../../H-x86_64-mingw32/nios2-elf/lib/mno-hw-mul\libsmallc.a(lib_a-vfprintf.o)
                              c:/intelfpga_lite/17.1/nios2eds/bin/gnu/h-x86_64-mingw32/bin/../lib/gcc/nios2-elf/5.3.0/../../../../../H-x86_64-mingw32/nios2-elf/lib/mno-hw-mul\libsmallc.a(lib_a-printf.o) (___vfprintf_internal_r)
c:/intelfpga_lite/17.1/nios2eds/bin/gnu/h-x86_64-mingw32/bin/../lib/gcc/nios2-elf/5.3.0/../../../../../H-x86_64-mingw32/nios2-elf/lib/mno-hw-mul\libsmallc.a(lib_a-fvwrite_small_dev.o)
                              c:/intelfpga_lite/17.1/nios2eds/bin/gnu/h-x86_64-mingw32/bin/../lib/gcc/nios2-elf/5.3.0/../../../../../H-x86_64-mingw32/nios2-elf/lib/mno-hw-mul\libsmallc.a(lib_a-printf.o) (__sfvwrite_small_dev)
c:/intelfpga_lite/17.1/nios2eds/bin/gnu/h-x86_64-mingw32/bin/../lib/gcc/nios2-elf/5.3.0/../../../../../H-x86_64-mingw32/nios2-elf/lib/mno-hw-mul\libsmallc.a(lib_a-impure.o)
                              c:/intelfpga_lite/17.1/nios2eds/bin/gnu/h-x86_64-mingw32/bin/../lib/gcc/nios2-elf/5.3.0/../../../../../H-x86_64-mingw32/nios2-elf/lib/mno-hw-mul\libsmallc.a(lib_a-printf.o) (_impure_ptr)
c:/intelfpga_lite/17.1/nios2eds/bin/gnu/h-x86_64-mingw32/bin/../lib/gcc/nios2-elf/5.3.0/../../../../../H-x86_64-mingw32/nios2-elf/lib/mno-hw-mul\libsmallc.a(lib_a-writer.o)
                              c:/intelfpga_lite/17.1/nios2eds/bin/gnu/h-x86_64-mingw32/bin/../lib/gcc/nios2-elf/5.3.0/../../../../../H-x86_64-mingw32/nios2-elf/lib/mno-hw-mul\libsmallc.a(lib_a-fvwrite_small_dev.o) (_write_r)
c:/intelfpga_lite/17.1/nios2eds/bin/gnu/h-x86_64-mingw32/bin/../lib/gcc/nios2-elf/5.3.0/../../../../../H-x86_64-mingw32/nios2-elf/lib/mno-hw-mul\libsmallc.a(lib_a-int_errno.o)
                              c:/intelfpga_lite/17.1/nios2eds/bin/gnu/h-x86_64-mingw32/bin/../lib/gcc/nios2-elf/5.3.0/../../../../../H-x86_64-mingw32/nios2-elf/lib/mno-hw-mul\libsmallc.a(lib_a-writer.o) (errno)
c:/intelfpga_lite/17.1/nios2eds/bin/gnu/h-x86_64-mingw32/bin/../lib/gcc/nios2-elf/5.3.0/mno-hw-mul\libgcc.a(lib2-divmod.o)
                              c:/intelfpga_lite/17.1/nios2eds/bin/gnu/h-x86_64-mingw32/bin/../lib/gcc/nios2-elf/5.3.0/../../../../../H-x86_64-mingw32/nios2-elf/lib/mno-hw-mul\libsmallc.a(lib_a-vfprintf.o) (__udivsi3)
c:/intelfpga_lite/17.1/nios2eds/bin/gnu/h-x86_64-mingw32/bin/../lib/gcc/nios2-elf/5.3.0/mno-hw-mul\libgcc.a(lib2-mul.o)
                              c:/intelfpga_lite/17.1/nios2eds/bin/gnu/h-x86_64-mingw32/bin/../lib/gcc/nios2-elf/5.3.0/../../../../../H-x86_64-mingw32/nios2-elf/lib/mno-hw-mul\libsmallc.a(lib_a-vfprintf.o) (__mulsi3)
../WiPhase_SW_bsp/\libhal_bsp.a(alt_load.o)
                              ../WiPhase_SW_bsp//obj/HAL/src/crt0.o (alt_load)
../WiPhase_SW_bsp/\libhal_bsp.a(alt_main.o)
                              ../WiPhase_SW_bsp//obj/HAL/src/crt0.o (alt_main)
../WiPhase_SW_bsp/\libhal_bsp.a(alt_write.o)
                              c:/intelfpga_lite/17.1/nios2eds/bin/gnu/h-x86_64-mingw32/bin/../lib/gcc/nios2-elf/5.3.0/../../../../../H-x86_64-mingw32/nios2-elf/lib/mno-hw-mul\libsmallc.a(lib_a-writer.o) (write)
../WiPhase_SW_bsp/\libhal_bsp.a(alt_sys_init.o)
                              ../WiPhase_SW_bsp/\libhal_bsp.a(alt_main.o) (alt_irq_init)
../WiPhase_SW_bsp/\libhal_bsp.a(altera_avalon_jtag_uart_fd.o)
                              ../WiPhase_SW_bsp/\libhal_bsp.a(alt_sys_init.o) (altera_avalon_jtag_uart_read_fd)
../WiPhase_SW_bsp/\libhal_bsp.a(altera_avalon_jtag_uart_read.o)
                              ../WiPhase_SW_bsp/\libhal_bsp.a(altera_avalon_jtag_uart_fd.o) (altera_avalon_jtag_uart_read)
../WiPhase_SW_bsp/\libhal_bsp.a(altera_avalon_jtag_uart_write.o)
                              ../WiPhase_SW_bsp/\libhal_bsp.a(altera_avalon_jtag_uart_fd.o) (altera_avalon_jtag_uart_write)
../WiPhase_SW_bsp/\libhal_bsp.a(altera_avalon_timer_sc.o)
                              ../WiPhase_SW_bsp/\libhal_bsp.a(alt_sys_init.o) (alt_avalon_timer_sc_init)
../WiPhase_SW_bsp/\libhal_bsp.a(alt_close.o)
[...]
Memory Configuration

Name             Origin             Length             Attributes
reset            0x0000000000008000 0x0000000000000020
ram_onchip       0x0000000000008020 0x0000000000004fe0
*default*        0x0000000000000000 0xffffffffffffffff

Linker script and memory map

LOAD ../WiPhase_SW_bsp//obj/HAL/src/crt0.o
LOAD obj/default/eth_init.o
LOAD obj/default/hello_world.o
LOAD c:/intelfpga_lite/17.1/nios2eds/bin/gnu/h-x86_64-mingw32/bin/../lib/gcc/nios2-elf/5.3.0/../../../../../H-x86_64-mingw32/nios2-elf/lib/mno-hw-mul\libstdc++.a
LOAD c:/intelfpga_lite/17.1/nios2eds/bin/gnu/h-x86_64-mingw32/bin/../lib/gcc/nios2-elf/5.3.0/../../../../../H-x86_64-mingw32/nios2-elf/lib/mno-hw-mul\libm.a
LOAD c:/intelfpga_lite/17.1/nios2eds/bin/gnu/h-x86_64-mingw32/bin/../lib/gcc/nios2-elf/5.3.0/mno-hw-mul\libgcc.a
START GROUP
LOAD c:/intelfpga_lite/17.1/nios2eds/bin/gnu/h-x86_64-mingw32/bin/../lib/gcc/nios2-elf/5.3.0/../../../../../H-x86_64-mingw32/nios2-elf/lib/mno-hw-mul\libsmallc.a
LOAD c:/intelfpga_lite/17.1/nios2eds/bin/gnu/h-x86_64-mingw32/bin/../lib/gcc/nios2-elf/5.3.0/mno-hw-mul\libgcc.a
LOAD ../WiPhase_SW_bsp/\libhal_bsp.a
LOAD c:/intelfpga_lite/17.1/nios2eds/bin/gnu/h-x86_64-mingw32/bin/../lib/gcc/nios2-elf/5.3.0/../../../../../H-x86_64-mingw32/nios2-elf/lib/mno-hw-mul\libm.a
END GROUP
LOAD c:/intelfpga_lite/17.1/nios2eds/bin/gnu/h-x86_64-mingw32/bin/../lib/gcc/nios2-elf/5.3.0/mno-hw-mul\libgcc.a
                0x0000000000008000                __alt_mem_ram_onchip = 0x8000

.entry          0x0000000000008000       0x20
 *(.entry)
 .entry         0x0000000000008000       0x20 ../WiPhase_SW_bsp//obj/HAL/src/crt0.o
                0x0000000000008000                __reset

.exceptions     0x0000000000008020      0x210
                0x0000000000008020                PROVIDE (__ram_exceptions_start, ABSOLUTE (.))
                0x0000000000008020                . = ALIGN (0x20)
 *(.irq)
 *(.exceptions.entry.label)
 .exceptions.entry.label
                0x0000000000008020        0x0 ../WiPhase_SW_bsp/\libhal_bsp.a(alt_irq_entry.o)
                0x0000000000008020                alt_irq_entry
 .exceptions.entry.label
                0x0000000000008020        0x0 ../WiPhase_SW_bsp/\libhal_bsp.a(alt_exception_entry.o)
                0x0000000000008020                alt_exception
 *(.exceptions.entry.user)
 *(.exceptions.entry.ecc_fatal)
 *(.exceptions.entry)
 .exceptions.entry
                0x0000000000008020       0x54 ../WiPhase_SW_bsp/\libhal_bsp.a(alt_exception_entry.o)
 *(.exceptions.irqtest.user)
 *(.exceptions.irqtest)
 .exceptions.irqtest
                0x0000000000008074       0x10 ../WiPhase_SW_bsp/\libhal_bsp.a(alt_irq_entry.o)
 *(.exceptions.irqhandler.user)
 *(.exceptions.irqhandler)
 .exceptions.irqhandler
                0x0000000000008084        0x4 ../WiPhase_SW_bsp/\libhal_bsp.a(alt_irq_entry.o)
 *(.exceptions.irqreturn.user)
 *(.exceptions.irqreturn)
 .exceptions.irqreturn
                0x0000000000008088        0x4 ../WiPhase_SW_bsp/\libhal_bsp.a(alt_irq_entry.o)
 *(.exceptions.notirq.label)
 .exceptions.notirq.label
                0x000000000000808c        0x0 ../WiPhase_SW_bsp/\libhal_bsp.a(alt_irq_entry.o)
 *(.exceptions.notirq.user)
 *(.exceptions.notirq)
 .exceptions.notirq
                0x000000000000808c        0x8 ../WiPhase_SW_bsp/\libhal_bsp.a(alt_exception_entry.o)
 *(.exceptions.soft.user)
 *(.exceptions.soft)
 *(.exceptions.unknown.user)
 *(.exceptions.unknown)
 .exceptions.unknown
                0x0000000000008094       0x14 ../WiPhase_SW_bsp/\libhal_bsp.a(alt_exception_entry.o)
 *(.exceptions.exit.label)
 .exceptions.exit.label
                0x00000000000080a8        0x0 ../WiPhase_SW_bsp/\libhal_bsp.a(alt_irq_entry.o)
 .exceptions.exit.label
                0x00000000000080a8        0x0 ../WiPhase_SW_bsp/\libhal_bsp.a(alt_exception_entry.o)
 *(.exceptions.exit.user)
 *(.exceptions.exit)
 .exceptions.exit
                0x00000000000080a8       0x54 ../WiPhase_SW_bsp/\libhal_bsp.a(alt_exception_entry.o)
 *(.exceptions)
 .exceptions    0x00000000000080fc       0xd4 ../WiPhase_SW_bsp/\libhal_bsp.a(alt_irq_handler.o)
                0x00000000000080fc                alt_irq_handler
 .exceptions    0x00000000000081d0       0x60 ../WiPhase_SW_bsp/\libhal_bsp.a(alt_instruction_exception_entry.o)
                0x00000000000081d0                alt_instruction_exception_entry
                0x0000000000008230                PROVIDE (__ram_exceptions_end, ABSOLUTE (.))
                0x0000000000008020                PROVIDE (__flash_exceptions_start, LOADADDR (.exceptions))

.text           0x0000000000008230     0x24b0
                [!provide]                        PROVIDE (stext, ABSOLUTE (.))
 *(.interp)
 *(.hash)
 *(.dynsym)
 *(.dynstr)
 *(.gnu.version)
 *(.gnu.version_d)
 *(.gnu.version_r)
 *(.rel.init)
 *(.rela.init)
 *(.rel.text .rel.text.* .rel.gnu.linkonce.t.*)
 *(.rela.text .rela.text.* .rela.gnu.linkonce.t.*)
 *(.rel.fini)
 *(.rela.fini)
 *(.rel.rodata .rel.rodata.* .rel.gnu.linkonce.r.*)
 *(.rela.rodata .rela.rodata.* .rela.gnu.linkonce.r.*)
 *(.rel.data .rel.data.* .rel.gnu.linkonce.d.*)
 *(.rela.data .rela.data.* .rela.gnu.linkonce.d.*)
 *(.rel.tdata .rel.tdata.* .rel.gnu.linkonce.td.*)
 *(.rela.tdata .rela.tdata.* .rela.gnu.linkonce.td.*)
 *(.rel.tbss .rel.tbss.* .rel.gnu.linkonce.tb.*)
 *(.rela.tbss .rela.tbss.* .rela.gnu.linkonce.tb.*)
 *(.rel.ctors)
 *(.rela.ctors)
 *(.rel.dtors)
 *(.rela.dtors)
 *(.rel.got)
 *(.rela.got)
 *(.rel.sdata .rel.sdata.* .rel.gnu.linkonce.s.*)
 *(.rela.sdata .rela.sdata.* .rela.gnu.linkonce.s.*)
 *(.rel.sbss .rel.sbss.* .rel.gnu.linkonce.sb.*)
 *(.rela.sbss .rela.sbss.* .rela.gnu.linkonce.sb.*)
 *(.rel.sdata2 .rel.sdata2.* .rel.gnu.linkonce.s2.*)
 *(.rela.sdata2 .rela.sdata2.* .rela.gnu.linkonce.s2.*)
 *(.rel.sbss2 .rel.sbss2.* .rel.gnu.linkonce.sb2.*)
 *(.rela.sbss2 .rela.sbss2.* .rela.gnu.linkonce.sb2.*)
 *(.rel.bss .rel.bss.* .rel.gnu.linkonce.b.*)
 *(.rela.bss .rela.bss.* .rela.gnu.linkonce.b.*)
 *(.rel.plt)
 *(.rela.plt)
 *(.rel.dyn)
 *(.init)
 *(.plt)
 *(.text .stub .text.* .gnu.linkonce.t.*)
 .text          0x0000000000008230       0x3c ../WiPhase_SW_bsp//obj/HAL/src/crt0.o
                0x0000000000008230                _start
 .text          0x000000000000826c      0x12c obj/default/eth_init.o
                0x000000000000826c                init_eth
 .text          0x0000000000008398       0x6c obj/default/hello_world.o
                0x0000000000008398                main
 .text          0x0000000000008404        0x0 c:/intelfpga_lite/17.1/nios2eds/bin/gnu/h-x86_64-mingw32/bin/../lib/gcc/nios2-elf/5.3.0/../../../../../H-x86_64-mingw32/nios2-elf/lib/mno-hw-mul\libsmallc.a(lib_a-printf.o)
 .text._printf_r
                0x0000000000008404       0x3c c:/intelfpga_lite/17.1/nios2eds/bin/gnu/h-x86_64-mingw32/bin/../lib/gcc/nios2-elf/5.3.0/../../../../../H-x86_64-mingw32/nios2-elf/lib/mno-hw-mul\libsmallc.a(lib_a-printf.o)
                0x0000000000008404                _printf_r
 .text.printf   0x0000000000008440       0x4c c:/intelfpga_lite/17.1/nios2eds/bin/gnu/h-x86_64-mingw32/bin/../lib/gcc/nios2-elf/5.3.0/../../../../../H-x86_64-mingw32/nios2-elf/lib/mno-hw-mul\libsmallc.a(lib_a-printf.o)
                0x0000000000008440                printf
 .text          0x000000000000848c        0x0 c:/intelfpga_lite/17.1/nios2eds/bin/gnu/h-x86_64-mingw32/bin/../lib/gcc/nios2-elf/5.3.0/../../../../../H-x86_64-mingw32/nios2-elf/lib/mno-hw-mul\libsmallc.a(lib_a-puts.o)
 .text._puts_r  0x000000000000848c       0x80 c:/intelfpga_lite/17.1/nios2eds/bin/gnu/h-x86_64-mingw32/bin/../lib/gcc/nios2-elf/5.3.0/../../../../../H-x86_64-mingw32/nios2-elf/lib/mno-hw-mul\libsmallc.a(lib_a-puts.o)
                0x000000000000848c                _puts_r
 .text.puts     0x000000000000850c       0x14 c:/intelfpga_lite/17.1/nios2eds/bin/gnu/h-x86_64-mingw32/bin/../lib/gcc/nios2-elf/5.3.0/../../../../../H-x86_64-mingw32/nios2-elf/lib/mno-hw-mul\libsmallc.a(lib_a-puts.o)
                0x000000000000850c                puts
 .text          0x0000000000008520        0x0 c:/intelfpga_lite/17.1/nios2eds/bin/gnu/h-x86_64-mingw32/bin/../lib/gcc/nios2-elf/5.3.0/../../../../../H-x86_64-mingw32/nios2-elf/lib/mno-hw-mul\libsmallc.a(lib_a-strlen.o)
 .text.strlen   0x0000000000008520       0x1c c:/intelfpga_lite/17.1/nios2eds/bin/gnu/h-x86_64-mingw32/bin/../lib/gcc/nios2-elf/5.3.0/../../../../../H-x86_64-mingw32/nios2-elf/lib/mno-hw-mul\libsmallc.a(lib_a-strlen.o)
                0x0000000000008520                strlen
 .text          0x000000000000853c        0x0 c:/intelfpga_lite/17.1/nios2eds/bin/gnu/h-x86_64-mingw32/bin/../lib/gcc/nios2-elf/5.3.0/../../../../../H-x86_64-mingw32/nios2-elf/lib/mno-hw-mul\libsmallc.a(lib_a-vfprintf.o)
 .text.print_repeat
                0x000000000000853c       0x6c c:/intelfpga_lite/17.1/nios2eds/bin/gnu/h-x86_64-mingw32/bin/../lib/gcc/nios2-elf/5.3.0/../../../../../H-x86_64-mingw32/nios2-elf/lib/mno-hw-mul\libsmallc.a(lib_a-vfprintf.o)
 .text.___vfprintf_internal_r
                0x00000000000085a8      0x52c c:/intelfpga_lite/17.1/nios2eds/bin/gnu/h-x86_64-mingw32/bin/../lib/gcc/nios2-elf/5.3.0/../../../../../H-x86_64-mingw32/nios2-elf/lib/mno-hw-mul\libsmallc.a(lib_a-vfprintf.o)
                0x00000000000085a8                ___vfprintf_internal_r
 .text.__vfprintf_internal
                0x0000000000008ad4       0x1c c:/intelfpga_lite/17.1/nios2eds/bin/gnu/h-x86_64-mingw32/bin/../lib/gcc/nios2-elf/5.3.0/../../../../../H-x86_64-mingw32/nios2-elf/lib/mno-hw-mul\libsmallc.a(lib_a-vfprintf.o)
                0x0000000000008ad4                __vfprintf_internal
 .text          0x0000000000008af0        0x0 c:/intelfpga_lite/17.1/nios2eds/bin/gnu/h-x86_64-mingw32/bin/../lib/gcc/nios2-elf/5.3.0/../../../../../H-x86_64-mingw32/nios2-elf/lib/mno-hw-mul\libsmallc.a(lib_a-fvwrite_small_dev.o)
 .text.__sfvwrite_small_dev
                0x0000000000008af0       0xb8 c:/intelfpga_lite/17.1/nios2eds/bin/gnu/h-x86_64-mingw32/bin/../lib/gcc/nios2-elf/5.3.0/../../../../../H-x86_64-mingw32/nios2-elf/lib/mno-hw-mul\libsmallc.a(lib_a-fvwrite_small_dev.o)
                0x0000000000008af0                __sfvwrite_small_dev
 .text          0x0000000000008ba8        0x0 c:/intelfpga_lite/17.1/nios2eds/bin/gnu/h-x86_64-mingw32/bin/../lib/gcc/nios2-elf/5.3.0/../../../../../H-x86_64-mingw32/nios2-elf/lib/mno-hw-mul\libsmallc.a(lib_a-impure.o)
 .text          0x0000000000008ba8        0x0 c:/intelfpga_lite/17.1/nios2eds/bin/gnu/h-x86_64-mingw32/bin/../lib/gcc/nios2-elf/5.3.0/../../../../../H-x86_64-mingw32/nios2-elf/lib/mno-hw-mul\libsmallc.a(lib_a-writer.o)
 .text._write_r
                0x0000000000008ba8       0x58 c:/intelfpga_lite/17.1/nios2eds/bin/gnu/h-x86_64-mingw32/bin/../lib/gcc/nios2-elf/5.3.0/../../../../../H-x86_64-mingw32/nios2-elf/lib/mno-hw-mul\libsmallc.a(lib_a-writer.o)
                0x0000000000008ba8                _write_r
 .text          0x0000000000008c00        0x0 c:/intelfpga_lite/17.1/nios2eds/bin/gnu/h-x86_64-mingw32/bin/../lib/gcc/nios2-elf/5.3.0/../../../../../H-x86_64-mingw32/nios2-elf/lib/mno-hw-mul\libsmallc.a(lib_a-int_errno.o)
 .text          0x0000000000008c00      0x1b4 c:/intelfpga_lite/17.1/nios2eds/bin/gnu/h-x86_64-mingw32/bin/../lib/gcc/nios2-elf/5.3.0/mno-hw-mul\libgcc.a(lib2-divmod.o)
                0x0000000000008c00                __divsi3
                0x0000000000008c84                __modsi3
                0x0000000000008cf8                __udivsi3
                0x0000000000008d5c                __umodsi3
 .text          0x0000000000008db4       0x28 c:/intelfpga_lite/17.1/nios2eds/bin/gnu/h-x86_64-mingw32/bin/../lib/gcc/nios2-elf/5.3.0/mno-hw-mul\libgcc.a(lib2-mul.o)
                0x0000000000008db4                __mulsi3
 .text          0x0000000000008ddc       0xec ../WiPhase_SW_bsp/\libhal_bsp.a(alt_load.o)
                0x0000000000008e44                alt_load
 .text          0x0000000000008ec8       0x7c ../WiPhase_SW_bsp/\libhal_bsp.a(alt_main.o)
                0x0000000000008ec8                alt_main
 .text          0x0000000000008f44      0x13c ../WiPhase_SW_bsp/\libhal_bsp.a(alt_write.o)
                0x0000000000008f80                write
 .text          0x0000000000009080       0xc4 ../WiPhase_SW_bsp/\libhal_bsp.a(alt_sys_init.o)
                0x00000000000090b4                alt_irq_init
                0x00000000000090ec                alt_sys_init
 .text          0x0000000000009144       0xc0 ../WiPhase_SW_bsp/\libhal_bsp.a(altera_avalon_jtag_uart_fd.o)
                0x0000000000009144                altera_avalon_jtag_uart_read_fd
                0x00000000000091a4                altera_avalon_jtag_uart_write_fd
 .text          0x0000000000009204       0xec ../WiPhase_SW_bsp/\libhal_bsp.a(altera_avalon_jtag_uart_read.o)
                0x0000000000009204                altera_avalon_jtag_uart_read
 .text          0x00000000000092f0       0x94 ../WiPhase_SW_bsp/\libhal_bsp.a(altera_avalon_jtag_uart_write.o)
                0x00000000000092f0                altera_avalon_jtag_uart_write
 .text          0x0000000000009384       0xf4 ../WiPhase_SW_bsp/\libhal_bsp.a(altera_avalon_timer_sc.o)
                0x00000000000093fc                alt_avalon_timer_sc_init
 .text          0x0000000000009478      0x114 ../WiPhase_SW_bsp/\libhal_bsp.a(alt_close.o)
                0x00000000000094b4                close
 .text          0x000000000000958c       0x20 ../WiPhase_SW_bsp/\libhal_bsp.a(alt_dcache_flush_all.o)
                0x000000000000958c                alt_dcache_flush_all
 .text          0x00000000000095ac       0x2c ../WiPhase_SW_bsp/\libhal_bsp.a(alt_dev.o)
 .text          0x00000000000095d8       0xe0 ../WiPhase_SW_bsp/\libhal_bsp.a(alt_dev_llist_insert.o)
                0x0000000000009614                alt_dev_llist_insert
 .text          0x00000000000096b8       0x60 ../WiPhase_SW_bsp/\libhal_bsp.a(alt_do_ctors.o)
                0x00000000000096b8                _do_ctors
 .text          0x0000000000009718       0x60 ../WiPhase_SW_bsp/\libhal_bsp.a(alt_do_dtors.o)
                0x0000000000009718                _do_dtors
 .text          0x0000000000009778        0x0 ../WiPhase_SW_bsp/\libhal_bsp.a(alt_errno.o)
 .text          0x0000000000009778       0x20 ../WiPhase_SW_bsp/\libhal_bsp.a(alt_icache_flush_all.o)
                0x0000000000009778                alt_icache_flush_all
 .text          0x0000000000009798      0x1b0 ../WiPhase_SW_bsp/\libhal_bsp.a(alt_iic.o)
                0x0000000000009798                alt_ic_isr_register
                0x00000000000097e8                alt_ic_irq_enable
                0x0000000000009870                alt_ic_irq_disable
                0x00000000000098fc                alt_ic_irq_enabled
 .text          0x0000000000009948       0xf0 ../WiPhase_SW_bsp/\libhal_bsp.a(alt_iic_isr_register.o)
                0x0000000000009948                alt_iic_isr_register
 .text          0x0000000000009a38      0x160 ../WiPhase_SW_bsp/\libhal_bsp.a(alt_io_redirect.o)
                0x0000000000009b1c                alt_io_redirect
 .text          0x0000000000009b98        0x0 ../WiPhase_SW_bsp/\libhal_bsp.a(alt_irq_entry.o)
 .text          0x0000000000009b98        0x0 ../WiPhase_SW_bsp/\libhal_bsp.a(alt_irq_handler.o)
 .text          0x0000000000009b98        0x0 ../WiPhase_SW_bsp/\libhal_bsp.a(alt_irq_vars.o)
 .text          0x0000000000009b98      0x284 ../WiPhase_SW_bsp/\libhal_bsp.a(alt_open.o)
                0x0000000000009cc0                open
 .text          0x0000000000009e1c       0x84 ../WiPhase_SW_bsp/\libhal_bsp.a(alt_release_fd.o)
                0x0000000000009e1c                alt_release_fd
 .text          0x0000000000009ea0      0x1a4 ../WiPhase_SW_bsp/\libhal_bsp.a(alt_tick.o)
                0x0000000000009ea0                alt_alarm_stop
                0x0000000000009f3c                alt_tick
 .text          0x000000000000a044       0x24 ../WiPhase_SW_bsp/\libhal_bsp.a(altera_nios2_gen2_irq.o)
                0x000000000000a044                altera_nios2_gen2_irq_init
 .text          0x000000000000a068        0x0 ../WiPhase_SW_bsp/\libhal_bsp.a(alt_exception_entry.o)
 .text          0x000000000000a068       0x90 ../WiPhase_SW_bsp/\libhal_bsp.a(alt_find_dev.o)
                0x000000000000a068                alt_find_dev
 .text          0x000000000000a0f8      0x108 ../WiPhase_SW_bsp/\libhal_bsp.a(alt_find_file.o)
                0x000000000000a0f8                alt_find_file
 .text          0x000000000000a200       0xc4 ../WiPhase_SW_bsp/\libhal_bsp.a(alt_get_fd.o)
                0x000000000000a200                alt_get_fd
 .text          0x000000000000a2c4       0x9c ../WiPhase_SW_bsp/\libhal_bsp.a(alt_instruction_exception_entry.o)
                0x000000000000a2c4                alt_exception_cause_generated_bad_addr
 .text          0x000000000000a360        0x0 c:/intelfpga_lite/17.1/nios2eds/bin/gnu/h-x86_64-mingw32/bin/../lib/gcc/nios2-elf/5.3.0/../../../../../H-x86_64-mingw32/nios2-elf/lib/mno-hw-mul\libsmallc.a(lib_a-atexit.o)
 .text.atexit   0x000000000000a360       0x14 c:/intelfpga_lite/17.1/nios2eds/bin/gnu/h-x86_64-mingw32/bin/../lib/gcc/nios2-elf/5.3.0/../../../../../H-x86_64-mingw32/nios2-elf/lib/mno-hw-mul\libsmallc.a(lib_a-atexit.o)
                0x000000000000a360                atexit
 .text          0x000000000000a374        0x0 c:/intelfpga_lite/17.1/nios2eds/bin/gnu/h-x86_64-mingw32/bin/../lib/gcc/nios2-elf/5.3.0/../../../../../H-x86_64-mingw32/nios2-elf/lib/mno-hw-mul\libsmallc.a(lib_a-exit.o)
 .text.exit     0x000000000000a374       0x20 c:/intelfpga_lite/17.1/nios2eds/bin/gnu/h-x86_64-mingw32/bin/../lib/gcc/nios2-elf/5.3.0/../../../../../H-x86_64-mingw32/nios2-elf/lib/mno-hw-mul\libsmallc.a(lib_a-exit.o)
                0x000000000000a374                exit
 .text          0x000000000000a394        0x0 c:/intelfpga_lite/17.1/nios2eds/bin/gnu/h-x86_64-mingw32/bin/../lib/gcc/nios2-elf/5.3.0/../../../../../H-x86_64-mingw32/nios2-elf/lib/mno-hw-mul\libsmallc.a(lib_a-memcmp.o)
 .text.memcmp   0x000000000000a394       0x30 c:/intelfpga_lite/17.1/nios2eds/bin/gnu/h-x86_64-mingw32/bin/../lib/gcc/nios2-elf/5.3.0/../../../../../H-x86_64-mingw32/nios2-elf/lib/mno-hw-mul\libsmallc.a(lib_a-memcmp.o)
                0x000000000000a394                memcmp
 .text          0x000000000000a3c4        0x0 c:/intelfpga_lite/17.1/nios2eds/bin/gnu/h-x86_64-mingw32/bin/../lib/gcc/nios2-elf/5.3.0/../../../../../H-x86_64-mingw32/nios2-elf/lib/mno-hw-mul\libsmallc.a(lib_a-__atexit.o)
 .text.__register_exitproc
                0x000000000000a3c4      0x158 c:/intelfpga_lite/17.1/nios2eds/bin/gnu/h-x86_64-mingw32/bin/../lib/gcc/nios2-elf/5.3.0/../../../../../H-x86_64-mingw32/nios2-elf/lib/mno-hw-mul\libsmallc.a(lib_a-__atexit.o)
                0x000000000000a3c4                __register_exitproc
 .text          0x000000000000a51c        0x0 c:/intelfpga_lite/17.1/nios2eds/bin/gnu/h-x86_64-mingw32/bin/../lib/gcc/nios2-elf/5.3.0/../../../../../H-x86_64-mingw32/nios2-elf/lib/mno-hw-mul\libsmallc.a(lib_a-__call_atexit.o)
 .text.__call_exitprocs
                0x000000000000a51c      0x190 c:/intelfpga_lite/17.1/nios2eds/bin/gnu/h-x86_64-mingw32/bin/../lib/gcc/nios2-elf/5.3.0/../../../../../H-x86_64-mingw32/nios2-elf/lib/mno-hw-mul\libsmallc.a(lib_a-__call_atexit.o)
                0x000000000000a51c                __call_exitprocs
 .text          0x000000000000a6ac       0x34 ../WiPhase_SW_bsp/\libhal_bsp.a(alt_exit.o)
                0x000000000000a6ac                _exit
 *(.gnu.warning.*)
 *(.fini)
                [!provide]                        PROVIDE (__etext, ABSOLUTE (.))
                [!provide]                        PROVIDE (_etext, ABSOLUTE (.))
                [!provide]                        PROVIDE (etext, ABSOLUTE (.))
 *(.eh_frame_hdr)
                0x000000000000a6e0                . = ALIGN (0x4)
                [!provide]                        PROVIDE (__preinit_array_start, ABSOLUTE (.))
 *(.preinit_array)
                [!provide]                        PROVIDE (__preinit_array_end, ABSOLUTE (.))
                [!provide]                        PROVIDE (__init_array_start, ABSOLUTE (.))
 *(.init_array)
                [!provide]                        PROVIDE (__init_array_end, ABSOLUTE (.))
                [!provide]                        PROVIDE (__fini_array_start, ABSOLUTE (.))
 *(.fini_array)
                [!provide]                        PROVIDE (__fini_array_end, ABSOLUTE (.))
 *(.eh_frame)
 *(.gcc_except_table .gcc_except_table.*)
 *(.dynamic)
                0x000000000000a6e0                PROVIDE (__CTOR_LIST__, ABSOLUTE (.))
 *(.ctors)
 *(SORT(.ctors.*))
                0x000000000000a6e0                PROVIDE (__CTOR_END__, ABSOLUTE (.))
                0x000000000000a6e0                PROVIDE (__DTOR_LIST__, ABSOLUTE (.))
 *(.dtors)
 *(SORT(.dtors.*))
                0x000000000000a6e0                PROVIDE (__DTOR_END__, ABSOLUTE (.))
 *(.jcr)
                0x000000000000a6e0                . = ALIGN (0x4)

.rodata         0x000000000000a6e0       0x9c
                0x000000000000a6e0                PROVIDE (__ram_rodata_start, ABSOLUTE (.))
                0x000000000000a6e0                . = ALIGN (0x4)
 *(.rodata .rodata.* .gnu.linkonce.r.*)
 .rodata        0x000000000000a6e0       0x56 obj/default/eth_init.o
 *fill*         0x000000000000a736        0x2 
 .rodata        0x000000000000a738       0x14 obj/default/hello_world.o
 .rodata.str1.4
                0x000000000000a74c        0x4 c:/intelfpga_lite/17.1/nios2eds/bin/gnu/h-x86_64-mingw32/bin/../lib/gcc/nios2-elf/5.3.0/../../../../../H-x86_64-mingw32/nios2-elf/lib/mno-hw-mul\libsmallc.a(lib_a-puts.o)
                                          0x2 (size before relaxing)
 .rodata        0x000000000000a750        0xf ../WiPhase_SW_bsp/\libhal_bsp.a(alt_main.o)
 *fill*         0x000000000000a75f        0x1 
 .rodata        0x000000000000a760        0xf ../WiPhase_SW_bsp/\libhal_bsp.a(alt_sys_init.o)
 *fill*         0x000000000000a76f        0x1 
 .rodata        0x000000000000a770        0xa ../WiPhase_SW_bsp/\libhal_bsp.a(alt_dev.o)
 *(.rodata1)
                0x000000000000a77c                . = ALIGN (0x4)
 *fill*         0x000000000000a77a        0x2 
                0x000000000000a77c                PROVIDE (__ram_rodata_end, ABSOLUTE (.))
                0x000000000000a6e0                PROVIDE (__flash_rodata_start, LOADADDR (.rodata))

.rwdata         0x000000000000a77c      0x2e0 load address 0x000000000000aa5c
                0x000000000000a77c                PROVIDE (__ram_rwdata_start, ABSOLUTE (.))
                0x000000000000a77c                . = ALIGN (0x4)
 *(.got.plt)
 *(.got)
 *(.data1)
 *(.data .data.* .gnu.linkonce.d.*)
 .data          0x000000000000a77c        0x0 ../WiPhase_SW_bsp//obj/HAL/src/crt0.o
 .data          0x000000000000a77c        0x0 obj/default/eth_init.o
 .data          0x000000000000a77c        0x0 obj/default/hello_world.o
 .data          0x000000000000a77c        0x0 c:/intelfpga_lite/17.1/nios2eds/bin/gnu/h-x86_64-mingw32/bin/../lib/gcc/nios2-elf/5.3.0/../../../../../H-x86_64-mingw32/nios2-elf/lib/mno-hw-mul\libsmallc.a(lib_a-printf.o)
 .data          0x000000000000a77c        0x0 c:/intelfpga_lite/17.1/nios2eds/bin/gnu/h-x86_64-mingw32/bin/../lib/gcc/nios2-elf/5.3.0/../../../../../H-x86_64-mingw32/nios2-elf/lib/mno-hw-mul\libsmallc.a(lib_a-puts.o)
 .data          0x000000000000a77c        0x0 c:/intelfpga_lite/17.1/nios2eds/bin/gnu/h-x86_64-mingw32/bin/../lib/gcc/nios2-elf/5.3.0/../../../../../H-x86_64-mingw32/nios2-elf/lib/mno-hw-mul\libsmallc.a(lib_a-strlen.o)
 .data          0x000000000000a77c        0x0 c:/intelfpga_lite/17.1/nios2eds/bin/gnu/h-x86_64-mingw32/bin/../lib/gcc/nios2-elf/5.3.0/../../../../../H-x86_64-mingw32/nios2-elf/lib/mno-hw-mul\libsmallc.a(lib_a-vfprintf.o)
 .data          0x000000000000a77c        0x0 c:/intelfpga_lite/17.1/nios2eds/bin/gnu/h-x86_64-mingw32/bin/../lib/gcc/nios2-elf/5.3.0/../../../../../H-x86_64-mingw32/nios2-elf/lib/mno-hw-mul\libsmallc.a(lib_a-fvwrite_small_dev.o)
 .data          0x000000000000a77c        0x0 c:/intelfpga_lite/17.1/nios2eds/bin/gnu/h-x86_64-mingw32/bin/../lib/gcc/nios2-elf/5.3.0/../../../../../H-x86_64-mingw32/nios2-elf/lib/mno-hw-mul\libsmallc.a(lib_a-impure.o)
 .data.impure_data
                0x000000000000a77c       0xe0 c:/intelfpga_lite/17.1/nios2eds/bin/gnu/h-x86_64-mingw32/bin/../lib/gcc/nios2-elf/5.3.0/../../../../../H-x86_64-mingw32/nios2-elf/lib/mno-hw-mul\libsmallc.a(lib_a-impure.o)
 .data          0x000000000000a85c        0x0 c:/intelfpga_lite/17.1/nios2eds/bin/gnu/h-x86_64-mingw32/bin/../lib/gcc/nios2-elf/5.3.0/../../../../../H-x86_64-mingw32/nios2-elf/lib/mno-hw-mul\libsmallc.a(lib_a-writer.o)
 .data          0x000000000000a85c        0x0 c:/intelfpga_lite/17.1/nios2eds/bin/gnu/h-x86_64-mingw32/bin/../lib/gcc/nios2-elf/5.3.0/../../../../../H-x86_64-mingw32/nios2-elf/lib/mno-hw-mul\libsmallc.a(lib_a-int_errno.o)
 .data          0x000000000000a85c        0x0 c:/intelfpga_lite/17.1/nios2eds/bin/gnu/h-x86_64-mingw32/bin/../lib/gcc/nios2-elf/5.3.0/mno-hw-mul\libgcc.a(lib2-divmod.o)
 .data          0x000000000000a85c        0x0 c:/intelfpga_lite/17.1/nios2eds/bin/gnu/h-x86_64-mingw32/bin/../lib/gcc/nios2-elf/5.3.0/mno-hw-mul\libgcc.a(lib2-mul.o)
 .data          0x000000000000a85c        0x0 ../WiPhase_SW_bsp/\libhal_bsp.a(alt_load.o)
 .data          0x000000000000a85c        0x0 ../WiPhase_SW_bsp/\libhal_bsp.a(alt_main.o)
 .data          0x000000000000a85c        0x0 ../WiPhase_SW_bsp/\libhal_bsp.a(alt_write.o)
 .data          0x000000000000a85c       0x2c ../WiPhase_SW_bsp/\libhal_bsp.a(alt_sys_init.o)
 .data          0x000000000000a888        0x0 ../WiPhase_SW_bsp/\libhal_bsp.a(altera_avalon_jtag_uart_fd.o)
 .data          0x000000000000a888        0x0 ../WiPhase_SW_bsp/\libhal_bsp.a(altera_avalon_jtag_uart_read.o)
 .data          0x000000000000a888        0x0 ../WiPhase_SW_bsp/\libhal_bsp.a(altera_avalon_jtag_uart_write.o)
 .data          0x000000000000a888        0x0 ../WiPhase_SW_bsp/\libhal_bsp.a(altera_avalon_timer_sc.o)
 .data          0x000000000000a888        0x0 ../WiPhase_SW_bsp/\libhal_bsp.a(alt_close.o)
 .data          0x000000000000a888        0x0 ../WiPhase_SW_bsp/\libhal_bsp.a(alt_dcache_flush_all.o)
 .data          0x000000000000a888      0x1a8 ../WiPhase_SW_bsp/\libhal_bsp.a(alt_dev.o)
                0x000000000000a888                alt_dev_null
                0x000000000000a8b0                alt_fd_list
 .data          0x000000000000aa30        0x0 ../WiPhase_SW_bsp/\libhal_bsp.a(alt_dev_llist_insert.o)
 .data          0x000000000000aa30        0x0 ../WiPhase_SW_bsp/\libhal_bsp.a(alt_do_ctors.o)
 .data          0x000000000000aa30        0x0 ../WiPhase_SW_bsp/\libhal_bsp.a(alt_do_dtors.o)
 .data          0x000000000000aa30        0x0 ../WiPhase_SW_bsp/\libhal_bsp.a(alt_errno.o)
 .data          0x000000000000aa30        0x0 ../WiPhase_SW_bsp/\libhal_bsp.a(alt_icache_flush_all.o)
 .data          0x000000000000aa30        0x0 ../WiPhase_SW_bsp/\libhal_bsp.a(alt_iic.o)
 .data          0x000000000000aa30        0x0 ../WiPhase_SW_bsp/\libhal_bsp.a(alt_iic_isr_register.o)
 .data          0x000000000000aa30        0x0 ../WiPhase_SW_bsp/\libhal_bsp.a(alt_io_redirect.o)
 .data          0x000000000000aa30        0x0 ../WiPhase_SW_bsp/\libhal_bsp.a(alt_irq_entry.o)
 .data          0x000000000000aa30        0x0 ../WiPhase_SW_bsp/\libhal_bsp.a(alt_irq_handler.o)
 .data          0x000000000000aa30        0x0 ../WiPhase_SW_bsp/\libhal_bsp.a(alt_irq_vars.o)
 .data          0x000000000000aa30        0x0 ../WiPhase_SW_bsp/\libhal_bsp.a(alt_open.o)
 .data          0x000000000000aa30        0x0 ../WiPhase_SW_bsp/\libhal_bsp.a(alt_release_fd.o)
 .data          0x000000000000aa30        0x0 ../WiPhase_SW_bsp/\libhal_bsp.a(alt_tick.o)
 .data          0x000000000000aa30        0x0 ../WiPhase_SW_bsp/\libhal_bsp.a(altera_nios2_gen2_irq.o)
 .data          0x000000000000aa30        0x0 ../WiPhase_SW_bsp/\libhal_bsp.a(alt_exception_entry.o)
 .data          0x000000000000aa30        0x0 ../WiPhase_SW_bsp/\libhal_bsp.a(alt_find_dev.o)
 .data          0x000000000000aa30        0x0 ../WiPhase_SW_bsp/\libhal_bsp.a(alt_find_file.o)
 .data          0x000000000000aa30        0x0 ../WiPhase_SW_bsp/\libhal_bsp.a(alt_get_fd.o)
 .data          0x000000000000aa30        0x0 ../WiPhase_SW_bsp/\libhal_bsp.a(alt_instruction_exception_entry.o)
 .data          0x000000000000aa30        0x0 c:/intelfpga_lite/17.1/nios2eds/bin/gnu/h-x86_64-mingw32/bin/../lib/gcc/nios2-elf/5.3.0/../../../../../H-x86_64-mingw32/nios2-elf/lib/mno-hw-mul\libsmallc.a(lib_a-atexit.o)
 .data          0x000000000000aa30        0x0 c:/intelfpga_lite/17.1/nios2eds/bin/gnu/h-x86_64-mingw32/bin/../lib/gcc/nios2-elf/5.3.0/../../../../../H-x86_64-mingw32/nios2-elf/lib/mno-hw-mul\libsmallc.a(lib_a-exit.o)
 .data          0x000000000000aa30        0x0 c:/intelfpga_lite/17.1/nios2eds/bin/gnu/h-x86_64-mingw32/bin/../lib/gcc/nios2-elf/5.3.0/../../../../../H-x86_64-mingw32/nios2-elf/lib/mno-hw-mul\libsmallc.a(lib_a-memcmp.o)
 .data          0x000000000000aa30        0x0 c:/intelfpga_lite/17.1/nios2eds/bin/gnu/h-x86_64-mingw32/bin/../lib/gcc/nios2-elf/5.3.0/../../../../../H-x86_64-mingw32/nios2-elf/lib/mno-hw-mul\libsmallc.a(lib_a-__atexit.o)
 .data          0x000000000000aa30        0x0 c:/intelfpga_lite/17.1/nios2eds/bin/gnu/h-x86_64-mingw32/bin/../lib/gcc/nios2-elf/5.3.0/../../../../../H-x86_64-mingw32/nios2-elf/lib/mno-hw-mul\libsmallc.a(lib_a-__call_atexit.o)
 .data          0x000000000000aa30        0x0 ../WiPhase_SW_bsp/\libhal_bsp.a(alt_exit.o)
                0x0000000000012a30                _gp = ABSOLUTE ((. + 0x8000))
                [!provide]                        PROVIDE (gp, _gp)
 *(.rwdata .rwdata.*)
 *(.sdata .sdata.* .gnu.linkonce.s.*)
 .sdata._global_impure_ptr
                0x000000000000aa30        0x4 c:/intelfpga_lite/17.1/nios2eds/bin/gnu/h-x86_64-mingw32/bin/../lib/gcc/nios2-elf/5.3.0/../../../../../H-x86_64-mingw32/nios2-elf/lib/mno-hw-mul\libsmallc.a(lib_a-impure.o)
                0x000000000000aa30                _global_impure_ptr
 .sdata._impure_ptr
                0x000000000000aa34        0x4 c:/intelfpga_lite/17.1/nios2eds/bin/gnu/h-x86_64-mingw32/bin/../lib/gcc/nios2-elf/5.3.0/../../../../../H-x86_64-mingw32/nios2-elf/lib/mno-hw-mul\libsmallc.a(lib_a-impure.o)
                0x000000000000aa34                _impure_ptr
 .sdata         0x000000000000aa38       0x14 ../WiPhase_SW_bsp/\libhal_bsp.a(alt_dev.o)
                0x000000000000aa38                alt_fs_list
                0x000000000000aa40                alt_dev_list
                0x000000000000aa48                alt_max_fd
 .sdata         0x000000000000aa4c        0x4 ../WiPhase_SW_bsp/\libhal_bsp.a(alt_errno.o)
                0x000000000000aa4c                alt_errno
 .sdata         0x000000000000aa50        0x4 ../WiPhase_SW_bsp/\libhal_bsp.a(alt_irq_vars.o)
                0x000000000000aa50                alt_priority_mask
 .sdata         0x000000000000aa54        0x8 ../WiPhase_SW_bsp/\libhal_bsp.a(alt_tick.o)
                0x000000000000aa54                alt_alarm_list
 *(.sdata2 .sdata2.* .gnu.linkonce.s2.*)
                0x000000000000aa5c                . = ALIGN (0x4)
                0x000000000000aa5c                _edata = ABSOLUTE (.)
                [!provide]                        PROVIDE (edata, ABSOLUTE (.))
                0x000000000000aa5c                PROVIDE (__ram_rwdata_end, ABSOLUTE (.))
                0x000000000000aa5c                PROVIDE (__flash_rwdata_start, LOADADDR (.rwdata))

.bss            0x000000000000ad3c      0x120
                0x000000000000ad3c                __bss_start = ABSOLUTE (.)
                [!provide]                        PROVIDE (__sbss_start, ABSOLUTE (.))
                [!provide]                        PROVIDE (___sbss_start, ABSOLUTE (.))
 *(.dynsbss)
 *(.sbss .sbss.* .gnu.linkonce.sb.*)
 .sbss          0x000000000000ad3c        0x4 c:/intelfpga_lite/17.1/nios2eds/bin/gnu/h-x86_64-mingw32/bin/../lib/gcc/nios2-elf/5.3.0/../../../../../H-x86_64-mingw32/nios2-elf/lib/mno-hw-mul\libsmallc.a(lib_a-int_errno.o)
                0x000000000000ad3c                errno
 .sbss          0x000000000000ad40        0xc ../WiPhase_SW_bsp/\libhal_bsp.a(alt_main.o)
                0x000000000000ad40                alt_argc
                0x000000000000ad44                alt_argv
                0x000000000000ad48                alt_envp
 .sbss          0x000000000000ad4c        0x4 ../WiPhase_SW_bsp/\libhal_bsp.a(alt_irq_vars.o)
                0x000000000000ad4c                alt_irq_active
 .sbss          0x000000000000ad50        0x8 ../WiPhase_SW_bsp/\libhal_bsp.a(alt_tick.o)
                0x000000000000ad50                _alt_tick_rate
                0x000000000000ad54                _alt_nticks
 .sbss          0x000000000000ad58        0x4 ../WiPhase_SW_bsp/\libhal_bsp.a(alt_instruction_exception_entry.o)
                0x000000000000ad58                alt_instruction_exception_handler
 *(.sbss2 .sbss2.* .gnu.linkonce.sb2.*)
 *(.scommon)
                [!provide]                        PROVIDE (__sbss_end, ABSOLUTE (.))
                [!provide]                        PROVIDE (___sbss_end, ABSOLUTE (.))
 *(.dynbss)
 *(.bss .bss.* .gnu.linkonce.b.*)
 .bss           0x000000000000ad5c        0x0 ../WiPhase_SW_bsp//obj/HAL/src/crt0.o
 .bss           0x000000000000ad5c        0x0 obj/default/eth_init.o
 .bss           0x000000000000ad5c        0x0 obj/default/hello_world.o
 .bss           0x000000000000ad5c        0x0 c:/intelfpga_lite/17.1/nios2eds/bin/gnu/h-x86_64-mingw32/bin/../lib/gcc/nios2-elf/5.3.0/../../../../../H-x86_64-mingw32/nios2-elf/lib/mno-hw-mul\libsmallc.a(lib_a-printf.o)
 .bss           0x000000000000ad5c        0x0 c:/intelfpga_lite/17.1/nios2eds/bin/gnu/h-x86_64-mingw32/bin/../lib/gcc/nios2-elf/5.3.0/../../../../../H-x86_64-mingw32/nios2-elf/lib/mno-hw-mul\libsmallc.a(lib_a-puts.o)
 .bss           0x000000000000ad5c        0x0 c:/intelfpga_lite/17.1/nios2eds/bin/gnu/h-x86_64-mingw32/bin/../lib/gcc/nios2-elf/5.3.0/../../../../../H-x86_64-mingw32/nios2-elf/lib/mno-hw-mul\libsmallc.a(lib_a-strlen.o)
 .bss           0x000000000000ad5c        0x0 c:/intelfpga_lite/17.1/nios2eds/bin/gnu/h-x86_64-mingw32/bin/../lib/gcc/nios2-elf/5.3.0/../../../../../H-x86_64-mingw32/nios2-elf/lib/mno-hw-mul\libsmallc.a(lib_a-vfprintf.o)
 .bss           0x000000000000ad5c        0x0 c:/intelfpga_lite/17.1/nios2eds/bin/gnu/h-x86_64-mingw32/bin/../lib/gcc/nios2-elf/5.3.0/../../../../../H-x86_64-mingw32/nios2-elf/lib/mno-hw-mul\libsmallc.a(lib_a-fvwrite_small_dev.o)
 .bss           0x000000000000ad5c        0x0 c:/intelfpga_lite/17.1/nios2eds/bin/gnu/h-x86_64-mingw32/bin/../lib/gcc/nios2-elf/5.3.0/../../../../../H-x86_64-mingw32/nios2-elf/lib/mno-hw-mul\libsmallc.a(lib_a-impure.o)
 .bss           0x000000000000ad5c        0x0 c:/intelfpga_lite/17.1/nios2eds/bin/gnu/h-x86_64-mingw32/bin/../lib/gcc/nios2-elf/5.3.0/../../../../../H-x86_64-mingw32/nios2-elf/lib/mno-hw-mul\libsmallc.a(lib_a-writer.o)
 .bss           0x000000000000ad5c        0x0 c:/intelfpga_lite/17.1/nios2eds/bin/gnu/h-x86_64-mingw32/bin/../lib/gcc/nios2-elf/5.3.0/../../../../../H-x86_64-mingw32/nios2-elf/lib/mno-hw-mul\libsmallc.a(lib_a-int_errno.o)
 .bss           0x000000000000ad5c        0x0 c:/intelfpga_lite/17.1/nios2eds/bin/gnu/h-x86_64-mingw32/bin/../lib/gcc/nios2-elf/5.3.0/mno-hw-mul\libgcc.a(lib2-divmod.o)
 .bss           0x000000000000ad5c        0x0 c:/intelfpga_lite/17.1/nios2eds/bin/gnu/h-x86_64-mingw32/bin/../lib/gcc/nios2-elf/5.3.0/mno-hw-mul\libgcc.a(lib2-mul.o)
 .bss           0x000000000000ad5c        0x0 ../WiPhase_SW_bsp/\libhal_bsp.a(alt_load.o)
 .bss           0x000000000000ad5c        0x0 ../WiPhase_SW_bsp/\libhal_bsp.a(alt_main.o)
 .bss           0x000000000000ad5c        0x0 ../WiPhase_SW_bsp/\libhal_bsp.a(alt_write.o)
 .bss           0x000000000000ad5c        0x0 ../WiPhase_SW_bsp/\libhal_bsp.a(alt_sys_init.o)
 .bss           0x000000000000ad5c        0x0 ../WiPhase_SW_bsp/\libhal_bsp.a(altera_avalon_jtag_uart_fd.o)
 .bss           0x000000000000ad5c        0x0 ../WiPhase_SW_bsp/\libhal_bsp.a(altera_avalon_jtag_uart_read.o)
 .bss           0x000000000000ad5c        0x0 ../WiPhase_SW_bsp/\libhal_bsp.a(altera_avalon_jtag_uart_write.o)
 .bss           0x000000000000ad5c        0x0 ../WiPhase_SW_bsp/\libhal_bsp.a(altera_avalon_timer_sc.o)
 .bss           0x000000000000ad5c        0x0 ../WiPhase_SW_bsp/\libhal_bsp.a(alt_close.o)
 .bss           0x000000000000ad5c        0x0 ../WiPhase_SW_bsp/\libhal_bsp.a(alt_dcache_flush_all.o)
 .bss           0x000000000000ad5c        0x0 ../WiPhase_SW_bsp/\libhal_bsp.a(alt_dev.o)
 .bss           0x000000000000ad5c        0x0 ../WiPhase_SW_bsp/\libhal_bsp.a(alt_dev_llist_insert.o)
 .bss           0x000000000000ad5c        0x0 ../WiPhase_SW_bsp/\libhal_bsp.a(alt_do_ctors.o)
 .bss           0x000000000000ad5c        0x0 ../WiPhase_SW_bsp/\libhal_bsp.a(alt_do_dtors.o)
 .bss           0x000000000000ad5c        0x0 ../WiPhase_SW_bsp/\libhal_bsp.a(alt_errno.o)
 .bss           0x000000000000ad5c        0x0 ../WiPhase_SW_bsp/\libhal_bsp.a(alt_icache_flush_all.o)
 .bss           0x000000000000ad5c        0x0 ../WiPhase_SW_bsp/\libhal_bsp.a(alt_iic.o)
 .bss           0x000000000000ad5c        0x0 ../WiPhase_SW_bsp/\libhal_bsp.a(alt_iic_isr_register.o)
 .bss           0x000000000000ad5c        0x0 ../WiPhase_SW_bsp/\libhal_bsp.a(alt_io_redirect.o)
 .bss           0x000000000000ad5c        0x0 ../WiPhase_SW_bsp/\libhal_bsp.a(alt_irq_entry.o)
 .bss           0x000000000000ad5c        0x0 ../WiPhase_SW_bsp/\libhal_bsp.a(alt_irq_handler.o)
 .bss           0x000000000000ad5c        0x0 ../WiPhase_SW_bsp/\libhal_bsp.a(alt_irq_vars.o)
 .bss           0x000000000000ad5c        0x0 ../WiPhase_SW_bsp/\libhal_bsp.a(alt_open.o)
 .bss           0x000000000000ad5c        0x0 ../WiPhase_SW_bsp/\libhal_bsp.a(alt_release_fd.o)
 .bss           0x000000000000ad5c        0x0 ../WiPhase_SW_bsp/\libhal_bsp.a(alt_tick.o)
 .bss           0x000000000000ad5c        0x0 ../WiPhase_SW_bsp/\libhal_bsp.a(altera_nios2_gen2_irq.o)
 .bss           0x000000000000ad5c        0x0 ../WiPhase_SW_bsp/\libhal_bsp.a(alt_exception_entry.o)
 .bss           0x000000000000ad5c        0x0 ../WiPhase_SW_bsp/\libhal_bsp.a(alt_find_dev.o)
 .bss           0x000000000000ad5c        0x0 ../WiPhase_SW_bsp/\libhal_bsp.a(alt_find_file.o)
 .bss           0x000000000000ad5c        0x0 ../WiPhase_SW_bsp/\libhal_bsp.a(alt_get_fd.o)
 .bss           0x000000000000ad5c        0x0 ../WiPhase_SW_bsp/\libhal_bsp.a(alt_instruction_exception_entry.o)
 .bss           0x000000000000ad5c        0x0 c:/intelfpga_lite/17.1/nios2eds/bin/gnu/h-x86_64-mingw32/bin/../lib/gcc/nios2-elf/5.3.0/../../../../../H-x86_64-mingw32/nios2-elf/lib/mno-hw-mul\libsmallc.a(lib_a-atexit.o)
 .bss           0x000000000000ad5c        0x0 c:/intelfpga_lite/17.1/nios2eds/bin/gnu/h-x86_64-mingw32/bin/../lib/gcc/nios2-elf/5.3.0/../../../../../H-x86_64-mingw32/nios2-elf/lib/mno-hw-mul\libsmallc.a(lib_a-exit.o)
 .bss           0x000000000000ad5c        0x0 c:/intelfpga_lite/17.1/nios2eds/bin/gnu/h-x86_64-mingw32/bin/../lib/gcc/nios2-elf/5.3.0/../../../../../H-x86_64-mingw32/nios2-elf/lib/mno-hw-mul\libsmallc.a(lib_a-memcmp.o)
 .bss           0x000000000000ad5c        0x0 c:/intelfpga_lite/17.1/nios2eds/bin/gnu/h-x86_64-mingw32/bin/../lib/gcc/nios2-elf/5.3.0/../../../../../H-x86_64-mingw32/nios2-elf/lib/mno-hw-mul\libsmallc.a(lib_a-__atexit.o)
 .bss           0x000000000000ad5c        0x0 c:/intelfpga_lite/17.1/nios2eds/bin/gnu/h-x86_64-mingw32/bin/../lib/gcc/nios2-elf/5.3.0/../../../../../H-x86_64-mingw32/nios2-elf/lib/mno-hw-mul\libsmallc.a(lib_a-__call_atexit.o)
 .bss           0x000000000000ad5c        0x0 ../WiPhase_SW_bsp/\libhal_bsp.a(alt_exit.o)
 *(COMMON)
 COMMON         0x000000000000ad5c      0x100 ../WiPhase_SW_bsp/\libhal_bsp.a(alt_irq_handler.o)
                0x000000000000ad5c                alt_irq
                0x000000000000ae5c                . = ALIGN (0x4)
                0x000000000000ae5c                __bss_end = ABSOLUTE (.)

.ram_onchip     0x000000000000ae5c        0x0
                [!provide]                        PROVIDE (_alt_partition_ram_onchip_start, ABSOLUTE (.))
 *(.ram_onchip .ram_onchip. ram_onchip.*)
                0x000000000000ae5c                . = ALIGN (0x4)
                [!provide]                        PROVIDE (_alt_partition_ram_onchip_end, ABSOLUTE (.))
                0x000000000000ae5c                _end = ABSOLUTE (.)
                0x000000000000ae5c                end = ABSOLUTE (.)
                0x000000000000ae5c                __alt_stack_base = ABSOLUTE (.)
                [!provide]                        PROVIDE (_alt_partition_ram_onchip_load_addr, LOADADDR (.ram_onchip))

.stab
 *(.stab)

.stabstr
 *(.stabstr)

.stab.excl
 *(.stab.excl)

.stab.exclstr
 *(.stab.exclstr)

.stab.index
 *(.stab.index)

.stab.indexstr
 *(.stab.indexstr)

.comment        0x0000000000000000       0x23
 *(.comment)
 .comment       0x0000000000000000       0x23 obj/default/eth_init.o
                                         0x24 (size before relaxing)
 .comment       0x0000000000000023       0x24 obj/default/hello_world.o
 .comment       0x0000000000000023       0x24 c:/intelfpga_lite/17.1/nios2eds/bin/gnu/h-x86_64-mingw32/bin/../lib/gcc/nios2-elf/5.3.0/../../../../../H-x86_64-mingw32/nios2-elf/lib/mno-hw-mul\libsmallc.a(lib_a-printf.o)
 .comment       0x0000000000000023       0x24 c:/intelfpga_lite/17.1/nios2eds/bin/gnu/h-x86_64-mingw32/bin/../lib/gcc/nios2-elf/5.3.0/../../../../../H-x86_64-mingw32/nios2-elf/lib/mno-hw-mul\libsmallc.a(lib_a-puts.o)
 .comment       0x0000000000000023       0x24 c:/intelfpga_lite/17.1/nios2eds/bin/gnu/h-x86_64-mingw32/bin/../lib/gcc/nios2-elf/5.3.0/../../../../../H-x86_64-mingw32/nios2-elf/lib/mno-hw-mul\libsmallc.a(lib_a-strlen.o)
 .comment       0x0000000000000023       0x24 c:/intelfpga_lite/17.1/nios2eds/bin/gnu/h-x86_64-mingw32/bin/../lib/gcc/nios2-elf/5.3.0/../../../../../H-x86_64-mingw32/nios2-elf/lib/mno-hw-mul\libsmallc.a(lib_a-vfprintf.o)
 .comment       0x0000000000000023       0x24 c:/intelfpga_lite/17.1/nios2eds/bin/gnu/h-x86_64-mingw32/bin/../lib/gcc/nios2-elf/5.3.0/../../../../../H-x86_64-mingw32/nios2-elf/lib/mno-hw-mul\libsmallc.a(lib_a-fvwrite_small_dev.o)
 .comment       0x0000000000000023       0x24 c:/intelfpga_lite/17.1/nios2eds/bin/gnu/h-x86_64-mingw32/bin/../lib/gcc/nios2-elf/5.3.0/../../../../../H-x86_64-mingw32/nios2-elf/lib/mno-hw-mul\libsmallc.a(lib_a-impure.o)
 .comment       0x0000000000000023       0x24 c:/intelfpga_lite/17.1/nios2eds/bin/gnu/h-x86_64-mingw32/bin/../lib/gcc/nios2-elf/5.3.0/../../../../../H-x86_64-mingw32/nios2-elf/lib/mno-hw-mul\libsmallc.a(lib_a-writer.o)
 .comment       0x0000000000000023       0x24 c:/intelfpga_lite/17.1/nios2eds/bin/gnu/h-x86_64-mingw32/bin/../lib/gcc/nios2-elf/5.3.0/../../../../../H-x86_64-mingw32/nios2-elf/lib/mno-hw-mul\libsmallc.a(lib_a-int_errno.o)
 .comment       0x0000000000000023       0x24 c:/intelfpga_lite/17.1/nios2eds/bin/gnu/h-x86_64-mingw32/bin/../lib/gcc/nios2-elf/5.3.0/mno-hw-mul\libgcc.a(lib2-divmod.o)
 .comment       0x0000000000000023       0x24 c:/intelfpga_lite/17.1/nios2eds/bin/gnu/h-x86_64-mingw32/bin/../lib/gcc/nios2-elf/5.3.0/mno-hw-mul\libgcc.a(lib2-mul.o)
 .comment       0x0000000000000023       0x24 ../WiPhase_SW_bsp/\libhal_bsp.a(alt_load.o)
 .comment       0x0000000000000023       0x24 ../WiPhase_SW_bsp/\libhal_bsp.a(alt_main.o)
 .comment       0x0000000000000023       0x24 ../WiPhase_SW_bsp/\libhal_bsp.a(alt_write.o)
 .comment       0x0000000000000023       0x24 ../WiPhase_SW_bsp/\libhal_bsp.a(alt_sys_init.o)
 .comment       0x0000000000000023       0x24 ../WiPhase_SW_bsp/\libhal_bsp.a(altera_avalon_jtag_uart_fd.o)
 .comment       0x0000000000000023       0x24 ../WiPhase_SW_bsp/\libhal_bsp.a(altera_avalon_jtag_uart_read.o)
 .comment       0x0000000000000023       0x24 ../WiPhase_SW_bsp/\libhal_bsp.a(altera_avalon_jtag_uart_write.o)
 .comment       0x0000000000000023       0x24 ../WiPhase_SW_bsp/\libhal_bsp.a(altera_avalon_timer_sc.o)
 .comment       0x0000000000000023       0x24 ../WiPhase_SW_bsp/\libhal_bsp.a(alt_close.o)
 .comment       0x0000000000000023       0x24 ../WiPhase_SW_bsp/\libhal_bsp.a(alt_dcache_flush_all.o)
 .comment       0x0000000000000023       0x24 ../WiPhase_SW_bsp/\libhal_bsp.a(alt_dev.o)
 .comment       0x0000000000000023       0x24 ../WiPhase_SW_bsp/\libhal_bsp.a(alt_dev_llist_insert.o)
 .comment       0x0000000000000023       0x24 ../WiPhase_SW_bsp/\libhal_bsp.a(alt_do_ctors.o)
 .comment       0x0000000000000023       0x24 ../WiPhase_SW_bsp/\libhal_bsp.a(alt_do_dtors.o)
 .comment       0x0000000000000023       0x24 ../WiPhase_SW_bsp/\libhal_bsp.a(alt_errno.o)
 .comment       0x0000000000000023       0x24 ../WiPhase_SW_bsp/\libhal_bsp.a(alt_icache_flush_all.o)
 .comment       0x0000000000000023       0x24 ../WiPhase_SW_bsp/\libhal_bsp.a(alt_iic.o)
 .comment       0x0000000000000023       0x24 ../WiPhase_SW_bsp/\libhal_bsp.a(alt_iic_isr_register.o)
 .comment       0x0000000000000023       0x24 ../WiPhase_SW_bsp/\libhal_bsp.a(alt_io_redirect.o)
 .comment       0x0000000000000023       0x24 ../WiPhase_SW_bsp/\libhal_bsp.a(alt_irq_handler.o)
 .comment       0x0000000000000023       0x24 ../WiPhase_SW_bsp/\libhal_bsp.a(alt_irq_vars.o)
 .comment       0x0000000000000023       0x24 ../WiPhase_SW_bsp/\libhal_bsp.a(alt_open.o)
 .comment       0x0000000000000023       0x24 ../WiPhase_SW_bsp/\libhal_bsp.a(alt_release_fd.o)
 .comment       0x0000000000000023       0x24 ../WiPhase_SW_bsp/\libhal_bsp.a(alt_tick.o)
 .comment       0x0000000000000023       0x24 ../WiPhase_SW_bsp/\libhal_bsp.a(altera_nios2_gen2_irq.o)
 .comment       0x0000000000000023       0x24 ../WiPhase_SW_bsp/\libhal_bsp.a(alt_find_dev.o)
 .comment       0x0000000000000023       0x24 ../WiPhase_SW_bsp/\libhal_bsp.a(alt_find_file.o)
 .comment       0x0000000000000023       0x24 ../WiPhase_SW_bsp/\libhal_bsp.a(alt_get_fd.o)
 .comment       0x0000000000000023       0x24 ../WiPhase_SW_bsp/\libhal_bsp.a(alt_instruction_exception_entry.o)
 .comment       0x0000000000000023       0x24 c:/intelfpga_lite/17.1/nios2eds/bin/gnu/h-x86_64-mingw32/bin/../lib/gcc/nios2-elf/5.3.0/../../../../../H-x86_64-mingw32/nios2-elf/lib/mno-hw-mul\libsmallc.a(lib_a-atexit.o)
 .comment       0x0000000000000023       0x24 c:/intelfpga_lite/17.1/nios2eds/bin/gnu/h-x86_64-mingw32/bin/../lib/gcc/nios2-elf/5.3.0/../../../../../H-x86_64-mingw32/nios2-elf/lib/mno-hw-mul\libsmallc.a(lib_a-exit.o)
 .comment       0x0000000000000023       0x24 c:/intelfpga_lite/17.1/nios2eds/bin/gnu/h-x86_64-mingw32/bin/../lib/gcc/nios2-elf/5.3.0/../../../../../H-x86_64-mingw32/nios2-elf/lib/mno-hw-mul\libsmallc.a(lib_a-memcmp.o)
 .comment       0x0000000000000023       0x24 c:/intelfpga_lite/17.1/nios2eds/bin/gnu/h-x86_64-mingw32/bin/../lib/gcc/nios2-elf/5.3.0/../../../../../H-x86_64-mingw32/nios2-elf/lib/mno-hw-mul\libsmallc.a(lib_a-__atexit.o)
 .comment       0x0000000000000023       0x24 c:/intelfpga_lite/17.1/nios2eds/bin/gnu/h-x86_64-mingw32/bin/../lib/gcc/nios2-elf/5.3.0/../../../../../H-x86_64-mingw32/nios2-elf/lib/mno-hw-mul\libsmallc.a(lib_a-__call_atexit.o)
 .comment       0x0000000000000023       0x24 ../WiPhase_SW_bsp/\libhal_bsp.a(alt_exit.o)

.debug
 *(.debug)

.line
 *(.line)

.debug_srcinfo
 *(.debug_srcinfo)

.debug_sfnames
 *(.debug_sfnames)

.debug_aranges  0x0000000000000000      0x678
 *(.debug_aranges)
 .debug_aranges
                0x0000000000000000       0x28 ../WiPhase_SW_bsp//obj/HAL/src/crt0.o
 .debug_aranges
                0x0000000000000028       0x20 obj/default/eth_init.o
 .debug_aranges
                0x0000000000000048       0x20 obj/default/hello_world.o
 .debug_aranges
                0x0000000000000068       0x28 c:/intelfpga_lite/17.1/nios2eds/bin/gnu/h-x86_64-mingw32/bin/../lib/gcc/nios2-elf/5.3.0/../../../../../H-x86_64-mingw32/nios2-elf/lib/mno-hw-mul\libsmallc.a(lib_a-printf.o)
 .debug_aranges
                0x0000000000000090       0x28 c:/intelfpga_lite/17.1/nios2eds/bin/gnu/h-x86_64-mingw32/bin/../lib/gcc/nios2-elf/5.3.0/../../../../../H-x86_64-mingw32/nios2-elf/lib/mno-hw-mul\libsmallc.a(lib_a-puts.o)
 .debug_aranges
                0x00000000000000b8       0x20 c:/intelfpga_lite/17.1/nios2eds/bin/gnu/h-x86_64-mingw32/bin/../lib/gcc/nios2-elf/5.3.0/../../../../../H-x86_64-mingw32/nios2-elf/lib/mno-hw-mul\libsmallc.a(lib_a-strlen.o)
 .debug_aranges
                0x00000000000000d8       0x30 c:/intelfpga_lite/17.1/nios2eds/bin/gnu/h-x86_64-mingw32/bin/../lib/gcc/nios2-elf/5.3.0/../../../../../H-x86_64-mingw32/nios2-elf/lib/mno-hw-mul\libsmallc.a(lib_a-vfprintf.o)
 .debug_aranges
                0x0000000000000108       0x20 c:/intelfpga_lite/17.1/nios2eds/bin/gnu/h-x86_64-mingw32/bin/../lib/gcc/nios2-elf/5.3.0/../../../../../H-x86_64-mingw32/nios2-elf/lib/mno-hw-mul\libsmallc.a(lib_a-fvwrite_small_dev.o)
 .debug_aranges
                0x0000000000000128       0x18 c:/intelfpga_lite/17.1/nios2eds/bin/gnu/h-x86_64-mingw32/bin/../lib/gcc/nios2-elf/5.3.0/../../../../../H-x86_64-mingw32/nios2-elf/lib/mno-hw-mul\libsmallc.a(lib_a-impure.o)
 .debug_aranges
                0x0000000000000140       0x20 c:/intelfpga_lite/17.1/nios2eds/bin/gnu/h-x86_64-mingw32/bin/../lib/gcc/nios2-elf/5.3.0/../../../../../H-x86_64-mingw32/nios2-elf/lib/mno-hw-mul\libsmallc.a(lib_a-writer.o)
 .debug_aranges
                0x0000000000000160       0x18 c:/intelfpga_lite/17.1/nios2eds/bin/gnu/h-x86_64-mingw32/bin/../lib/gcc/nios2-elf/5.3.0/../../../../../H-x86_64-mingw32/nios2-elf/lib/mno-hw-mul\libsmallc.a(lib_a-int_errno.o)
 .debug_aranges
                0x0000000000000178       0x20 c:/intelfpga_lite/17.1/nios2eds/bin/gnu/h-x86_64-mingw32/bin/../lib/gcc/nios2-elf/5.3.0/mno-hw-mul\libgcc.a(lib2-divmod.o)
 .debug_aranges
                0x0000000000000198       0x20 c:/intelfpga_lite/17.1/nios2eds/bin/gnu/h-x86_64-mingw32/bin/../lib/gcc/nios2-elf/5.3.0/mno-hw-mul\libgcc.a(lib2-mul.o)
 .debug_aranges
                0x00000000000001b8       0x20 ../WiPhase_SW_bsp/\libhal_bsp.a(alt_load.o)
 .debug_aranges
                0x00000000000001d8       0x20 ../WiPhase_SW_bsp/\libhal_bsp.a(alt_main.o)
 .debug_aranges
                0x00000000000001f8       0x20 ../WiPhase_SW_bsp/\libhal_bsp.a(alt_write.o)
 .debug_aranges
                0x0000000000000218       0x20 ../WiPhase_SW_bsp/\libhal_bsp.a(alt_sys_init.o)
 .debug_aranges
                0x0000000000000238       0x20 ../WiPhase_SW_bsp/\libhal_bsp.a(altera_avalon_jtag_uart_fd.o)
 .debug_aranges
                0x0000000000000258       0x20 ../WiPhase_SW_bsp/\libhal_bsp.a(altera_avalon_jtag_uart_read.o)
 .debug_aranges
                0x0000000000000278       0x20 ../WiPhase_SW_bsp/\libhal_bsp.a(altera_avalon_jtag_uart_write.o)
 .debug_aranges
                0x0000000000000298       0x20 ../WiPhase_SW_bsp/\libhal_bsp.a(altera_avalon_timer_sc.o)
 .debug_aranges
                0x00000000000002b8       0x20 ../WiPhase_SW_bsp/\libhal_bsp.a(alt_close.o)
 .debug_aranges
                0x00000000000002d8       0x20 ../WiPhase_SW_bsp/\libhal_bsp.a(alt_dcache_flush_all.o)
 .debug_aranges
                0x00000000000002f8       0x20 ../WiPhase_SW_bsp/\libhal_bsp.a(alt_dev.o)
 .debug_aranges
                0x0000000000000318       0x20 ../WiPhase_SW_bsp/\libhal_bsp.a(alt_dev_llist_insert.o)
 .debug_aranges
                0x0000000000000338       0x20 ../WiPhase_SW_bsp/\libhal_bsp.a(alt_do_ctors.o)
 .debug_aranges
                0x0000000000000358       0x20 ../WiPhase_SW_bsp/\libhal_bsp.a(alt_do_dtors.o)
 .debug_aranges
                0x0000000000000378       0x18 ../WiPhase_SW_bsp/\libhal_bsp.a(alt_errno.o)
 .debug_aranges
                0x0000000000000390       0x20 ../WiPhase_SW_bsp/\libhal_bsp.a(alt_icache_flush_all.o)
 .debug_aranges
                0x00000000000003b0       0x20 ../WiPhase_SW_bsp/\libhal_bsp.a(alt_iic.o)
 .debug_aranges
                0x00000000000003d0       0x20 ../WiPhase_SW_bsp/\libhal_bsp.a(alt_iic_isr_register.o)
 .debug_aranges
                0x00000000000003f0       0x20 ../WiPhase_SW_bsp/\libhal_bsp.a(alt_io_redirect.o)
 .debug_aranges
                0x0000000000000410       0x30 ../WiPhase_SW_bsp/\libhal_bsp.a(alt_irq_entry.o)
 .debug_aranges
                0x0000000000000440       0x20 ../WiPhase_SW_bsp/\libhal_bsp.a(alt_irq_handler.o)
 .debug_aranges
                0x0000000000000460       0x18 ../WiPhase_SW_bsp/\libhal_bsp.a(alt_irq_vars.o)
 .debug_aranges
                0x0000000000000478       0x20 ../WiPhase_SW_bsp/\libhal_bsp.a(alt_open.o)
 .debug_aranges
                0x0000000000000498       0x20 ../WiPhase_SW_bsp/\libhal_bsp.a(alt_release_fd.o)
 .debug_aranges
                0x00000000000004b8       0x20 ../WiPhase_SW_bsp/\libhal_bsp.a(alt_tick.o)
 .debug_aranges
                0x00000000000004d8       0x20 ../WiPhase_SW_bsp/\libhal_bsp.a(altera_nios2_gen2_irq.o)
 .debug_aranges
                0x00000000000004f8       0x38 ../WiPhase_SW_bsp/\libhal_bsp.a(alt_exception_entry.o)
 .debug_aranges
                0x0000000000000530       0x20 ../WiPhase_SW_bsp/\libhal_bsp.a(alt_find_dev.o)
 .debug_aranges
                0x0000000000000550       0x20 ../WiPhase_SW_bsp/\libhal_bsp.a(alt_find_file.o)
 .debug_aranges
                0x0000000000000570       0x20 ../WiPhase_SW_bsp/\libhal_bsp.a(alt_get_fd.o)
 .debug_aranges
                0x0000000000000590       0x28 ../WiPhase_SW_bsp/\libhal_bsp.a(alt_instruction_exception_entry.o)
 .debug_aranges
                0x00000000000005b8       0x20 c:/intelfpga_lite/17.1/nios2eds/bin/gnu/h-x86_64-mingw32/bin/../lib/gcc/nios2-elf/5.3.0/../../../../../H-x86_64-mingw32/nios2-elf/lib/mno-hw-mul\libsmallc.a(lib_a-atexit.o)
 .debug_aranges
                0x00000000000005d8       0x20 c:/intelfpga_lite/17.1/nios2eds/bin/gnu/h-x86_64-mingw32/bin/../lib/gcc/nios2-elf/5.3.0/../../../../../H-x86_64-mingw32/nios2-elf/lib/mno-hw-mul\libsmallc.a(lib_a-exit.o)
 .debug_aranges
                0x00000000000005f8       0x20 c:/intelfpga_lite/17.1/nios2eds/bin/gnu/h-x86_64-mingw32/bin/../lib/gcc/nios2-elf/5.3.0/../../../../../H-x86_64-mingw32/nios2-elf/lib/mno-hw-mul\libsmallc.a(lib_a-memcmp.o)
 .debug_aranges
                0x0000000000000618       0x20 c:/intelfpga_lite/17.1/nios2eds/bin/gnu/h-x86_64-mingw32/bin/../lib/gcc/nios2-elf/5.3.0/../../../../../H-x86_64-mingw32/nios2-elf/lib/mno-hw-mul\libsmallc.a(lib_a-__atexit.o)
 .debug_aranges
                0x0000000000000638       0x20 c:/intelfpga_lite/17.1/nios2eds/bin/gnu/h-x86_64-mingw32/bin/../lib/gcc/nios2-elf/5.3.0/../../../../../H-x86_64-mingw32/nios2-elf/lib/mno-hw-mul\libsmallc.a(lib_a-__call_atexit.o)
 .debug_aranges
                0x0000000000000658       0x20 ../WiPhase_SW_bsp/\libhal_bsp.a(alt_exit.o)

.debug_pubnames
 *(.debug_pubnames)

.debug_info     0x0000000000000000     0x8448
 *(.debug_info .gnu.linkonce.wi.*)
 .debug_info    0x0000000000000000       0xb5 ../WiPhase_SW_bsp//obj/HAL/src/crt0.o
 .debug_info    0x00000000000000b5      0x117 obj/default/eth_init.o
 .debug_info    0x00000000000001cc       0xcb obj/default/hello_world.o
 .debug_info    0x0000000000000297      0x699 c:/intelfpga_lite/17.1/nios2eds/bin/gnu/h-x86_64-mingw32/bin/../lib/gcc/nios2-elf/5.3.0/../../../../../H-x86_64-mingw32/nios2-elf/lib/mno-hw-mul\libsmallc.a(lib_a-printf.o)
 .debug_info    0x0000000000000930      0x66d c:/intelfpga_lite/17.1/nios2eds/bin/gnu/h-x86_64-mingw32/bin/../lib/gcc/nios2-elf/5.3.0/../../../../../H-x86_64-mingw32/nios2-elf/lib/mno-hw-mul\libsmallc.a(lib_a-puts.o)
 .debug_info    0x0000000000000f9d       0xc9 c:/intelfpga_lite/17.1/nios2eds/bin/gnu/h-x86_64-mingw32/bin/../lib/gcc/nios2-elf/5.3.0/../../../../../H-x86_64-mingw32/nios2-elf/lib/mno-hw-mul\libsmallc.a(lib_a-strlen.o)
 .debug_info    0x0000000000001066      0xb2b c:/intelfpga_lite/17.1/nios2eds/bin/gnu/h-x86_64-mingw32/bin/../lib/gcc/nios2-elf/5.3.0/../../../../../H-x86_64-mingw32/nios2-elf/lib/mno-hw-mul\libsmallc.a(lib_a-vfprintf.o)
 .debug_info    0x0000000000001b91      0x62b c:/intelfpga_lite/17.1/nios2eds/bin/gnu/h-x86_64-mingw32/bin/../lib/gcc/nios2-elf/5.3.0/../../../../../H-x86_64-mingw32/nios2-elf/lib/mno-hw-mul\libsmallc.a(lib_a-fvwrite_small_dev.o)
 .debug_info    0x00000000000021bc      0x5a9 c:/intelfpga_lite/17.1/nios2eds/bin/gnu/h-x86_64-mingw32/bin/../lib/gcc/nios2-elf/5.3.0/../../../../../H-x86_64-mingw32/nios2-elf/lib/mno-hw-mul\libsmallc.a(lib_a-impure.o)
 .debug_info    0x0000000000002765      0x630 c:/intelfpga_lite/17.1/nios2eds/bin/gnu/h-x86_64-mingw32/bin/../lib/gcc/nios2-elf/5.3.0/../../../../../H-x86_64-mingw32/nios2-elf/lib/mno-hw-mul\libsmallc.a(lib_a-writer.o)
 .debug_info    0x0000000000002d95       0x8a c:/intelfpga_lite/17.1/nios2eds/bin/gnu/h-x86_64-mingw32/bin/../lib/gcc/nios2-elf/5.3.0/../../../../../H-x86_64-mingw32/nios2-elf/lib/mno-hw-mul\libsmallc.a(lib_a-int_errno.o)
 .debug_info    0x0000000000002e1f      0x2c6 c:/intelfpga_lite/17.1/nios2eds/bin/gnu/h-x86_64-mingw32/bin/../lib/gcc/nios2-elf/5.3.0/mno-hw-mul\libgcc.a(lib2-divmod.o)
 .debug_info    0x00000000000030e5       0xb4 c:/intelfpga_lite/17.1/nios2eds/bin/gnu/h-x86_64-mingw32/bin/../lib/gcc/nios2-elf/5.3.0/mno-hw-mul\libgcc.a(lib2-mul.o)
 .debug_info    0x0000000000003199      0x145 ../WiPhase_SW_bsp/\libhal_bsp.a(alt_load.o)
 .debug_info    0x00000000000032de      0x131 ../WiPhase_SW_bsp/\libhal_bsp.a(alt_main.o)
 .debug_info    0x000000000000340f      0x4b7 ../WiPhase_SW_bsp/\libhal_bsp.a(alt_write.o)
 .debug_info    0x00000000000038c6      0x3df ../WiPhase_SW_bsp/\libhal_bsp.a(alt_sys_init.o)
 .debug_info    0x0000000000003ca5      0x3a7 ../WiPhase_SW_bsp/\libhal_bsp.a(altera_avalon_jtag_uart_fd.o)
 .debug_info    0x000000000000404c      0x1b2 ../WiPhase_SW_bsp/\libhal_bsp.a(altera_avalon_jtag_uart_read.o)
 .debug_info    0x00000000000041fe      0x195 ../WiPhase_SW_bsp/\libhal_bsp.a(altera_avalon_jtag_uart_write.o)
 .debug_info    0x0000000000004393      0x226 ../WiPhase_SW_bsp/\libhal_bsp.a(altera_avalon_timer_sc.o)
 .debug_info    0x00000000000045b9      0x321 ../WiPhase_SW_bsp/\libhal_bsp.a(alt_close.o)
 .debug_info    0x00000000000048da       0x92 ../WiPhase_SW_bsp/\libhal_bsp.a(alt_dcache_flush_all.o)
 .debug_info    0x000000000000496c      0x49c ../WiPhase_SW_bsp/\libhal_bsp.a(alt_dev.o)
 .debug_info    0x0000000000004e08      0x1a9 ../WiPhase_SW_bsp/\libhal_bsp.a(alt_dev_llist_insert.o)
 .debug_info    0x0000000000004fb1       0x83 ../WiPhase_SW_bsp/\libhal_bsp.a(alt_do_ctors.o)
 .debug_info    0x0000000000005034       0x83 ../WiPhase_SW_bsp/\libhal_bsp.a(alt_do_dtors.o)
 .debug_info    0x00000000000050b7       0xa6 ../WiPhase_SW_bsp/\libhal_bsp.a(alt_errno.o)
 .debug_info    0x000000000000515d       0x92 ../WiPhase_SW_bsp/\libhal_bsp.a(alt_icache_flush_all.o)
 .debug_info    0x00000000000051ef      0x350 ../WiPhase_SW_bsp/\libhal_bsp.a(alt_iic.o)
 .debug_info    0x000000000000553f      0x1ef ../WiPhase_SW_bsp/\libhal_bsp.a(alt_iic_isr_register.o)
 .debug_info    0x000000000000572e      0x4a5 ../WiPhase_SW_bsp/\libhal_bsp.a(alt_io_redirect.o)
 .debug_info    0x0000000000005bd3       0xbe ../WiPhase_SW_bsp/\libhal_bsp.a(alt_irq_entry.o)
 .debug_info    0x0000000000005c91      0x187 ../WiPhase_SW_bsp/\libhal_bsp.a(alt_irq_handler.o)
 .debug_info    0x0000000000005e18       0x88 ../WiPhase_SW_bsp/\libhal_bsp.a(alt_irq_vars.o)
 .debug_info    0x0000000000005ea0      0x3bb ../WiPhase_SW_bsp/\libhal_bsp.a(alt_open.o)
 .debug_info    0x000000000000625b      0x2b0 ../WiPhase_SW_bsp/\libhal_bsp.a(alt_release_fd.o)
 .debug_info    0x000000000000650b      0x299 ../WiPhase_SW_bsp/\libhal_bsp.a(alt_tick.o)
 .debug_info    0x00000000000067a4       0x92 ../WiPhase_SW_bsp/\libhal_bsp.a(altera_nios2_gen2_irq.o)
 .debug_info    0x0000000000006836       0xc4 ../WiPhase_SW_bsp/\libhal_bsp.a(alt_exception_entry.o)
 .debug_info    0x00000000000068fa      0x2e9 ../WiPhase_SW_bsp/\libhal_bsp.a(alt_find_dev.o)
 .debug_info    0x0000000000006be3      0x2e6 ../WiPhase_SW_bsp/\libhal_bsp.a(alt_find_file.o)
 .debug_info    0x0000000000006ec9      0x310 ../WiPhase_SW_bsp/\libhal_bsp.a(alt_get_fd.o)
 .debug_info    0x00000000000071d9      0x1e7 ../WiPhase_SW_bsp/\libhal_bsp.a(alt_instruction_exception_entry.o)
 .debug_info    0x00000000000073c0       0xfe c:/intelfpga_lite/17.1/nios2eds/bin/gnu/h-x86_64-mingw32/bin/../lib/gcc/nios2-elf/5.3.0/../../../../../H-x86_64-mingw32/nios2-elf/lib/mno-hw-mul\libsmallc.a(lib_a-atexit.o)
 .debug_info    0x00000000000074be       0xe5 c:/intelfpga_lite/17.1/nios2eds/bin/gnu/h-x86_64-mingw32/bin/../lib/gcc/nios2-elf/5.3.0/../../../../../H-x86_64-mingw32/nios2-elf/lib/mno-hw-mul\libsmallc.a(lib_a-exit.o)
 .debug_info    0x00000000000075a3       0xf4 c:/intelfpga_lite/17.1/nios2eds/bin/gnu/h-x86_64-mingw32/bin/../lib/gcc/nios2-elf/5.3.0/../../../../../H-x86_64-mingw32/nios2-elf/lib/mno-hw-mul\libsmallc.a(lib_a-memcmp.o)
 .debug_info    0x0000000000007697      0x64a c:/intelfpga_lite/17.1/nios2eds/bin/gnu/h-x86_64-mingw32/bin/../lib/gcc/nios2-elf/5.3.0/../../../../../H-x86_64-mingw32/nios2-elf/lib/mno-hw-mul\libsmallc.a(lib_a-__atexit.o)
 .debug_info    0x0000000000007ce1      0x67b c:/intelfpga_lite/17.1/nios2eds/bin/gnu/h-x86_64-mingw32/bin/../lib/gcc/nios2-elf/5.3.0/../../../../../H-x86_64-mingw32/nios2-elf/lib/mno-hw-mul\libsmallc.a(lib_a-__call_atexit.o)
 .debug_info    0x000000000000835c       0xec ../WiPhase_SW_bsp/\libhal_bsp.a(alt_exit.o)

.debug_abbrev   0x0000000000000000     0x2e47
 *(.debug_abbrev)
 .debug_abbrev  0x0000000000000000       0x12 ../WiPhase_SW_bsp//obj/HAL/src/crt0.o
 .debug_abbrev  0x0000000000000012       0xa2 obj/default/eth_init.o
 .debug_abbrev  0x00000000000000b4       0x70 obj/default/hello_world.o
 .debug_abbrev  0x0000000000000124      0x1ee c:/intelfpga_lite/17.1/nios2eds/bin/gnu/h-x86_64-mingw32/bin/../lib/gcc/nios2-elf/5.3.0/../../../../../H-x86_64-mingw32/nios2-elf/lib/mno-hw-mul\libsmallc.a(lib_a-printf.o)
 .debug_abbrev  0x0000000000000312      0x1d6 c:/intelfpga_lite/17.1/nios2eds/bin/gnu/h-x86_64-mingw32/bin/../lib/gcc/nios2-elf/5.3.0/../../../../../H-x86_64-mingw32/nios2-elf/lib/mno-hw-mul\libsmallc.a(lib_a-puts.o)
 .debug_abbrev  0x00000000000004e8       0x7f c:/intelfpga_lite/17.1/nios2eds/bin/gnu/h-x86_64-mingw32/bin/../lib/gcc/nios2-elf/5.3.0/../../../../../H-x86_64-mingw32/nios2-elf/lib/mno-hw-mul\libsmallc.a(lib_a-strlen.o)
 .debug_abbrev  0x0000000000000567      0x2a1 c:/intelfpga_lite/17.1/nios2eds/bin/gnu/h-x86_64-mingw32/bin/../lib/gcc/nios2-elf/5.3.0/../../../../../H-x86_64-mingw32/nios2-elf/lib/mno-hw-mul\libsmallc.a(lib_a-vfprintf.o)
 .debug_abbrev  0x0000000000000808      0x1bc c:/intelfpga_lite/17.1/nios2eds/bin/gnu/h-x86_64-mingw32/bin/../lib/gcc/nios2-elf/5.3.0/../../../../../H-x86_64-mingw32/nios2-elf/lib/mno-hw-mul\libsmallc.a(lib_a-fvwrite_small_dev.o)
 .debug_abbrev  0x00000000000009c4      0x14a c:/intelfpga_lite/17.1/nios2eds/bin/gnu/h-x86_64-mingw32/bin/../lib/gcc/nios2-elf/5.3.0/../../../../../H-x86_64-mingw32/nios2-elf/lib/mno-hw-mul\libsmallc.a(lib_a-impure.o)
 .debug_abbrev  0x0000000000000b0e      0x1a6 c:/intelfpga_lite/17.1/nios2eds/bin/gnu/h-x86_64-mingw32/bin/../lib/gcc/nios2-elf/5.3.0/../../../../../H-x86_64-mingw32/nios2-elf/lib/mno-hw-mul\libsmallc.a(lib_a-writer.o)
 .debug_abbrev  0x0000000000000cb4       0x37 c:/intelfpga_lite/17.1/nios2eds/bin/gnu/h-x86_64-mingw32/bin/../lib/gcc/nios2-elf/5.3.0/../../../../../H-x86_64-mingw32/nios2-elf/lib/mno-hw-mul\libsmallc.a(lib_a-int_errno.o)
 .debug_abbrev  0x0000000000000ceb      0x10e c:/intelfpga_lite/17.1/nios2eds/bin/gnu/h-x86_64-mingw32/bin/../lib/gcc/nios2-elf/5.3.0/mno-hw-mul\libgcc.a(lib2-divmod.o)
 .debug_abbrev  0x0000000000000df9       0x6f c:/intelfpga_lite/17.1/nios2eds/bin/gnu/h-x86_64-mingw32/bin/../lib/gcc/nios2-elf/5.3.0/mno-hw-mul\libgcc.a(lib2-mul.o)
 .debug_abbrev  0x0000000000000e68       0x9f ../WiPhase_SW_bsp/\libhal_bsp.a(alt_load.o)
 .debug_abbrev  0x0000000000000f07       0xba ../WiPhase_SW_bsp/\libhal_bsp.a(alt_main.o)
 .debug_abbrev  0x0000000000000fc1      0x133 ../WiPhase_SW_bsp/\libhal_bsp.a(alt_write.o)
 .debug_abbrev  0x00000000000010f4      0x157 ../WiPhase_SW_bsp/\libhal_bsp.a(alt_sys_init.o)
 .debug_abbrev  0x000000000000124b       0xf7 ../WiPhase_SW_bsp/\libhal_bsp.a(altera_avalon_jtag_uart_fd.o)
 .debug_abbrev  0x0000000000001342       0xd5 ../WiPhase_SW_bsp/\libhal_bsp.a(altera_avalon_jtag_uart_read.o)
 .debug_abbrev  0x0000000000001417       0xd5 ../WiPhase_SW_bsp/\libhal_bsp.a(altera_avalon_jtag_uart_write.o)
 .debug_abbrev  0x00000000000014ec      0x155 ../WiPhase_SW_bsp/\libhal_bsp.a(altera_avalon_timer_sc.o)
 .debug_abbrev  0x0000000000001641      0x11f ../WiPhase_SW_bsp/\libhal_bsp.a(alt_close.o)
 .debug_abbrev  0x0000000000001760       0x42 ../WiPhase_SW_bsp/\libhal_bsp.a(alt_dcache_flush_all.o)
 .debug_abbrev  0x00000000000017a2       0xd9 ../WiPhase_SW_bsp/\libhal_bsp.a(alt_dev.o)
 .debug_abbrev  0x000000000000187b      0x114 ../WiPhase_SW_bsp/\libhal_bsp.a(alt_dev_llist_insert.o)
 .debug_abbrev  0x000000000000198f       0x79 ../WiPhase_SW_bsp/\libhal_bsp.a(alt_do_ctors.o)
 .debug_abbrev  0x0000000000001a08       0x79 ../WiPhase_SW_bsp/\libhal_bsp.a(alt_do_dtors.o)
 .debug_abbrev  0x0000000000001a81       0x5a ../WiPhase_SW_bsp/\libhal_bsp.a(alt_errno.o)
 .debug_abbrev  0x0000000000001adb       0x42 ../WiPhase_SW_bsp/\libhal_bsp.a(alt_icache_flush_all.o)
 .debug_abbrev  0x0000000000001b1d      0x163 ../WiPhase_SW_bsp/\libhal_bsp.a(alt_iic.o)
 .debug_abbrev  0x0000000000001c80      0x169 ../WiPhase_SW_bsp/\libhal_bsp.a(alt_iic_isr_register.o)
 .debug_abbrev  0x0000000000001de9      0x114 ../WiPhase_SW_bsp/\libhal_bsp.a(alt_io_redirect.o)
 .debug_abbrev  0x0000000000001efd       0x12 ../WiPhase_SW_bsp/\libhal_bsp.a(alt_irq_entry.o)
 .debug_abbrev  0x0000000000001f0f      0x122 ../WiPhase_SW_bsp/\libhal_bsp.a(alt_irq_handler.o)
 .debug_abbrev  0x0000000000002031       0x40 ../WiPhase_SW_bsp/\libhal_bsp.a(alt_irq_vars.o)
 .debug_abbrev  0x0000000000002071      0x148 ../WiPhase_SW_bsp/\libhal_bsp.a(alt_open.o)
 .debug_abbrev  0x00000000000021b9       0xde ../WiPhase_SW_bsp/\libhal_bsp.a(alt_release_fd.o)
 .debug_abbrev  0x0000000000002297      0x15a ../WiPhase_SW_bsp/\libhal_bsp.a(alt_tick.o)
 .debug_abbrev  0x00000000000023f1       0x42 ../WiPhase_SW_bsp/\libhal_bsp.a(altera_nios2_gen2_irq.o)
 .debug_abbrev  0x0000000000002433       0x12 ../WiPhase_SW_bsp/\libhal_bsp.a(alt_exception_entry.o)
 .debug_abbrev  0x0000000000002445       0xf0 ../WiPhase_SW_bsp/\libhal_bsp.a(alt_find_dev.o)
 .debug_abbrev  0x0000000000002535       0xf0 ../WiPhase_SW_bsp/\libhal_bsp.a(alt_find_file.o)
 .debug_abbrev  0x0000000000002625      0x10d ../WiPhase_SW_bsp/\libhal_bsp.a(alt_get_fd.o)
 .debug_abbrev  0x0000000000002732       0xdc ../WiPhase_SW_bsp/\libhal_bsp.a(alt_instruction_exception_entry.o)
 .debug_abbrev  0x000000000000280e       0xaa c:/intelfpga_lite/17.1/nios2eds/bin/gnu/h-x86_64-mingw32/bin/../lib/gcc/nios2-elf/5.3.0/../../../../../H-x86_64-mingw32/nios2-elf/lib/mno-hw-mul\libsmallc.a(lib_a-atexit.o)
 .debug_abbrev  0x00000000000028b8       0x8b c:/intelfpga_lite/17.1/nios2eds/bin/gnu/h-x86_64-mingw32/bin/../lib/gcc/nios2-elf/5.3.0/../../../../../H-x86_64-mingw32/nios2-elf/lib/mno-hw-mul\libsmallc.a(lib_a-exit.o)
 .debug_abbrev  0x0000000000002943       0x7f c:/intelfpga_lite/17.1/nios2eds/bin/gnu/h-x86_64-mingw32/bin/../lib/gcc/nios2-elf/5.3.0/../../../../../H-x86_64-mingw32/nios2-elf/lib/mno-hw-mul\libsmallc.a(lib_a-memcmp.o)
 .debug_abbrev  0x00000000000029c2      0x1e6 c:/intelfpga_lite/17.1/nios2eds/bin/gnu/h-x86_64-mingw32/bin/../lib/gcc/nios2-elf/5.3.0/../../../../../H-x86_64-mingw32/nios2-elf/lib/mno-hw-mul\libsmallc.a(lib_a-__atexit.o)
 .debug_abbrev  0x0000000000002ba8      0x1f6 c:/intelfpga_lite/17.1/nios2eds/bin/gnu/h-x86_64-mingw32/bin/../lib/gcc/nios2-elf/5.3.0/../../../../../H-x86_64-mingw32/nios2-elf/lib/mno-hw-mul\libsmallc.a(lib_a-__call_atexit.o)
 .debug_abbrev  0x0000000000002d9e       0xa9 ../WiPhase_SW_bsp/\libhal_bsp.a(alt_exit.o)

.debug_line     0x0000000000000000     0x3314
 *(.debug_line)
 .debug_line    0x0000000000000000       0x66 ../WiPhase_SW_bsp//obj/HAL/src/crt0.o
 .debug_line    0x0000000000000066      0x11b obj/default/eth_init.o
 .debug_line    0x0000000000000181      0x102 obj/default/hello_world.o
 .debug_line    0x0000000000000283      0x203 c:/intelfpga_lite/17.1/nios2eds/bin/gnu/h-x86_64-mingw32/bin/../lib/gcc/nios2-elf/5.3.0/../../../../../H-x86_64-mingw32/nios2-elf/lib/mno-hw-mul\libsmallc.a(lib_a-printf.o)
 .debug_line    0x0000000000000486      0x206 c:/intelfpga_lite/17.1/nios2eds/bin/gnu/h-x86_64-mingw32/bin/../lib/gcc/nios2-elf/5.3.0/../../../../../H-x86_64-mingw32/nios2-elf/lib/mno-hw-mul\libsmallc.a(lib_a-puts.o)
 .debug_line    0x000000000000068c      0x15c c:/intelfpga_lite/17.1/nios2eds/bin/gnu/h-x86_64-mingw32/bin/../lib/gcc/nios2-elf/5.3.0/../../../../../H-x86_64-mingw32/nios2-elf/lib/mno-hw-mul\libsmallc.a(lib_a-strlen.o)
 .debug_line    0x00000000000007e8      0x351 c:/intelfpga_lite/17.1/nios2eds/bin/gnu/h-x86_64-mingw32/bin/../lib/gcc/nios2-elf/5.3.0/../../../../../H-x86_64-mingw32/nios2-elf/lib/mno-hw-mul\libsmallc.a(lib_a-vfprintf.o)
 .debug_line    0x0000000000000b39      0x1f0 c:/intelfpga_lite/17.1/nios2eds/bin/gnu/h-x86_64-mingw32/bin/../lib/gcc/nios2-elf/5.3.0/../../../../../H-x86_64-mingw32/nios2-elf/lib/mno-hw-mul\libsmallc.a(lib_a-fvwrite_small_dev.o)
 .debug_line    0x0000000000000d29      0x156 c:/intelfpga_lite/17.1/nios2eds/bin/gnu/h-x86_64-mingw32/bin/../lib/gcc/nios2-elf/5.3.0/../../../../../H-x86_64-mingw32/nios2-elf/lib/mno-hw-mul\libsmallc.a(lib_a-impure.o)
 .debug_line    0x0000000000000e7f      0x1ed c:/intelfpga_lite/17.1/nios2eds/bin/gnu/h-x86_64-mingw32/bin/../lib/gcc/nios2-elf/5.3.0/../../../../../H-x86_64-mingw32/nios2-elf/lib/mno-hw-mul\libsmallc.a(lib_a-writer.o)
 .debug_line    0x000000000000106c       0x5f c:/intelfpga_lite/17.1/nios2eds/bin/gnu/h-x86_64-mingw32/bin/../lib/gcc/nios2-elf/5.3.0/../../../../../H-x86_64-mingw32/nios2-elf/lib/mno-hw-mul\libsmallc.a(lib_a-int_errno.o)
 .debug_line    0x00000000000010cb      0x105 c:/intelfpga_lite/17.1/nios2eds/bin/gnu/h-x86_64-mingw32/bin/../lib/gcc/nios2-elf/5.3.0/mno-hw-mul\libgcc.a(lib2-divmod.o)
 .debug_line    0x00000000000011d0       0x80 c:/intelfpga_lite/17.1/nios2eds/bin/gnu/h-x86_64-mingw32/bin/../lib/gcc/nios2-elf/5.3.0/mno-hw-mul\libgcc.a(lib2-mul.o)
 .debug_line    0x0000000000001250       0x8e ../WiPhase_SW_bsp/\libhal_bsp.a(alt_load.o)
 .debug_line    0x00000000000012de       0xa4 ../WiPhase_SW_bsp/\libhal_bsp.a(alt_main.o)
 .debug_line    0x0000000000001382      0x1db ../WiPhase_SW_bsp/\libhal_bsp.a(alt_write.o)
 .debug_line    0x000000000000155d      0x144 ../WiPhase_SW_bsp/\libhal_bsp.a(alt_sys_init.o)
 .debug_line    0x00000000000016a1      0x112 ../WiPhase_SW_bsp/\libhal_bsp.a(altera_avalon_jtag_uart_fd.o)
 .debug_line    0x00000000000017b3       0xfd ../WiPhase_SW_bsp/\libhal_bsp.a(altera_avalon_jtag_uart_read.o)
 .debug_line    0x00000000000018b0       0xf4 ../WiPhase_SW_bsp/\libhal_bsp.a(altera_avalon_jtag_uart_write.o)
 .debug_line    0x00000000000019a4       0xfd ../WiPhase_SW_bsp/\libhal_bsp.a(altera_avalon_timer_sc.o)
 .debug_line    0x0000000000001aa1      0x165 ../WiPhase_SW_bsp/\libhal_bsp.a(alt_close.o)
 .debug_line    0x0000000000001c06       0x51 ../WiPhase_SW_bsp/\libhal_bsp.a(alt_dcache_flush_all.o)
 .debug_line    0x0000000000001c57       0xf8 ../WiPhase_SW_bsp/\libhal_bsp.a(alt_dev.o)
 .debug_line    0x0000000000001d4f       0xcf ../WiPhase_SW_bsp/\libhal_bsp.a(alt_dev_llist_insert.o)
 .debug_line    0x0000000000001e1e       0x59 ../WiPhase_SW_bsp/\libhal_bsp.a(alt_do_ctors.o)
 .debug_line    0x0000000000001e77       0x59 ../WiPhase_SW_bsp/\libhal_bsp.a(alt_do_dtors.o)
 .debug_line    0x0000000000001ed0       0x51 ../WiPhase_SW_bsp/\libhal_bsp.a(alt_errno.o)
 .debug_line    0x0000000000001f21       0x4f ../WiPhase_SW_bsp/\libhal_bsp.a(alt_icache_flush_all.o)
 .debug_line    0x0000000000001f70       0xeb ../WiPhase_SW_bsp/\libhal_bsp.a(alt_iic.o)
 .debug_line    0x000000000000205b       0xdb ../WiPhase_SW_bsp/\libhal_bsp.a(alt_iic_isr_register.o)
 .debug_line    0x0000000000002136      0x135 ../WiPhase_SW_bsp/\libhal_bsp.a(alt_io_redirect.o)
 .debug_line    0x000000000000226b       0x6b ../WiPhase_SW_bsp/\libhal_bsp.a(alt_irq_entry.o)
 .debug_line    0x00000000000022d6       0xaa ../WiPhase_SW_bsp/\libhal_bsp.a(alt_irq_handler.o)
 .debug_line    0x0000000000002380       0x50 ../WiPhase_SW_bsp/\libhal_bsp.a(alt_irq_vars.o)
 .debug_line    0x00000000000023d0      0x12b ../WiPhase_SW_bsp/\libhal_bsp.a(alt_open.o)
 .debug_line    0x00000000000024fb       0xb0 ../WiPhase_SW_bsp/\libhal_bsp.a(alt_release_fd.o)
 .debug_line    0x00000000000025ab       0xff ../WiPhase_SW_bsp/\libhal_bsp.a(alt_tick.o)
 .debug_line    0x00000000000026aa       0x51 ../WiPhase_SW_bsp/\libhal_bsp.a(altera_nios2_gen2_irq.o)
 .debug_line    0x00000000000026fb       0xb3 ../WiPhase_SW_bsp/\libhal_bsp.a(alt_exception_entry.o)
 .debug_line    0x00000000000027ae       0xb5 ../WiPhase_SW_bsp/\libhal_bsp.a(alt_find_dev.o)
 .debug_line    0x0000000000002863       0xd1 ../WiPhase_SW_bsp/\libhal_bsp.a(alt_find_file.o)
 .debug_line    0x0000000000002934       0xd7 ../WiPhase_SW_bsp/\libhal_bsp.a(alt_get_fd.o)
 .debug_line    0x0000000000002a0b       0xb9 ../WiPhase_SW_bsp/\libhal_bsp.a(alt_instruction_exception_entry.o)
 .debug_line    0x0000000000002ac4       0xe7 c:/intelfpga_lite/17.1/nios2eds/bin/gnu/h-x86_64-mingw32/bin/../lib/gcc/nios2-elf/5.3.0/../../../../../H-x86_64-mingw32/nios2-elf/lib/mno-hw-mul\libsmallc.a(lib_a-atexit.o)
 .debug_line    0x0000000000002bab      0x159 c:/intelfpga_lite/17.1/nios2eds/bin/gnu/h-x86_64-mingw32/bin/../lib/gcc/nios2-elf/5.3.0/../../../../../H-x86_64-mingw32/nios2-elf/lib/mno-hw-mul\libsmallc.a(lib_a-exit.o)
 .debug_line    0x0000000000002d04      0x160 c:/intelfpga_lite/17.1/nios2eds/bin/gnu/h-x86_64-mingw32/bin/../lib/gcc/nios2-elf/5.3.0/../../../../../H-x86_64-mingw32/nios2-elf/lib/mno-hw-mul\libsmallc.a(lib_a-memcmp.o)
 .debug_line    0x0000000000002e64      0x20d c:/intelfpga_lite/17.1/nios2eds/bin/gnu/h-x86_64-mingw32/bin/../lib/gcc/nios2-elf/5.3.0/../../../../../H-x86_64-mingw32/nios2-elf/lib/mno-hw-mul\libsmallc.a(lib_a-__atexit.o)
 .debug_line    0x0000000000003071      0x232 c:/intelfpga_lite/17.1/nios2eds/bin/gnu/h-x86_64-mingw32/bin/../lib/gcc/nios2-elf/5.3.0/../../../../../H-x86_64-mingw32/nios2-elf/lib/mno-hw-mul\libsmallc.a(lib_a-__call_atexit.o)
 .debug_line    0x00000000000032a3       0x71 ../WiPhase_SW_bsp/\libhal_bsp.a(alt_exit.o)

.debug_frame    0x0000000000000000      0xc18
 *(.debug_frame)
 .debug_frame   0x0000000000000000       0x38 obj/default/eth_init.o
 .debug_frame   0x0000000000000038       0x38 obj/default/hello_world.o
 .debug_frame   0x0000000000000070       0x48 c:/intelfpga_lite/17.1/nios2eds/bin/gnu/h-x86_64-mingw32/bin/../lib/gcc/nios2-elf/5.3.0/../../../../../H-x86_64-mingw32/nios2-elf/lib/mno-hw-mul\libsmallc.a(lib_a-printf.o)
 .debug_frame   0x00000000000000b8       0x48 c:/intelfpga_lite/17.1/nios2eds/bin/gnu/h-x86_64-mingw32/bin/../lib/gcc/nios2-elf/5.3.0/../../../../../H-x86_64-mingw32/nios2-elf/lib/mno-hw-mul\libsmallc.a(lib_a-puts.o)
 .debug_frame   0x0000000000000100       0x20 c:/intelfpga_lite/17.1/nios2eds/bin/gnu/h-x86_64-mingw32/bin/../lib/gcc/nios2-elf/5.3.0/../../../../../H-x86_64-mingw32/nios2-elf/lib/mno-hw-mul\libsmallc.a(lib_a-strlen.o)
 .debug_frame   0x0000000000000120       0x8c c:/intelfpga_lite/17.1/nios2eds/bin/gnu/h-x86_64-mingw32/bin/../lib/gcc/nios2-elf/5.3.0/../../../../../H-x86_64-mingw32/nios2-elf/lib/mno-hw-mul\libsmallc.a(lib_a-vfprintf.o)
 .debug_frame   0x00000000000001ac       0x58 c:/intelfpga_lite/17.1/nios2eds/bin/gnu/h-x86_64-mingw32/bin/../lib/gcc/nios2-elf/5.3.0/../../../../../H-x86_64-mingw32/nios2-elf/lib/mno-hw-mul\libsmallc.a(lib_a-fvwrite_small_dev.o)
 .debug_frame   0x0000000000000204       0x38 c:/intelfpga_lite/17.1/nios2eds/bin/gnu/h-x86_64-mingw32/bin/../lib/gcc/nios2-elf/5.3.0/../../../../../H-x86_64-mingw32/nios2-elf/lib/mno-hw-mul\libsmallc.a(lib_a-writer.o)
 .debug_frame   0x000000000000023c       0x50 c:/intelfpga_lite/17.1/nios2eds/bin/gnu/h-x86_64-mingw32/bin/../lib/gcc/nios2-elf/5.3.0/mno-hw-mul\libgcc.a(lib2-divmod.o)
 .debug_frame   0x000000000000028c       0x20 c:/intelfpga_lite/17.1/nios2eds/bin/gnu/h-x86_64-mingw32/bin/../lib/gcc/nios2-elf/5.3.0/mno-hw-mul\libgcc.a(lib2-mul.o)
 .debug_frame   0x00000000000002ac       0x5c ../WiPhase_SW_bsp/\libhal_bsp.a(alt_load.o)
 .debug_frame   0x0000000000000308       0x2c ../WiPhase_SW_bsp/\libhal_bsp.a(alt_main.o)
 .debug_frame   0x0000000000000334       0x60 ../WiPhase_SW_bsp/\libhal_bsp.a(alt_write.o)
 .debug_frame   0x0000000000000394       0x88 ../WiPhase_SW_bsp/\libhal_bsp.a(alt_sys_init.o)
 .debug_frame   0x000000000000041c       0x60 ../WiPhase_SW_bsp/\libhal_bsp.a(altera_avalon_jtag_uart_fd.o)
 .debug_frame   0x000000000000047c       0x34 ../WiPhase_SW_bsp/\libhal_bsp.a(altera_avalon_jtag_uart_read.o)
 .debug_frame   0x00000000000004b0       0x34 ../WiPhase_SW_bsp/\libhal_bsp.a(altera_avalon_jtag_uart_write.o)
 .debug_frame   0x00000000000004e4       0x60 ../WiPhase_SW_bsp/\libhal_bsp.a(altera_avalon_timer_sc.o)
 .debug_frame   0x0000000000000544       0x60 ../WiPhase_SW_bsp/\libhal_bsp.a(alt_close.o)
 .debug_frame   0x00000000000005a4       0x34 ../WiPhase_SW_bsp/\libhal_bsp.a(alt_dcache_flush_all.o)
 .debug_frame   0x00000000000005d8       0x34 ../WiPhase_SW_bsp/\libhal_bsp.a(alt_dev.o)
 .debug_frame   0x000000000000060c       0x60 ../WiPhase_SW_bsp/\libhal_bsp.a(alt_dev_llist_insert.o)
 .debug_frame   0x000000000000066c       0x38 ../WiPhase_SW_bsp/\libhal_bsp.a(alt_do_ctors.o)
 .debug_frame   0x00000000000006a4       0x38 ../WiPhase_SW_bsp/\libhal_bsp.a(alt_do_dtors.o)
 .debug_frame   0x00000000000006dc       0x34 ../WiPhase_SW_bsp/\libhal_bsp.a(alt_icache_flush_all.o)
 .debug_frame   0x0000000000000710       0xa4 ../WiPhase_SW_bsp/\libhal_bsp.a(alt_iic.o)
 .debug_frame   0x00000000000007b4       0x38 ../WiPhase_SW_bsp/\libhal_bsp.a(alt_iic_isr_register.o)
 .debug_frame   0x00000000000007ec       0x64 ../WiPhase_SW_bsp/\libhal_bsp.a(alt_io_redirect.o)
 .debug_frame   0x0000000000000850       0x38 ../WiPhase_SW_bsp/\libhal_bsp.a(alt_irq_handler.o)
 .debug_frame   0x0000000000000888       0x8c ../WiPhase_SW_bsp/\libhal_bsp.a(alt_open.o)
 .debug_frame   0x0000000000000914       0x3c ../WiPhase_SW_bsp/\libhal_bsp.a(alt_release_fd.o)
 .debug_frame   0x0000000000000950       0x5c ../WiPhase_SW_bsp/\libhal_bsp.a(alt_tick.o)
 .debug_frame   0x00000000000009ac       0x34 ../WiPhase_SW_bsp/\libhal_bsp.a(altera_nios2_gen2_irq.o)
 .debug_frame   0x00000000000009e0       0x38 ../WiPhase_SW_bsp/\libhal_bsp.a(alt_find_dev.o)
 .debug_frame   0x0000000000000a18       0x38 ../WiPhase_SW_bsp/\libhal_bsp.a(alt_find_file.o)
 .debug_frame   0x0000000000000a50       0x3c ../WiPhase_SW_bsp/\libhal_bsp.a(alt_get_fd.o)
 .debug_frame   0x0000000000000a8c       0x5c ../WiPhase_SW_bsp/\libhal_bsp.a(alt_instruction_exception_entry.o)
 .debug_frame   0x0000000000000ae8       0x20 c:/intelfpga_lite/17.1/nios2eds/bin/gnu/h-x86_64-mingw32/bin/../lib/gcc/nios2-elf/5.3.0/../../../../../H-x86_64-mingw32/nios2-elf/lib/mno-hw-mul\libsmallc.a(lib_a-atexit.o)
 .debug_frame   0x0000000000000b08       0x28 c:/intelfpga_lite/17.1/nios2eds/bin/gnu/h-x86_64-mingw32/bin/../lib/gcc/nios2-elf/5.3.0/../../../../../H-x86_64-mingw32/nios2-elf/lib/mno-hw-mul\libsmallc.a(lib_a-exit.o)
 .debug_frame   0x0000000000000b30       0x20 c:/intelfpga_lite/17.1/nios2eds/bin/gnu/h-x86_64-mingw32/bin/../lib/gcc/nios2-elf/5.3.0/../../../../../H-x86_64-mingw32/nios2-elf/lib/mno-hw-mul\libsmallc.a(lib_a-memcmp.o)
 .debug_frame   0x0000000000000b50       0x48 c:/intelfpga_lite/17.1/nios2eds/bin/gnu/h-x86_64-mingw32/bin/../lib/gcc/nios2-elf/5.3.0/../../../../../H-x86_64-mingw32/nios2-elf/lib/mno-hw-mul\libsmallc.a(lib_a-__atexit.o)
 .debug_frame   0x0000000000000b98       0x54 c:/intelfpga_lite/17.1/nios2eds/bin/gnu/h-x86_64-mingw32/bin/../lib/gcc/nios2-elf/5.3.0/../../../../../H-x86_64-mingw32/nios2-elf/lib/mno-hw-mul\libsmallc.a(lib_a-__call_atexit.o)
 .debug_frame   0x0000000000000bec       0x2c ../WiPhase_SW_bsp/\libhal_bsp.a(alt_exit.o)

.debug_str      0x0000000000000000     0x1eac
 *(.debug_str)
 .debug_str     0x0000000000000000      0x167 obj/default/eth_init.o
                                        0x1b1 (size before relaxing)
 .debug_str     0x0000000000000167       0x23 obj/default/hello_world.o
                                        0x192 (size before relaxing)
 .debug_str     0x000000000000018a      0x41a c:/intelfpga_lite/17.1/nios2eds/bin/gnu/h-x86_64-mingw32/bin/../lib/gcc/nios2-elf/5.3.0/../../../../../H-x86_64-mingw32/nios2-elf/lib/mno-hw-mul\libsmallc.a(lib_a-printf.o)
                                        0x504 (size before relaxing)
 .debug_str     0x00000000000005a4       0x63 c:/intelfpga_lite/17.1/nios2eds/bin/gnu/h-x86_64-mingw32/bin/../lib/gcc/nios2-elf/5.3.0/../../../../../H-x86_64-mingw32/nios2-elf/lib/mno-hw-mul\libsmallc.a(lib_a-puts.o)
                                        0x4cd (size before relaxing)
 .debug_str     0x0000000000000607       0xd2 c:/intelfpga_lite/17.1/nios2eds/bin/gnu/h-x86_64-mingw32/bin/../lib/gcc/nios2-elf/5.3.0/../../../../../H-x86_64-mingw32/nios2-elf/lib/mno-hw-mul\libsmallc.a(lib_a-strlen.o)
                                        0x1e5 (size before relaxing)
 .debug_str     0x00000000000006d9      0x1f8 c:/intelfpga_lite/17.1/nios2eds/bin/gnu/h-x86_64-mingw32/bin/../lib/gcc/nios2-elf/5.3.0/../../../../../H-x86_64-mingw32/nios2-elf/lib/mno-hw-mul\libsmallc.a(lib_a-vfprintf.o)
                                        0x67f (size before relaxing)
 .debug_str     0x00000000000008d1       0x63 c:/intelfpga_lite/17.1/nios2eds/bin/gnu/h-x86_64-mingw32/bin/../lib/gcc/nios2-elf/5.3.0/../../../../../H-x86_64-mingw32/nios2-elf/lib/mno-hw-mul\libsmallc.a(lib_a-fvwrite_small_dev.o)
                                        0x4d4 (size before relaxing)
 .debug_str     0x0000000000000934       0xef c:/intelfpga_lite/17.1/nios2eds/bin/gnu/h-x86_64-mingw32/bin/../lib/gcc/nios2-elf/5.3.0/../../../../../H-x86_64-mingw32/nios2-elf/lib/mno-hw-mul\libsmallc.a(lib_a-impure.o)
                                        0x4be (size before relaxing)
 .debug_str     0x0000000000000a23       0x45 c:/intelfpga_lite/17.1/nios2eds/bin/gnu/h-x86_64-mingw32/bin/../lib/gcc/nios2-elf/5.3.0/../../../../../H-x86_64-mingw32/nios2-elf/lib/mno-hw-mul\libsmallc.a(lib_a-writer.o)
                                        0x4b8 (size before relaxing)
 .debug_str     0x0000000000000a68       0x3f c:/intelfpga_lite/17.1/nios2eds/bin/gnu/h-x86_64-mingw32/bin/../lib/gcc/nios2-elf/5.3.0/../../../../../H-x86_64-mingw32/nios2-elf/lib/mno-hw-mul\libsmallc.a(lib_a-int_errno.o)
                                        0x1d8 (size before relaxing)
 .debug_str     0x0000000000000aa7      0x187 c:/intelfpga_lite/17.1/nios2eds/bin/gnu/h-x86_64-mingw32/bin/../lib/gcc/nios2-elf/5.3.0/mno-hw-mul\libgcc.a(lib2-divmod.o)
                                        0x1d2 (size before relaxing)
 .debug_str     0x0000000000000c2e       0x40 c:/intelfpga_lite/17.1/nios2eds/bin/gnu/h-x86_64-mingw32/bin/../lib/gcc/nios2-elf/5.3.0/mno-hw-mul\libgcc.a(lib2-mul.o)
                                        0x193 (size before relaxing)
 .debug_str     0x0000000000000c6e      0x172 ../WiPhase_SW_bsp/\libhal_bsp.a(alt_load.o)
                                        0x259 (size before relaxing)
 .debug_str     0x0000000000000de0       0x70 ../WiPhase_SW_bsp/\libhal_bsp.a(alt_main.o)
                                        0x1e4 (size before relaxing)
 .debug_str     0x0000000000000e50      0x166 ../WiPhase_SW_bsp/\libhal_bsp.a(alt_write.o)
                                        0x33f (size before relaxing)
 .debug_str     0x0000000000000fb6      0x136 ../WiPhase_SW_bsp/\libhal_bsp.a(alt_sys_init.o)
                                        0x351 (size before relaxing)
 .debug_str     0x00000000000010ec       0x77 ../WiPhase_SW_bsp/\libhal_bsp.a(altera_avalon_jtag_uart_fd.o)
                                        0x31c (size before relaxing)
 .debug_str     0x0000000000001163       0x48 ../WiPhase_SW_bsp/\libhal_bsp.a(altera_avalon_jtag_uart_read.o)
                                        0x266 (size before relaxing)
 .debug_str     0x00000000000011ab       0x4a ../WiPhase_SW_bsp/\libhal_bsp.a(altera_avalon_jtag_uart_write.o)
                                        0x25c (size before relaxing)
 .debug_str     0x00000000000011f5       0xb6 ../WiPhase_SW_bsp/\libhal_bsp.a(altera_avalon_timer_sc.o)
                                        0x292 (size before relaxing)
 .debug_str     0x00000000000012ab       0x1b ../WiPhase_SW_bsp/\libhal_bsp.a(alt_close.o)
                                        0x252 (size before relaxing)
 .debug_str     0x00000000000012c6       0x34 ../WiPhase_SW_bsp/\libhal_bsp.a(alt_dcache_flush_all.o)
                                        0x19c (size before relaxing)
 .debug_str     0x00000000000012fa       0x50 ../WiPhase_SW_bsp/\libhal_bsp.a(alt_dev.o)
                                        0x34c (size before relaxing)
 .debug_str     0x000000000000134a       0x45 ../WiPhase_SW_bsp/\libhal_bsp.a(alt_dev_llist_insert.o)
                                        0x213 (size before relaxing)
 .debug_str     0x000000000000138f       0x48 ../WiPhase_SW_bsp/\libhal_bsp.a(alt_do_ctors.o)
                                        0x117 (size before relaxing)
 .debug_str     0x00000000000013d7       0x4c ../WiPhase_SW_bsp/\libhal_bsp.a(alt_do_dtors.o)
                                        0x116 (size before relaxing)
 .debug_str     0x0000000000001423       0x14 ../WiPhase_SW_bsp/\libhal_bsp.a(alt_errno.o)
                                        0x18c (size before relaxing)
 .debug_str     0x0000000000001437       0x34 ../WiPhase_SW_bsp/\libhal_bsp.a(alt_icache_flush_all.o)
                                        0x19c (size before relaxing)
 .debug_str     0x000000000000146b       0xc4 ../WiPhase_SW_bsp/\libhal_bsp.a(alt_iic.o)
                                        0x285 (size before relaxing)
 .debug_str     0x000000000000152f       0x4c ../WiPhase_SW_bsp/\libhal_bsp.a(alt_iic_isr_register.o)
                                        0x22f (size before relaxing)
 .debug_str     0x000000000000157b       0x56 ../WiPhase_SW_bsp/\libhal_bsp.a(alt_io_redirect.o)
                                        0x35d (size before relaxing)
 .debug_str     0x00000000000015d1       0x3a ../WiPhase_SW_bsp/\libhal_bsp.a(alt_irq_handler.o)
                                        0x1de (size before relaxing)
 .debug_str     0x000000000000160b       0x17 ../WiPhase_SW_bsp/\libhal_bsp.a(alt_irq_vars.o)
                                        0x181 (size before relaxing)
 .debug_str     0x0000000000001622       0x2f ../WiPhase_SW_bsp/\libhal_bsp.a(alt_open.o)
                                        0x292 (size before relaxing)
 .debug_str     0x0000000000001651       0x28 ../WiPhase_SW_bsp/\libhal_bsp.a(alt_release_fd.o)
                                        0x21a (size before relaxing)
 .debug_str     0x0000000000001679       0x78 ../WiPhase_SW_bsp/\libhal_bsp.a(alt_tick.o)
                                        0x299 (size before relaxing)
 .debug_str     0x00000000000016f1       0x3b ../WiPhase_SW_bsp/\libhal_bsp.a(altera_nios2_gen2_irq.o)
                                        0x1a3 (size before relaxing)
 .debug_str     0x000000000000172c       0x24 ../WiPhase_SW_bsp/\libhal_bsp.a(alt_find_dev.o)
                                        0x233 (size before relaxing)
 .debug_str     0x0000000000001750       0x26 ../WiPhase_SW_bsp/\libhal_bsp.a(alt_find_file.o)
                                        0x241 (size before relaxing)
 .debug_str     0x0000000000001776       0x30 ../WiPhase_SW_bsp/\libhal_bsp.a(alt_get_fd.o)
                                        0x263 (size before relaxing)
 .debug_str     0x00000000000017a6      0x48b ../WiPhase_SW_bsp/\libhal_bsp.a(alt_instruction_exception_entry.o)
                                        0x5e7 (size before relaxing)
 .debug_str     0x0000000000001c31      0x116 c:/intelfpga_lite/17.1/nios2eds/bin/gnu/h-x86_64-mingw32/bin/../lib/gcc/nios2-elf/5.3.0/../../../../../H-x86_64-mingw32/nios2-elf/lib/mno-hw-mul\libsmallc.a(lib_a-atexit.o)
                                        0x21c (size before relaxing)
 .debug_str     0x0000000000001d47       0x4c c:/intelfpga_lite/17.1/nios2eds/bin/gnu/h-x86_64-mingw32/bin/../lib/gcc/nios2-elf/5.3.0/../../../../../H-x86_64-mingw32/nios2-elf/lib/mno-hw-mul\libsmallc.a(lib_a-exit.o)
                                        0x1f0 (size before relaxing)
 .debug_str     0x0000000000001d93       0x44 c:/intelfpga_lite/17.1/nios2eds/bin/gnu/h-x86_64-mingw32/bin/../lib/gcc/nios2-elf/5.3.0/../../../../../H-x86_64-mingw32/nios2-elf/lib/mno-hw-mul\libsmallc.a(lib_a-memcmp.o)
                                        0x1df (size before relaxing)
 .debug_str     0x0000000000001dd7       0x46 c:/intelfpga_lite/17.1/nios2eds/bin/gnu/h-x86_64-mingw32/bin/../lib/gcc/nios2-elf/5.3.0/../../../../../H-x86_64-mingw32/nios2-elf/lib/mno-hw-mul\libsmallc.a(lib_a-__atexit.o)
                                        0x4ff (size before relaxing)
 .debug_str     0x0000000000001e1d       0x65 c:/intelfpga_lite/17.1/nios2eds/bin/gnu/h-x86_64-mingw32/bin/../lib/gcc/nios2-elf/5.3.0/../../../../../H-x86_64-mingw32/nios2-elf/lib/mno-hw-mul\libsmallc.a(lib_a-__call_atexit.o)
                                        0x4eb (size before relaxing)
 .debug_str     0x0000000000001e82       0x2a ../WiPhase_SW_bsp/\libhal_bsp.a(alt_exit.o)
                                        0x198 (size before relaxing)

.debug_loc      0x0000000000000000     0x15da
 *(.debug_loc)
 .debug_loc     0x0000000000000000       0xc6 c:/intelfpga_lite/17.1/nios2eds/bin/gnu/h-x86_64-mingw32/bin/../lib/gcc/nios2-elf/5.3.0/../../../../../H-x86_64-mingw32/nios2-elf/lib/mno-hw-mul\libsmallc.a(lib_a-printf.o)
 .debug_loc     0x00000000000000c6       0x97 c:/intelfpga_lite/17.1/nios2eds/bin/gnu/h-x86_64-mingw32/bin/../lib/gcc/nios2-elf/5.3.0/../../../../../H-x86_64-mingw32/nios2-elf/lib/mno-hw-mul\libsmallc.a(lib_a-puts.o)
 .debug_loc     0x000000000000015d       0x1e c:/intelfpga_lite/17.1/nios2eds/bin/gnu/h-x86_64-mingw32/bin/../lib/gcc/nios2-elf/5.3.0/../../../../../H-x86_64-mingw32/nios2-elf/lib/mno-hw-mul\libsmallc.a(lib_a-strlen.o)
 .debug_loc     0x000000000000017b      0x954 c:/intelfpga_lite/17.1/nios2eds/bin/gnu/h-x86_64-mingw32/bin/../lib/gcc/nios2-elf/5.3.0/../../../../../H-x86_64-mingw32/nios2-elf/lib/mno-hw-mul\libsmallc.a(lib_a-vfprintf.o)
 .debug_loc     0x0000000000000acf      0x110 c:/intelfpga_lite/17.1/nios2eds/bin/gnu/h-x86_64-mingw32/bin/../lib/gcc/nios2-elf/5.3.0/../../../../../H-x86_64-mingw32/nios2-elf/lib/mno-hw-mul\libsmallc.a(lib_a-fvwrite_small_dev.o)
 .debug_loc     0x0000000000000bdf       0xa5 c:/intelfpga_lite/17.1/nios2eds/bin/gnu/h-x86_64-mingw32/bin/../lib/gcc/nios2-elf/5.3.0/../../../../../H-x86_64-mingw32/nios2-elf/lib/mno-hw-mul\libsmallc.a(lib_a-writer.o)
 .debug_loc     0x0000000000000c84      0x4ce c:/intelfpga_lite/17.1/nios2eds/bin/gnu/h-x86_64-mingw32/bin/../lib/gcc/nios2-elf/5.3.0/mno-hw-mul\libgcc.a(lib2-divmod.o)
 .debug_loc     0x0000000000001152       0x93 c:/intelfpga_lite/17.1/nios2eds/bin/gnu/h-x86_64-mingw32/bin/../lib/gcc/nios2-elf/5.3.0/mno-hw-mul\libgcc.a(lib2-mul.o)
 .debug_loc     0x00000000000011e5       0x2c c:/intelfpga_lite/17.1/nios2eds/bin/gnu/h-x86_64-mingw32/bin/../lib/gcc/nios2-elf/5.3.0/../../../../../H-x86_64-mingw32/nios2-elf/lib/mno-hw-mul\libsmallc.a(lib_a-atexit.o)
 .debug_loc     0x0000000000001211       0x1e c:/intelfpga_lite/17.1/nios2eds/bin/gnu/h-x86_64-mingw32/bin/../lib/gcc/nios2-elf/5.3.0/../../../../../H-x86_64-mingw32/nios2-elf/lib/mno-hw-mul\libsmallc.a(lib_a-exit.o)
 .debug_loc     0x000000000000122f       0x94 c:/intelfpga_lite/17.1/nios2eds/bin/gnu/h-x86_64-mingw32/bin/../lib/gcc/nios2-elf/5.3.0/../../../../../H-x86_64-mingw32/nios2-elf/lib/mno-hw-mul\libsmallc.a(lib_a-memcmp.o)
 .debug_loc     0x00000000000012c3      0x1c0 c:/intelfpga_lite/17.1/nios2eds/bin/gnu/h-x86_64-mingw32/bin/../lib/gcc/nios2-elf/5.3.0/../../../../../H-x86_64-mingw32/nios2-elf/lib/mno-hw-mul\libsmallc.a(lib_a-__atexit.o)
 .debug_loc     0x0000000000001483      0x157 c:/intelfpga_lite/17.1/nios2eds/bin/gnu/h-x86_64-mingw32/bin/../lib/gcc/nios2-elf/5.3.0/../../../../../H-x86_64-mingw32/nios2-elf/lib/mno-hw-mul\libsmallc.a(lib_a-__call_atexit.o)

.debug_macinfo
 *(.debug_macinfo)

.debug_weaknames
 *(.debug_weaknames)

.debug_funcnames
 *(.debug_funcnames)

.debug_typenames
 *(.debug_typenames)

.debug_varnames
 *(.debug_varnames)

.debug_alt_sim_info
                0x0000000000000000       0x10
 *(.debug_alt_sim_info)
 .debug_alt_sim_info
                0x0000000000000000       0x10 ../WiPhase_SW_bsp//obj/HAL/src/crt0.o
                0x000000000000d000                __alt_data_end = 0xd000
                0x000000000000d000                PROVIDE (__alt_stack_pointer, __alt_data_end)
                [!provide]                        PROVIDE (__alt_stack_limit, __alt_stack_base)
                [!provide]                        PROVIDE (__alt_heap_start, end)
                [!provide]                        PROVIDE (__alt_heap_limit, 0xd000)
OUTPUT(WiPhase_SW.elf elf32-littlenios2)

.debug_ranges   0x0000000000000000      0x2c0
 .debug_ranges  0x0000000000000000       0x20 ../WiPhase_SW_bsp//obj/HAL/src/crt0.o
 .debug_ranges  0x0000000000000020       0x18 c:/intelfpga_lite/17.1/nios2eds/bin/gnu/h-x86_64-mingw32/bin/../lib/gcc/nios2-elf/5.3.0/../../../../../H-x86_64-mingw32/nios2-elf/lib/mno-hw-mul\libsmallc.a(lib_a-printf.o)
 .debug_ranges  0x0000000000000038       0x18 c:/intelfpga_lite/17.1/nios2eds/bin/gnu/h-x86_64-mingw32/bin/../lib/gcc/nios2-elf/5.3.0/../../../../../H-x86_64-mingw32/nios2-elf/lib/mno-hw-mul\libsmallc.a(lib_a-puts.o)
 .debug_ranges  0x0000000000000050       0x10 c:/intelfpga_lite/17.1/nios2eds/bin/gnu/h-x86_64-mingw32/bin/../lib/gcc/nios2-elf/5.3.0/../../../../../H-x86_64-mingw32/nios2-elf/lib/mno-hw-mul\libsmallc.a(lib_a-strlen.o)
 .debug_ranges  0x0000000000000060       0xc8 c:/intelfpga_lite/17.1/nios2eds/bin/gnu/h-x86_64-mingw32/bin/../lib/gcc/nios2-elf/5.3.0/../../../../../H-x86_64-mingw32/nios2-elf/lib/mno-hw-mul\libsmallc.a(lib_a-vfprintf.o)