Archive member included to satisfy reference by file (symbol)

c:/intelfpga_lite/17.1/nios2eds/bin/gnu/h-x86_64-mingw32/bin/../lib/gcc/nios2-elf/5.3.0/../../../../../H-x86_64-mingw32/nios2-elf/lib/mno-hw-mul\libsmallc.a(lib_a-printf.o)
                              obj/default/eth_init.o (printf)
c:/intelfpga_lite/17.1/nios2eds/bin/gnu/h-x86_64-mingw32/bin/../lib/gcc/nios2-elf/5.3.0/../../../../../H-x86_64-mingw32/nios2-elf/lib/mno-hw-mul\libsmallc.a(lib_a-puts.o)
                              obj/default/eth_init.o (puts)
c:/intelfpga_lite/17.1/nios2eds/bin/gnu/h-x86_64-mingw32/bin/../lib/gcc/nios2-elf/5.3.0/../../../../../H-x86_64-mingw32/nios2-elf/lib/mno-hw-mul\libsmallc.a(lib_a-strlen.o)
                              c:/intelfpga_lite/17.1/nios2eds/bin/gnu/h-x86_64-mingw32/bin/../lib/gcc/nios2-elf/5.3.0/../../../../../H-x86_64-mingw32/nios2-elf/lib/mno-hw-mul\libsmallc.a(lib_a-puts.o) (strlen)
c:/intelfpga_lite/17.1/nios2eds/bin/gnu/h-x86_64-mingw32/bin/../lib/gcc/nios2-elf/5.3.0/../../../../../H-x86_64-mingw32/nios2-elf/lib/mno-hw-mul\libsmallc.a(lib_a-vfprintf.o)
                              c:/intelfpga_lite/17.1/nios2eds/bin/gnu/h-x86_64-mingw32/bin/../lib/gcc/nios2-elf/5.3.0/../../../../../H-x86_64-mingw32/nios2-elf/lib/mno-hw-mul\libsmallc.a(lib_a-printf.o) (___vfprintf_internal_r)
c:/intelfpga_lite/17.1/nios2eds/bin/gnu/h-x86_64-mingw32/bin/../lib/gcc/nios2-elf/5.3.0/../../../../../H-x86_64-mingw32/nios2-elf/lib/mno-hw-mul\libsmallc.a(lib_a-fvwrite_small_dev.o)
                              c:/intelfpga_lite/17.1/nios2eds/bin/gnu/h-x86_64-mingw32/bin/../lib/gcc/nios2-elf/5.3.0/../../../../../H-x86_64-mingw32/nios2-elf/lib/mno-hw-mul\libsmallc.a(lib_a-printf.o) (__sfvwrite_small_dev)
c:/intelfpga_lite/17.1/nios2eds/bin/gnu/h-x86_64-mingw32/bin/../lib/gcc/nios2-elf/5.3.0/../../../../../H-x86_64-mingw32/nios2-elf/lib/mno-hw-mul\libsmallc.a(lib_a-impure.o)
                              c:/intelfpga_lite/17.1/nios2eds/bin/gnu/h-x86_64-mingw32/bin/../lib/gcc/nios2-elf/5.3.0/../../../../../H-x86_64-mingw32/nios2-elf/lib/mno-hw-mul\libsmallc.a(lib_a-printf.o) (_impure_ptr)
c:/intelfpga_lite/17.1/nios2eds/bin/gnu/h-x86_64-mingw32/bin/../lib/gcc/nios2-elf/5.3.0/../../../../../H-x86_64-mingw32/nios2-elf/lib/mno-hw-mul\libsmallc.a(lib_a-writer.o)
                              c:/intelfpga_lite/17.1/nios2eds/bin/gnu/h-x86_64-mingw32/bin/../lib/gcc/nios2-elf/5.3.0/../../../../../H-x86_64-mingw32/nios2-elf/lib/mno-hw-mul\libsmallc.a(lib_a-fvwrite_small_dev.o) (_write_r)
c:/intelfpga_lite/17.1/nios2eds/bin/gnu/h-x86_64-mingw32/bin/../lib/gcc/nios2-elf/5.3.0/../../../../../H-x86_64-mingw32/nios2-elf/lib/mno-hw-mul\libsmallc.a(lib_a-int_errno.o)
                              c:/intelfpga_lite/17.1/nios2eds/bin/gnu/h-x86_64-mingw32/bin/../lib/gcc/nios2-elf/5.3.0/../../../../../H-x86_64-mingw32/nios2-elf/lib/mno-hw-mul\libsmallc.a(lib_a-writer.o) (errno)
c:/intelfpga_lite/17.1/nios2eds/bin/gnu/h-x86_64-mingw32/bin/../lib/gcc/nios2-elf/5.3.0/mno-hw-mul\libgcc.a(lib2-divmod.o)
                              c:/intelfpga_lite/17.1/nios2eds/bin/gnu/h-x86_64-mingw32/bin/../lib/gcc/nios2-elf/5.3.0/../../../../../H-x86_64-mingw32/nios2-elf/lib/mno-hw-mul\libsmallc.a(lib_a-vfprintf.o) (__udivsi3)
c:/intelfpga_lite/17.1/nios2eds/bin/gnu/h-x86_64-mingw32/bin/../lib/gcc/nios2-elf/5.3.0/mno-hw-mul\libgcc.a(lib2-mul.o)
                              c:/intelfpga_lite/17.1/nios2eds/bin/gnu/h-x86_64-mingw32/bin/../lib/gcc/nios2-elf/5.3.0/../../../../../H-x86_64-mingw32/nios2-elf/lib/mno-hw-mul\libsmallc.a(lib_a-vfprintf.o) (__mulsi3)
../WiPhase_SW_bsp/\libhal_bsp.a(alt_load.o)
                              ../WiPhase_SW_bsp//obj/HAL/src/crt0.o (alt_load)
../WiPhase_SW_bsp/\libhal_bsp.a(alt_main.o)
                              ../WiPhase_SW_bsp//obj/HAL/src/crt0.o (alt_main)
../WiPhase_SW_bsp/\libhal_bsp.a(alt_write.o)
                              c:/intelfpga_lite/17.1/nios2eds/bin/gnu/h-x86_64-mingw32/bin/../lib/gcc/nios2-elf/5.3.0/../../../../../H-x86_64-mingw32/nios2-elf/lib/mno-hw-mul\libsmallc.a(lib_a-writer.o) (write)
../WiPhase_SW_bsp/\libhal_bsp.a(alt_sys_init.o)
                              ../WiPhase_SW_bsp/\libhal_bsp.a(alt_main.o) (alt_irq_init)
../WiPhase_SW_bsp/\libhal_bsp.a(altera_avalon_jtag_uart_fd.o)
                              ../WiPhase_SW_bsp/\libhal_bsp.a(alt_sys_init.o) (altera_avalon_jtag_uart_read_fd)
../WiPhase_SW_bsp/\libhal_bsp.a(altera_avalon_jtag_uart_read.o)
                              ../WiPhase_SW_bsp/\libhal_bsp.a(altera_avalon_jtag_uart_fd.o) (altera_avalon_jtag_uart_read)
../WiPhase_SW_bsp/\libhal_bsp.a(altera_avalon_jtag_uart_write.o)
                              ../WiPhase_SW_bsp/\libhal_bsp.a(altera_avalon_jtag_uart_fd.o) (altera_avalon_jtag_uart_write)
../WiPhase_SW_bsp/\libhal_bsp.a(altera_avalon_timer_sc.o)
                              ../WiPhase_SW_bsp/\libhal_bsp.a(alt_sys_init.o) (alt_avalon_timer_sc_init)
../WiPhase_SW_bsp/\libhal_bsp.a(alt_close.o)
[...]
Memory Configuration

Name             Origin             Length             Attributes
reset            0x0000000000008000 0x0000000000000020
ram_onchip       0x0000000000008020 0x0000000000004fe0
*default*        0x0000000000000000 0xffffffffffffffff

Linker script and memory map

LOAD ../WiPhase_SW_bsp//obj/HAL/src/crt0.o
LOAD obj/default/eth_init.o
LOAD obj/default/hello_world.o
LOAD c:/intelfpga_lite/17.1/nios2eds/bin/gnu/h-x86_64-mingw32/bin/../lib/gcc/nios2-elf/5.3.0/../../../../../H-x86_64-mingw32/nios2-elf/lib/mno-hw-mul\libstdc++.a
LOAD c:/intelfpga_lite/17.1/nios2eds/bin/gnu/h-x86_64-mingw32/bin/../lib/gcc/nios2-elf/5.3.0/../../../../../H-x86_64-mingw32/nios2-elf/lib/mno-hw-mul\libm.a
LOAD c:/intelfpga_lite/17.1/nios2eds/bin/gnu/h-x86_64-mingw32/bin/../lib/gcc/nios2-elf/5.3.0/mno-hw-mul\libgcc.a
START GROUP
LOAD c:/intelfpga_lite/17.1/nios2eds/bin/gnu/h-x86_64-mingw32/bin/../lib/gcc/nios2-elf/5.3.0/../../../../../H-x86_64-mingw32/nios2-elf/lib/mno-hw-mul\libsmallc.a
LOAD c:/intelfpga_lite/17.1/nios2eds/bin/gnu/h-x86_64-mingw32/bin/../lib/gcc/nios2-elf/5.3.0/mno-hw-mul\libgcc.a
LOAD ../WiPhase_SW_bsp/\libhal_bsp.a
LOAD c:/intelfpga_lite/17.1/nios2eds/bin/gnu/h-x86_64-mingw32/bin/../lib/gcc/nios2-elf/5.3.0/../../../../../H-x86_64-mingw32/nios2-elf/lib/mno-hw-mul\libm.a
END GROUP
LOAD c:/intelfpga_lite/17.1/nios2eds/bin/gnu/h-x86_64-mingw32/bin/../lib/gcc/nios2-elf/5.3.0/mno-hw-mul\libgcc.a
                0x0000000000008000                __alt_mem_ram_onchip = 0x8000

.entry          0x0000000000008000       0x20
 *(.entry)
 .entry         0x0000000000008000       0x20 ../WiPhase_SW_bsp//obj/HAL/src/crt0.o
                0x0000000000008000                __reset

.exceptions     0x0000000000008020      0x210
                0x0000000000008020                PROVIDE (__ram_exceptions_start, ABSOLUTE (.))
                0x0000000000008020                . = ALIGN (0x20)
 *(.irq)
 *(.exceptions.entry.label)
 .exceptions.entry.label
                0x0000000000008020        0x0 ../WiPhase_SW_bsp/\libhal_bsp.a(alt_irq_entry.o)
                0x0000000000008020                alt_irq_entry
 .exceptions.entry.label
                0x0000000000008020        0x0 ../WiPhase_SW_bsp/\libhal_bsp.a(alt_exception_entry.o)
                0x0000000000008020                alt_exception
 *(.exceptions.entry.user)
 *(.exceptions.entry.ecc_fatal)
 *(.exceptions.entry)
 .exceptions.entry
                0x0000000000008020       0x54 ../WiPhase_SW_bsp/\libhal_bsp.a(alt_exception_entry.o)
 *(.exceptions.irqtest.user)
 *(.exceptions.irqtest)
 .exceptions.irqtest
                0x0000000000008074       0x10 ../WiPhase_SW_bsp/\libhal_bsp.a(alt_irq_entry.o)
 *(.exceptions.irqhandler.user)
 *(.exceptions.irqhandler)
 .exceptions.irqhandler
                0x0000000000008084        0x4 ../WiPhase_SW_bsp/\libhal_bsp.a(alt_irq_entry.o)
 *(.exceptions.irqreturn.user)
 *(.exceptions.irqreturn)
 .exceptions.irqreturn
                0x0000000000008088        0x4 ../WiPhase_SW_bsp/\libhal_bsp.a(alt_irq_entry.o)
 *(.exceptions.notirq.label)
 .exceptions.notirq.label
                0x000000000000808c        0x0 ../WiPhase_SW_bsp/\libhal_bsp.a(alt_irq_entry.o)
 *(.exceptions.notirq.user)
 *(.exceptions.notirq)
 .exceptions.notirq
                0x000000000000808c        0x8 ../WiPhase_SW_bsp/\libhal_bsp.a(alt_exception_entry.o)
 *(.exceptions.soft.user)
 *(.exceptions.soft)
 *(.exceptions.unknown.user)
 *(.exceptions.unknown)
 .exceptions.unknown
                0x0000000000008094       0x14 ../WiPhase_SW_bsp/\libhal_bsp.a(alt_exception_entry.o)
 *(.exceptions.exit.label)
 .exceptions.exit.label
                0x00000000000080a8        0x0 ../WiPhase_SW_bsp/\libhal_bsp.a(alt_irq_entry.o)
 .exceptions.exit.label
                0x00000000000080a8        0x0 ../WiPhase_SW_bsp/\libhal_bsp.a(alt_exception_entry.o)
 *(.exceptions.exit.user)
 *(.exceptions.exit)
 .exceptions.exit
                0x00000000000080a8       0x54 ../WiPhase_SW_bsp/\libhal_bsp.a(alt_exception_entry.o)
 *(.exceptions)
 .exceptions    0x00000000000080fc       0xd4 ../WiPhase_SW_bsp/\libhal_bsp.a(alt_irq_handler.o)
                0x00000000000080fc                alt_irq_handler
 .exceptions    0x00000000000081d0       0x60 ../WiPhase_SW_bsp/\libhal_bsp.a(alt_instruction_exception_entry.o)
                0x00000000000081d0                alt_instruction_exception_entry
                0x0000000000008230                PROVIDE (__ram_exceptions_end, ABSOLUTE (.))
                0x0000000000008020                PROVIDE (__flash_exceptions_start, LOADADDR (.exceptions))

.text           0x0000000000008230     0x244c
                [!provide]                        PROVIDE (stext, ABSOLUTE (.))
 *(.interp)
 *(.hash)
 *(.dynsym)
 *(.dynstr)
 *(.gnu.version)
 *(.gnu.version_d)
 *(.gnu.version_r)
 *(.rel.init)
 *(.rela.init)
 *(.rel.text .rel.text.* .rel.gnu.linkonce.t.*)
 *(.rela.text .rela.text.* .rela.gnu.linkonce.t.*)
 *(.rel.fini)
 *(.rela.fini)
 *(.rel.rodata .rel.rodata.* .rel.gnu.linkonce.r.*)
 *(.rela.rodata .rela.rodata.* .rela.gnu.linkonce.r.*)
 *(.rel.data .rel.data.* .rel.gnu.linkonce.d.*)
 *(.rela.data .rela.data.* .rela.gnu.linkonce.d.*)
 *(.rel.tdata .rel.tdata.* .rel.gnu.linkonce.td.*)
 *(.rela.tdata .rela.tdata.* .rela.gnu.linkonce.td.*)
 *(.rel.tbss .rel.tbss.* .rel.gnu.linkonce.tb.*)
 *(.rela.tbss .rela.tbss.* .rela.gnu.linkonce.tb.*)
 *(.rel.ctors)
 *(.rela.ctors)
 *(.rel.dtors)
 *(.rela.dtors)
 *(.rel.got)
 *(.rela.got)
 *(.rel.sdata .rel.sdata.* .rel.gnu.linkonce.s.*)
 *(.rela.sdata .rela.sdata.* .rela.gnu.linkonce.s.*)
 *(.rel.sbss .rel.sbss.* .rel.gnu.linkonce.sb.*)
 *(.rela.sbss .rela.sbss.* .rela.gnu.linkonce.sb.*)
 *(.rel.sdata2 .rel.sdata2.* .rel.gnu.linkonce.s2.*)
 *(.rela.sdata2 .rela.sdata2.* .rela.gnu.linkonce.s2.*)
 *(.rel.sbss2 .rel.sbss2.* .rel.gnu.linkonce.sb2.*)
 *(.rela.sbss2 .rela.sbss2.* .rela.gnu.linkonce.sb2.*)
 *(.rel.bss .rel.bss.* .rel.gnu.linkonce.b.*)
 *(.rela.bss .rela.bss.* .rela.gnu.linkonce.b.*)
 *(.rel.plt)
 *(.rela.plt)
 *(.rel.dyn)
 *(.init)
 *(.plt)
 *(.text .stub .text.* .gnu.linkonce.t.*)
 .text          0x0000000000008230       0x3c ../WiPhase_SW_bsp//obj/HAL/src/crt0.o
                0x0000000000008230                _start
 .text          0x000000000000826c       0xc8 obj/default/eth_init.o
                0x000000000000826c                init_eth
 .text          0x0000000000008334       0x6c obj/default/hello_world.o
                0x0000000000008334                main
 .text          0x00000000000083a0        0x0 c:/intelfpga_lite/17.1/nios2eds/bin/gnu/h-x86_64-mingw32/bin/../lib/gcc/nios2-elf/5.3.0/../../../../../H-x86_64-mingw32/nios2-elf/lib/mno-hw-mul\libsmallc.a(lib_a-printf.o)
 .text._printf_r
                0x00000000000083a0       0x3c c:/intelfpga_lite/17.1/nios2eds/bin/gnu/h-x86_64-mingw32/bin/../lib/gcc/nios2-elf/5.3.0/../../../../../H-x86_64-mingw32/nios2-elf/lib/mno-hw-mul\libsmallc.a(lib_a-printf.o)
                0x00000000000083a0                _printf_r
 .text.printf   0x00000000000083dc       0x4c c:/intelfpga_lite/17.1/nios2eds/bin/gnu/h-x86_64-mingw32/bin/../lib/gcc/nios2-elf/5.3.0/../../../../../H-x86_64-mingw32/nios2-elf/lib/mno-hw-mul\libsmallc.a(lib_a-printf.o)
                0x00000000000083dc                printf
 .text          0x0000000000008428        0x0 c:/intelfpga_lite/17.1/nios2eds/bin/gnu/h-x86_64-mingw32/bin/../lib/gcc/nios2-elf/5.3.0/../../../../../H-x86_64-mingw32/nios2-elf/lib/mno-hw-mul\libsmallc.a(lib_a-puts.o)
 .text._puts_r  0x0000000000008428       0x80 c:/intelfpga_lite/17.1/nios2eds/bin/gnu/h-x86_64-mingw32/bin/../lib/gcc/nios2-elf/5.3.0/../../../../../H-x86_64-mingw32/nios2-elf/lib/mno-hw-mul\libsmallc.a(lib_a-puts.o)
                0x0000000000008428                _puts_r
 .text.puts     0x00000000000084a8       0x14 c:/intelfpga_lite/17.1/nios2eds/bin/gnu/h-x86_64-mingw32/bin/../lib/gcc/nios2-elf/5.3.0/../../../../../H-x86_64-mingw32/nios2-elf/lib/mno-hw-mul\libsmallc.a(lib_a-puts.o)
                0x00000000000084a8                puts
 .text          0x00000000000084bc        0x0 c:/intelfpga_lite/17.1/nios2eds/bin/gnu/h-x86_64-mingw32/bin/../lib/gcc/nios2-elf/5.3.0/../../../../../H-x86_64-mingw32/nios2-elf/lib/mno-hw-mul\libsmallc.a(lib_a-strlen.o)
 .text.strlen   0x00000000000084bc       0x1c c:/intelfpga_lite/17.1/nios2eds/bin/gnu/h-x86_64-mingw32/bin/../lib/gcc/nios2-elf/5.3.0/../../../../../H-x86_64-mingw32/nios2-elf/lib/mno-hw-mul\libsmallc.a(lib_a-strlen.o)
                0x00000000000084bc                strlen
 .text          0x00000000000084d8        0x0 c:/intelfpga_lite/17.1/nios2eds/bin/gnu/h-x86_64-mingw32/bin/../lib/gcc/nios2-elf/5.3.0/../../../../../H-x86_64-mingw32/nios2-elf/lib/mno-hw-mul\libsmallc.a(lib_a-vfprintf.o)
 .text.print_repeat
                0x00000000000084d8       0x6c c:/intelfpga_lite/17.1/nios2eds/bin/gnu/h-x86_64-mingw32/bin/../lib/gcc/nios2-elf/5.3.0/../../../../../H-x86_64-mingw32/nios2-elf/lib/mno-hw-mul\libsmallc.a(lib_a-vfprintf.o)
 .text.___vfprintf_internal_r
                0x0000000000008544      0x52c c:/intelfpga_lite/17.1/nios2eds/bin/gnu/h-x86_64-mingw32/bin/../lib/gcc/nios2-elf/5.3.0/../../../../../H-x86_64-mingw32/nios2-elf/lib/mno-hw-mul\libsmallc.a(lib_a-vfprintf.o)
                0x0000000000008544                ___vfprintf_internal_r
 .text.__vfprintf_internal
                0x0000000000008a70       0x1c c:/intelfpga_lite/17.1/nios2eds/bin/gnu/h-x86_64-mingw32/bin/../lib/gcc/nios2-elf/5.3.0/../../../../../H-x86_64-mingw32/nios2-elf/lib/mno-hw-mul\libsmallc.a(lib_a-vfprintf.o)
                0x0000000000008a70                __vfprintf_internal
 .text          0x0000000000008a8c        0x0 c:/intelfpga_lite/17.1/nios2eds/bin/gnu/h-x86_64-mingw32/bin/../lib/gcc/nios2-elf/5.3.0/../../../../../H-x86_64-mingw32/nios2-elf/lib/mno-hw-mul\libsmallc.a(lib_a-fvwrite_small_dev.o)
 .text.__sfvwrite_small_dev
                0x0000000000008a8c       0xb8 c:/intelfpga_lite/17.1/nios2eds/bin/gnu/h-x86_64-mingw32/bin/../lib/gcc/nios2-elf/5.3.0/../../../../../H-x86_64-mingw32/nios2-elf/lib/mno-hw-mul\libsmallc.a(lib_a-fvwrite_small_dev.o)
                0x0000000000008a8c                __sfvwrite_small_dev
 .text          0x0000000000008b44        0x0 c:/intelfpga_lite/17.1/nios2eds/bin/gnu/h-x86_64-mingw32/bin/../lib/gcc/nios2-elf/5.3.0/../../../../../H-x86_64-mingw32/nios2-elf/lib/mno-hw-mul\libsmallc.a(lib_a-impure.o)
 .text          0x0000000000008b44        0x0 c:/intelfpga_lite/17.1/nios2eds/bin/gnu/h-x86_64-mingw32/bin/../lib/gcc/nios2-elf/5.3.0/../../../../../H-x86_64-mingw32/nios2-elf/lib/mno-hw-mul\libsmallc.a(lib_a-writer.o)
 .text._write_r
                0x0000000000008b44       0x58 c:/intelfpga_lite/17.1/nios2eds/bin/gnu/h-x86_64-mingw32/bin/../lib/gcc/nios2-elf/5.3.0/../../../../../H-x86_64-mingw32/nios2-elf/lib/mno-hw-mul\libsmallc.a(lib_a-writer.o)
                0x0000000000008b44                _write_r
 .text          0x0000000000008b9c        0x0 c:/intelfpga_lite/17.1/nios2eds/bin/gnu/h-x86_64-mingw32/bin/../lib/gcc/nios2-elf/5.3.0/../../../../../H-x86_64-mingw32/nios2-elf/lib/mno-hw-mul\libsmallc.a(lib_a-int_errno.o)
 .text          0x0000000000008b9c      0x1b4 c:/intelfpga_lite/17.1/nios2eds/bin/gnu/h-x86_64-mingw32/bin/../lib/gcc/nios2-elf/5.3.0/mno-hw-mul\libgcc.a(lib2-divmod.o)
                0x0000000000008b9c                __divsi3
                0x0000000000008c20                __modsi3
                0x0000000000008c94                __udivsi3
                0x0000000000008cf8                __umodsi3
 .text          0x0000000000008d50       0x28 c:/intelfpga_lite/17.1/nios2eds/bin/gnu/h-x86_64-mingw32/bin/../lib/gcc/nios2-elf/5.3.0/mno-hw-mul\libgcc.a(lib2-mul.o)
                0x0000000000008d50                __mulsi3
 .text          0x0000000000008d78       0xec ../WiPhase_SW_bsp/\libhal_bsp.a(alt_load.o)
                0x0000000000008de0                alt_load
 .text          0x0000000000008e64       0x7c ../WiPhase_SW_bsp/\libhal_bsp.a(alt_main.o)
                0x0000000000008e64                alt_main
 .text          0x0000000000008ee0      0x13c ../WiPhase_SW_bsp/\libhal_bsp.a(alt_write.o)
                0x0000000000008f1c                write
 .text          0x000000000000901c       0xc4 ../WiPhase_SW_bsp/\libhal_bsp.a(alt_sys_init.o)
                0x0000000000009050                alt_irq_init
                0x0000000000009088                alt_sys_init
 .text          0x00000000000090e0       0xc0 ../WiPhase_SW_bsp/\libhal_bsp.a(altera_avalon_jtag_uart_fd.o)
                0x00000000000090e0                altera_avalon_jtag_uart_read_fd
                0x0000000000009140                altera_avalon_jtag_uart_write_fd
 .text          0x00000000000091a0       0xec ../WiPhase_SW_bsp/\libhal_bsp.a(altera_avalon_jtag_uart_read.o)
                0x00000000000091a0                altera_avalon_jtag_uart_read
 .text          0x000000000000928c       0x94 ../WiPhase_SW_bsp/\libhal_bsp.a(altera_avalon_jtag_uart_write.o)
                0x000000000000928c                altera_avalon_jtag_uart_write
 .text          0x0000000000009320       0xf4 ../WiPhase_SW_bsp/\libhal_bsp.a(altera_avalon_timer_sc.o)
                0x0000000000009398                alt_avalon_timer_sc_init
 .text          0x0000000000009414      0x114 ../WiPhase_SW_bsp/\libhal_bsp.a(alt_close.o)
                0x0000000000009450                close
 .text          0x0000000000009528       0x20 ../WiPhase_SW_bsp/\libhal_bsp.a(alt_dcache_flush_all.o)
                0x0000000000009528                alt_dcache_flush_all
 .text          0x0000000000009548       0x2c ../WiPhase_SW_bsp/\libhal_bsp.a(alt_dev.o)
 .text          0x0000000000009574       0xe0 ../WiPhase_SW_bsp/\libhal_bsp.a(alt_dev_llist_insert.o)
                0x00000000000095b0                alt_dev_llist_insert
 .text          0x0000000000009654       0x60 ../WiPhase_SW_bsp/\libhal_bsp.a(alt_do_ctors.o)
                0x0000000000009654                _do_ctors
 .text          0x00000000000096b4       0x60 ../WiPhase_SW_bsp/\libhal_bsp.a(alt_do_dtors.o)
                0x00000000000096b4                _do_dtors
 .text          0x0000000000009714        0x0 ../WiPhase_SW_bsp/\libhal_bsp.a(alt_errno.o)
 .text          0x0000000000009714       0x20 ../WiPhase_SW_bsp/\libhal_bsp.a(alt_icache_flush_all.o)
                0x0000000000009714                alt_icache_flush_all
 .text          0x0000000000009734      0x1b0 ../WiPhase_SW_bsp/\libhal_bsp.a(alt_iic.o)
                0x0000000000009734                alt_ic_isr_register
                0x0000000000009784                alt_ic_irq_enable
                0x000000000000980c                alt_ic_irq_disable
                0x0000000000009898                alt_ic_irq_enabled
 .text          0x00000000000098e4       0xf0 ../WiPhase_SW_bsp/\libhal_bsp.a(alt_iic_isr_register.o)
                0x00000000000098e4                alt_iic_isr_register
 .text          0x00000000000099d4      0x160 ../WiPhase_SW_bsp/\libhal_bsp.a(alt_io_redirect.o)
                0x0000000000009ab8                alt_io_redirect
 .text          0x0000000000009b34        0x0 ../WiPhase_SW_bsp/\libhal_bsp.a(alt_irq_entry.o)
 .text          0x0000000000009b34        0x0 ../WiPhase_SW_bsp/\libhal_bsp.a(alt_irq_handler.o)
 .text          0x0000000000009b34        0x0 ../WiPhase_SW_bsp/\libhal_bsp.a(alt_irq_vars.o)
 .text          0x0000000000009b34      0x284 ../WiPhase_SW_bsp/\libhal_bsp.a(alt_open.o)
                0x0000000000009c5c                open
 .text          0x0000000000009db8       0x84 ../WiPhase_SW_bsp/\libhal_bsp.a(alt_release_fd.o)
                0x0000000000009db8                alt_release_fd
 .text          0x0000000000009e3c      0x1a4 ../WiPhase_SW_bsp/\libhal_bsp.a(alt_tick.o)
                0x0000000000009e3c                alt_alarm_stop
                0x0000000000009ed8                alt_tick
 .text          0x0000000000009fe0       0x24 ../WiPhase_SW_bsp/\libhal_bsp.a(altera_nios2_gen2_irq.o)
                0x0000000000009fe0                altera_nios2_gen2_irq_init
 .text          0x000000000000a004        0x0 ../WiPhase_SW_bsp/\libhal_bsp.a(alt_exception_entry.o)
 .text          0x000000000000a004       0x90 ../WiPhase_SW_bsp/\libhal_bsp.a(alt_find_dev.o)
                0x000000000000a004                alt_find_dev
 .text          0x000000000000a094      0x108 ../WiPhase_SW_bsp/\libhal_bsp.a(alt_find_file.o)
                0x000000000000a094                alt_find_file
 .text          0x000000000000a19c       0xc4 ../WiPhase_SW_bsp/\libhal_bsp.a(alt_get_fd.o)
                0x000000000000a19c                alt_get_fd
 .text          0x000000000000a260       0x9c ../WiPhase_SW_bsp/\libhal_bsp.a(alt_instruction_exception_entry.o)
                0x000000000000a260                alt_exception_cause_generated_bad_addr
 .text          0x000000000000a2fc        0x0 c:/intelfpga_lite/17.1/nios2eds/bin/gnu/h-x86_64-mingw32/bin/../lib/gcc/nios2-elf/5.3.0/../../../../../H-x86_64-mingw32/nios2-elf/lib/mno-hw-mul\libsmallc.a(lib_a-atexit.o)
 .text.atexit   0x000000000000a2fc       0x14 c:/intelfpga_lite/17.1/nios2eds/bin/gnu/h-x86_64-mingw32/bin/../lib/gcc/nios2-elf/5.3.0/../../../../../H-x86_64-mingw32/nios2-elf/lib/mno-hw-mul\libsmallc.a(lib_a-atexit.o)
                0x000000000000a2fc                atexit
 .text          0x000000000000a310        0x0 c:/intelfpga_lite/17.1/nios2eds/bin/gnu/h-x86_64-mingw32/bin/../lib/gcc/nios2-elf/5.3.0/../../../../../H-x86_64-mingw32/nios2-elf/lib/mno-hw-mul\libsmallc.a(lib_a-exit.o)
 .text.exit     0x000000000000a310       0x20 c:/intelfpga_lite/17.1/nios2eds/bin/gnu/h-x86_64-mingw32/bin/../lib/gcc/nios2-elf/5.3.0/../../../../../H-x86_64-mingw32/nios2-elf/lib/mno-hw-mul\libsmallc.a(lib_a-exit.o)
                0x000000000000a310                exit
 .text          0x000000000000a330        0x0 c:/intelfpga_lite/17.1/nios2eds/bin/gnu/h-x86_64-mingw32/bin/../lib/gcc/nios2-elf/5.3.0/../../../../../H-x86_64-mingw32/nios2-elf/lib/mno-hw-mul\libsmallc.a(lib_a-memcmp.o)
 .text.memcmp   0x000000000000a330       0x30 c:/intelfpga_lite/17.1/nios2eds/bin/gnu/h-x86_64-mingw32/bin/../lib/gcc/nios2-elf/5.3.0/../../../../../H-x86_64-mingw32/nios2-elf/lib/mno-hw-mul\libsmallc.a(lib_a-memcmp.o)
                0x000000000000a330                memcmp
 .text          0x000000000000a360        0x0 c:/intelfpga_lite/17.1/nios2eds/bin/gnu/h-x86_64-mingw32/bin/../lib/gcc/nios2-elf/5.3.0/../../../../../H-x86_64-mingw32/nios2-elf/lib/mno-hw-mul\libsmallc.a(lib_a-__atexit.o)
 .text.__register_exitproc
                0x000000000000a360      0x158 c:/intelfpga_lite/17.1/nios2eds/bin/gnu/h-x86_64-mingw32/bin/../lib/gcc/nios2-elf/5.3.0/../../../../../H-x86_64-mingw32/nios2-elf/lib/mno-hw-mul\libsmallc.a(lib_a-__atexit.o)
                0x000000000000a360                __register_exitproc
 .text          0x000000000000a4b8        0x0 c:/intelfpga_lite/17.1/nios2eds/bin/gnu/h-x86_64-mingw32/bin/../lib/gcc/nios2-elf/5.3.0/../../../../../H-x86_64-mingw32/nios2-elf/lib/mno-hw-mul\libsmallc.a(lib_a-__call_atexit.o)
 .text.__call_exitprocs
                0x000000000000a4b8      0x190 c:/intelfpga_lite/17.1/nios2eds/bin/gnu/h-x86_64-mingw32/bin/../lib/gcc/nios2-elf/5.3.0/../../../../../H-x86_64-mingw32/nios2-elf/lib/mno-hw-mul\libsmallc.a(lib_a-__call_atexit.o)
                0x000000000000a4b8                __call_exitprocs
 .text          0x000000000000a648       0x34 ../WiPhase_SW_bsp/\libhal_bsp.a(alt_exit.o)
                0x000000000000a648                _exit
 *(.gnu.warning.*)
 *(.fini)
                [!provide]                        PROVIDE (__etext, ABSOLUTE (.))
                [!provide]                        PROVIDE (_etext, ABSOLUTE (.))
                [!provide]                        PROVIDE (etext, ABSOLUTE (.))
 *(.eh_frame_hdr)
                0x000000000000a67c                . = ALIGN (0x4)
                [!provide]                        PROVIDE (__preinit_array_start, ABSOLUTE (.))
 *(.preinit_array)
                [!provide]                        PROVIDE (__preinit_array_end, ABSOLUTE (.))
                [!provide]                        PROVIDE (__init_array_start, ABSOLUTE (.))
 *(.init_array)
                [!provide]                        PROVIDE (__init_array_end, ABSOLUTE (.))
                [!provide]                        PROVIDE (__fini_array_start, ABSOLUTE (.))
 *(.fini_array)
                [!provide]                        PROVIDE (__fini_array_end, ABSOLUTE (.))
 *(.eh_frame)
 *(.gcc_except_table .gcc_except_table.*)
 *(.dynamic)
                0x000000000000a67c                PROVIDE (__CTOR_LIST__, ABSOLUTE (.))
 *(.ctors)
 *(SORT(.ctors.*))
                0x000000000000a67c                PROVIDE (__CTOR_END__, ABSOLUTE (.))
                0x000000000000a67c                PROVIDE (__DTOR_LIST__, ABSOLUTE (.))
 *(.dtors)
 *(SORT(.dtors.*))
                0x000000000000a67c                PROVIDE (__DTOR_END__, ABSOLUTE (.))
 *(.jcr)
                0x000000000000a67c                . = ALIGN (0x4)

.rodata         0x000000000000a67c       0x9c
                0x000000000000a67c                PROVIDE (__ram_rodata_start, ABSOLUTE (.))
                0x000000000000a67c                . = ALIGN (0x4)
 *(.rodata .rodata.* .gnu.linkonce.r.*)
 .rodata        0x000000000000a67c       0x56 obj/default/eth_init.o
 *fill*         0x000000000000a6d2        0x2 
 .rodata        0x000000000000a6d4       0x14 obj/default/hello_world.o
 .rodata.str1.4
                0x000000000000a6e8        0x4 c:/intelfpga_lite/17.1/nios2eds/bin/gnu/h-x86_64-mingw32/bin/../lib/gcc/nios2-elf/5.3.0/../../../../../H-x86_64-mingw32/nios2-elf/lib/mno-hw-mul\libsmallc.a(lib_a-puts.o)
                                          0x2 (size before relaxing)
 .rodata        0x000000000000a6ec        0xf ../WiPhase_SW_bsp/\libhal_bsp.a(alt_main.o)
 *fill*         0x000000000000a6fb        0x1 
 .rodata        0x000000000000a6fc        0xf ../WiPhase_SW_bsp/\libhal_bsp.a(alt_sys_init.o)
 *fill*         0x000000000000a70b        0x1 
 .rodata        0x000000000000a70c        0xa ../WiPhase_SW_bsp/\libhal_bsp.a(alt_dev.o)
 *(.rodata1)
                0x000000000000a718                . = ALIGN (0x4)
 *fill*         0x000000000000a716        0x2 
                0x000000000000a718                PROVIDE (__ram_rodata_end, ABSOLUTE (.))
                0x000000000000a67c                PROVIDE (__flash_rodata_start, LOADADDR (.rodata))

.rwdata         0x000000000000a718      0x2e0 load address 0x000000000000a9f8
                0x000000000000a718                PROVIDE (__ram_rwdata_start, ABSOLUTE (.))
                0x000000000000a718                . = ALIGN (0x4)
 *(.got.plt)
 *(.got)
 *(.data1)
 *(.data .data.* .gnu.linkonce.d.*)
 .data          0x000000000000a718        0x0 ../WiPhase_SW_bsp//obj/HAL/src/crt0.o
 .data          0x000000000000a718        0x0 obj/default/eth_init.o
 .data          0x000000000000a718        0x0 obj/default/hello_world.o
 .data          0x000000000000a718        0x0 c:/intelfpga_lite/17.1/nios2eds/bin/gnu/h-x86_64-mingw32/bin/../lib/gcc/nios2-elf/5.3.0/../../../../../H-x86_64-mingw32/nios2-elf/lib/mno-hw-mul\libsmallc.a(lib_a-printf.o)
 .data          0x000000000000a718        0x0 c:/intelfpga_lite/17.1/nios2eds/bin/gnu/h-x86_64-mingw32/bin/../lib/gcc/nios2-elf/5.3.0/../../../../../H-x86_64-mingw32/nios2-elf/lib/mno-hw-mul\libsmallc.a(lib_a-puts.o)
 .data          0x000000000000a718        0x0 c:/intelfpga_lite/17.1/nios2eds/bin/gnu/h-x86_64-mingw32/bin/../lib/gcc/nios2-elf/5.3.0/../../../../../H-x86_64-mingw32/nios2-elf/lib/mno-hw-mul\libsmallc.a(lib_a-strlen.o)
 .data          0x000000000000a718        0x0 c:/intelfpga_lite/17.1/nios2eds/bin/gnu/h-x86_64-mingw32/bin/../lib/gcc/nios2-elf/5.3.0/../../../../../H-x86_64-mingw32/nios2-elf/lib/mno-hw-mul\libsmallc.a(lib_a-vfprintf.o)
 .data          0x000000000000a718        0x0 c:/intelfpga_lite/17.1/nios2eds/bin/gnu/h-x86_64-mingw32/bin/../lib/gcc/nios2-elf/5.3.0/../../../../../H-x86_64-mingw32/nios2-elf/lib/mno-hw-mul\libsmallc.a(lib_a-fvwrite_small_dev.o)
 .data          0x000000000000a718        0x0 c:/intelfpga_lite/17.1/nios2eds/bin/gnu/h-x86_64-mingw32/bin/../lib/gcc/nios2-elf/5.3.0/../../../../../H-x86_64-mingw32/nios2-elf/lib/mno-hw-mul\libsmallc.a(lib_a-impure.o)
 .data.impure_data
                0x000000000000a718       0xe0 c:/intelfpga_lite/17.1/nios2eds/bin/gnu/h-x86_64-mingw32/bin/../lib/gcc/nios2-elf/5.3.0/../../../../../H-x86_64-mingw32/nios2-elf/lib/mno-hw-mul\libsmallc.a(lib_a-impure.o)
 .data          0x000000000000a7f8        0x0 c:/intelfpga_lite/17.1/nios2eds/bin/gnu/h-x86_64-mingw32/bin/../lib/gcc/nios2-elf/5.3.0/../../../../../H-x86_64-mingw32/nios2-elf/lib/mno-hw-mul\libsmallc.a(lib_a-writer.o)
 .data          0x000000000000a7f8        0x0 c:/intelfpga_lite/17.1/nios2eds/bin/gnu/h-x86_64-mingw32/bin/../lib/gcc/nios2-elf/5.3.0/../../../../../H-x86_64-mingw32/nios2-elf/lib/mno-hw-mul\libsmallc.a(lib_a-int_errno.o)
 .data          0x000000000000a7f8        0x0 c:/intelfpga_lite/17.1/nios2eds/bin/gnu/h-x86_64-mingw32/bin/../lib/gcc/nios2-elf/5.3.0/mno-hw-mul\libgcc.a(lib2-divmod.o)
 .data          0x000000000000a7f8        0x0 c:/intelfpga_lite/17.1/nios2eds/bin/gnu/h-x86_64-mingw32/bin/../lib/gcc/nios2-elf/5.3.0/mno-hw-mul\libgcc.a(lib2-mul.o)
 .data          0x000000000000a7f8        0x0 ../WiPhase_SW_bsp/\libhal_bsp.a(alt_load.o)
 .data          0x000000000000a7f8        0x0 ../WiPhase_SW_bsp/\libhal_bsp.a(alt_main.o)
 .data          0x000000000000a7f8        0x0 ../WiPhase_SW_bsp/\libhal_bsp.a(alt_write.o)
 .data          0x000000000000a7f8       0x2c ../WiPhase_SW_bsp/\libhal_bsp.a(alt_sys_init.o)
 .data          0x000000000000a824        0x0 ../WiPhase_SW_bsp/\libhal_bsp.a(altera_avalon_jtag_uart_fd.o)
 .data          0x000000000000a824        0x0 ../WiPhase_SW_bsp/\libhal_bsp.a(altera_avalon_jtag_uart_read.o)
 .data          0x000000000000a824        0x0 ../WiPhase_SW_bsp/\libhal_bsp.a(altera_avalon_jtag_uart_write.o)
 .data          0x000000000000a824        0x0 ../WiPhase_SW_bsp/\libhal_bsp.a(altera_avalon_timer_sc.o)
 .data          0x000000000000a824        0x0 ../WiPhase_SW_bsp/\libhal_bsp.a(alt_close.o)
 .data          0x000000000000a824        0x0 ../WiPhase_SW_bsp/\libhal_bsp.a(alt_dcache_flush_all.o)
 .data          0x000000000000a824      0x1a8 ../WiPhase_SW_bsp/\libhal_bsp.a(alt_dev.o)
                0x000000000000a824                alt_dev_null
                0x000000000000a84c                alt_fd_list
 .data          0x000000000000a9cc        0x0 ../WiPhase_SW_bsp/\libhal_bsp.a(alt_dev_llist_insert.o)
 .data          0x000000000000a9cc        0x0 ../WiPhase_SW_bsp/\libhal_bsp.a(alt_do_ctors.o)
 .data          0x000000000000a9cc        0x0 ../WiPhase_SW_bsp/\libhal_bsp.a(alt_do_dtors.o)
 .data          0x000000000000a9cc        0x0 ../WiPhase_SW_bsp/\libhal_bsp.a(alt_errno.o)
 .data          0x000000000000a9cc        0x0 ../WiPhase_SW_bsp/\libhal_bsp.a(alt_icache_flush_all.o)
 .data          0x000000000000a9cc        0x0 ../WiPhase_SW_bsp/\libhal_bsp.a(alt_iic.o)
 .data          0x000000000000a9cc        0x0 ../WiPhase_SW_bsp/\libhal_bsp.a(alt_iic_isr_register.o)
 .data          0x000000000000a9cc        0x0 ../WiPhase_SW_bsp/\libhal_bsp.a(alt_io_redirect.o)
 .data          0x000000000000a9cc        0x0 ../WiPhase_SW_bsp/\libhal_bsp.a(alt_irq_entry.o)
 .data          0x000000000000a9cc        0x0 ../WiPhase_SW_bsp/\libhal_bsp.a(alt_irq_handler.o)
 .data          0x000000000000a9cc        0x0 ../WiPhase_SW_bsp/\libhal_bsp.a(alt_irq_vars.o)
 .data          0x000000000000a9cc        0x0 ../WiPhase_SW_bsp/\libhal_bsp.a(alt_open.o)
 .data          0x000000000000a9cc        0x0 ../WiPhase_SW_bsp/\libhal_bsp.a(alt_release_fd.o)
 .data          0x000000000000a9cc        0x0 ../WiPhase_SW_bsp/\libhal_bsp.a(alt_tick.o)
 .data          0x000000000000a9cc        0x0 ../WiPhase_SW_bsp/\libhal_bsp.a(altera_nios2_gen2_irq.o)
 .data          0x000000000000a9cc        0x0 ../WiPhase_SW_bsp/\libhal_bsp.a(alt_exception_entry.o)
 .data          0x000000000000a9cc        0x0 ../WiPhase_SW_bsp/\libhal_bsp.a(alt_find_dev.o)
 .data          0x000000000000a9cc        0x0 ../WiPhase_SW_bsp/\libhal_bsp.a(alt_find_file.o)
 .data          0x000000000000a9cc        0x0 ../WiPhase_SW_bsp/\libhal_bsp.a(alt_get_fd.o)
 .data          0x000000000000a9cc        0x0 ../WiPhase_SW_bsp/\libhal_bsp.a(alt_instruction_exception_entry.o)
 .data          0x000000000000a9cc        0x0 c:/intelfpga_lite/17.1/nios2eds/bin/gnu/h-x86_64-mingw32/bin/../lib/gcc/nios2-elf/5.3.0/../../../../../H-x86_64-mingw32/nios2-elf/lib/mno-hw-mul\libsmallc.a(lib_a-atexit.o)
 .data          0x000000000000a9cc        0x0 c:/intelfpga_lite/17.1/nios2eds/bin/gnu/h-x86_64-mingw32/bin/../lib/gcc/nios2-elf/5.3.0/../../../../../H-x86_64-mingw32/nios2-elf/lib/mno-hw-mul\libsmallc.a(lib_a-exit.o)
 .data          0x000000000000a9cc        0x0 c:/intelfpga_lite/17.1/nios2eds/bin/gnu/h-x86_64-mingw32/bin/../lib/gcc/nios2-elf/5.3.0/../../../../../H-x86_64-mingw32/nios2-elf/lib/mno-hw-mul\libsmallc.a(lib_a-memcmp.o)
 .data          0x000000000000a9cc        0x0 c:/intelfpga_lite/17.1/nios2eds/bin/gnu/h-x86_64-mingw32/bin/../lib/gcc/nios2-elf/5.3.0/../../../../../H-x86_64-mingw32/nios2-elf/lib/mno-hw-mul\libsmallc.a(lib_a-__atexit.o)
 .data          0x000000000000a9cc        0x0 c:/intelfpga_lite/17.1/nios2eds/bin/gnu/h-x86_64-mingw32/bin/../lib/gcc/nios2-elf/5.3.0/../../../../../H-x86_64-mingw32/nios2-elf/lib/mno-hw-mul\libsmallc.a(lib_a-__call_atexit.o)
 .data          0x000000000000a9cc        0x0 ../WiPhase_SW_bsp/\libhal_bsp.a(alt_exit.o)
                0x00000000000129cc                _gp = ABSOLUTE ((. + 0x8000))
                [!provide]                        PROVIDE (gp, _gp)
 *(.rwdata .rwdata.*)
 *(.sdata .sdata.* .gnu.linkonce.s.*)
 .sdata._global_impure_ptr
                0x000000000000a9cc        0x4 c:/intelfpga_lite/17.1/nios2eds/bin/gnu/h-x86_64-mingw32/bin/../lib/gcc/nios2-elf/5.3.0/../../../../../H-x86_64-mingw32/nios2-elf/lib/mno-hw-mul\libsmallc.a(lib_a-impure.o)
                0x000000000000a9cc                _global_impure_ptr
 .sdata._impure_ptr
                0x000000000000a9d0        0x4 c:/intelfpga_lite/17.1/nios2eds/bin/gnu/h-x86_64-mingw32/bin/../lib/gcc/nios2-elf/5.3.0/../../../../../H-x86_64-mingw32/nios2-elf/lib/mno-hw-mul\libsmallc.a(lib_a-impure.o)
                0x000000000000a9d0                _impure_ptr
 .sdata         0x000000000000a9d4       0x14 ../WiPhase_SW_bsp/\libhal_bsp.a(alt_dev.o)
                0x000000000000a9d4                alt_fs_list
                0x000000000000a9dc                alt_dev_list
                0x000000000000a9e4                alt_max_fd
 .sdata         0x000000000000a9e8        0x4 ../WiPhase_SW_bsp/\libhal_bsp.a(alt_errno.o)
                0x000000000000a9e8                alt_errno
 .sdata         0x000000000000a9ec        0x4 ../WiPhase_SW_bsp/\libhal_bsp.a(alt_irq_vars.o)
                0x000000000000a9ec                alt_priority_mask
 .sdata         0x000000000000a9f0        0x8 ../WiPhase_SW_bsp/\libhal_bsp.a(alt_tick.o)
                0x000000000000a9f0                alt_alarm_list
 *(.sdata2 .sdata2.* .gnu.linkonce.s2.*)
                0x000000000000a9f8                . = ALIGN (0x4)
                0x000000000000a9f8                _edata = ABSOLUTE (.)
                [!provide]                        PROVIDE (edata, ABSOLUTE (.))
                0x000000000000a9f8                PROVIDE (__ram_rwdata_end, ABSOLUTE (.))
                0x000000000000a9f8                PROVIDE (__flash_rwdata_start, LOADADDR (.rwdata))

.bss            0x000000000000acd8      0x120
                0x000000000000acd8                __bss_start = ABSOLUTE (.)
                [!provide]                        PROVIDE (__sbss_start, ABSOLUTE (.))
                [!provide]                        PROVIDE (___sbss_start, ABSOLUTE (.))
 *(.dynsbss)
 *(.sbss .sbss.* .gnu.linkonce.sb.*)
 .sbss          0x000000000000acd8        0x4 c:/intelfpga_lite/17.1/nios2eds/bin/gnu/h-x86_64-mingw32/bin/../lib/gcc/nios2-elf/5.3.0/../../../../../H-x86_64-mingw32/nios2-elf/lib/mno-hw-mul\libsmallc.a(lib_a-int_errno.o)
                0x000000000000acd8                errno
 .sbss          0x000000000000acdc        0xc ../WiPhase_SW_bsp/\libhal_bsp.a(alt_main.o)
                0x000000000000acdc                alt_argc
                0x000000000000ace0                alt_argv
                0x000000000000ace4                alt_envp
 .sbss          0x000000000000ace8        0x4 ../WiPhase_SW_bsp/\libhal_bsp.a(alt_irq_vars.o)
                0x000000000000ace8                alt_irq_active
 .sbss          0x000000000000acec        0x8 ../WiPhase_SW_bsp/\libhal_bsp.a(alt_tick.o)
                0x000000000000acec                _alt_tick_rate
                0x000000000000acf0                _alt_nticks
 .sbss          0x000000000000acf4        0x4 ../WiPhase_SW_bsp/\libhal_bsp.a(alt_instruction_exception_entry.o)
                0x000000000000acf4                alt_instruction_exception_handler
 *(.sbss2 .sbss2.* .gnu.linkonce.sb2.*)
 *(.scommon)
                [!provide]                        PROVIDE (__sbss_end, ABSOLUTE (.))
                [!provide]                        PROVIDE (___sbss_end, ABSOLUTE (.))
 *(.dynbss)
 *(.bss .bss.* .gnu.linkonce.b.*)
 .bss           0x000000000000acf8        0x0 ../WiPhase_SW_bsp//obj/HAL/src/crt0.o
 .bss           0x000000000000acf8        0x0 obj/default/eth_init.o
 .bss           0x000000000000acf8        0x0 obj/default/hello_world.o
 .bss           0x000000000000acf8        0x0 c:/intelfpga_lite/17.1/nios2eds/bin/gnu/h-x86_64-mingw32/bin/../lib/gcc/nios2-elf/5.3.0/../../../../../H-x86_64-mingw32/nios2-elf/lib/mno-hw-mul\libsmallc.a(lib_a-printf.o)
 .bss           0x000000000000acf8        0x0 c:/intelfpga_lite/17.1/nios2eds/bin/gnu/h-x86_64-mingw32/bin/../lib/gcc/nios2-elf/5.3.0/../../../../../H-x86_64-mingw32/nios2-elf/lib/mno-hw-mul\libsmallc.a(lib_a-puts.o)
 .bss           0x000000000000acf8        0x0 c:/intelfpga_lite/17.1/nios2eds/bin/gnu/h-x86_64-mingw32/bin/../lib/gcc/nios2-elf/5.3.0/../../../../../H-x86_64-mingw32/nios2-elf/lib/mno-hw-mul\libsmallc.a(lib_a-strlen.o)
 .bss           0x000000000000acf8        0x0 c:/intelfpga_lite/17.1/nios2eds/bin/gnu/h-x86_64-mingw32/bin/../lib/gcc/nios2-elf/5.3.0/../../../../../H-x86_64-mingw32/nios2-elf/lib/mno-hw-mul\libsmallc.a(lib_a-vfprintf.o)
 .bss           0x000000000000acf8        0x0 c:/intelfpga_lite/17.1/nios2eds/bin/gnu/h-x86_64-mingw32/bin/../lib/gcc/nios2-elf/5.3.0/../../../../../H-x86_64-mingw32/nios2-elf/lib/mno-hw-mul\libsmallc.a(lib_a-fvwrite_small_dev.o)
 .bss           0x000000000000acf8        0x0 c:/intelfpga_lite/17.1/nios2eds/bin/gnu/h-x86_64-mingw32/bin/../lib/gcc/nios2-elf/5.3.0/../../../../../H-x86_64-mingw32/nios2-elf/lib/mno-hw-mul\libsmallc.a(lib_a-impure.o)
 .bss           0x000000000000acf8        0x0 c:/intelfpga_lite/17.1/nios2eds/bin/gnu/h-x86_64-mingw32/bin/../lib/gcc/nios2-elf/5.3.0/../../../../../H-x86_64-mingw32/nios2-elf/lib/mno-hw-mul\libsmallc.a(lib_a-writer.o)
 .bss           0x000000000000acf8        0x0 c:/intelfpga_lite/17.1/nios2eds/bin/gnu/h-x86_64-mingw32/bin/../lib/gcc/nios2-elf/5.3.0/../../../../../H-x86_64-mingw32/nios2-elf/lib/mno-hw-mul\libsmallc.a(lib_a-int_errno.o)
 .bss           0x000000000000acf8        0x0 c:/intelfpga_lite/17.1/nios2eds/bin/gnu/h-x86_64-mingw32/bin/../lib/gcc/nios2-elf/5.3.0/mno-hw-mul\libgcc.a(lib2-divmod.o)
 .bss           0x000000000000acf8        0x0 c:/intelfpga_lite/17.1/nios2eds/bin/gnu/h-x86_64-mingw32/bin/../lib/gcc/nios2-elf/5.3.0/mno-hw-mul\libgcc.a(lib2-mul.o)
 .bss           0x000000000000acf8        0x0 ../WiPhase_SW_bsp/\libhal_bsp.a(alt_load.o)
 .bss           0x000000000000acf8        0x0 ../WiPhase_SW_bsp/\libhal_bsp.a(alt_main.o)
 .bss           0x000000000000acf8        0x0 ../WiPhase_SW_bsp/\libhal_bsp.a(alt_write.o)
 .bss           0x000000000000acf8        0x0 ../WiPhase_SW_bsp/\libhal_bsp.a(alt_sys_init.o)
 .bss           0x000000000000acf8        0x0 ../WiPhase_SW_bsp/\libhal_bsp.a(altera_avalon_jtag_uart_fd.o)
 .bss           0x000000000000acf8        0x0 ../WiPhase_SW_bsp/\libhal_bsp.a(altera_avalon_jtag_uart_read.o)
 .bss           0x000000000000acf8        0x0 ../WiPhase_SW_bsp/\libhal_bsp.a(altera_avalon_jtag_uart_write.o)
 .bss           0x000000000000acf8        0x0 ../WiPhase_SW_bsp/\libhal_bsp.a(altera_avalon_timer_sc.o)
 .bss           0x000000000000acf8        0x0 ../WiPhase_SW_bsp/\libhal_bsp.a(alt_close.o)
 .bss           0x000000000000acf8        0x0 ../WiPhase_SW_bsp/\libhal_bsp.a(alt_dcache_flush_all.o)
 .bss           0x000000000000acf8        0x0 ../WiPhase_SW_bsp/\libhal_bsp.a(alt_dev.o)
 .bss           0x000000000000acf8        0x0 ../WiPhase_SW_bsp/\libhal_bsp.a(alt_dev_llist_insert.o)
 .bss           0x000000000000acf8        0x0 ../WiPhase_SW_bsp/\libhal_bsp.a(alt_do_ctors.o)
 .bss           0x000000000000acf8        0x0 ../WiPhase_SW_bsp/\libhal_bsp.a(alt_do_dtors.o)
 .bss           0x000000000000acf8        0x0 ../WiPhase_SW_bsp/\libhal_bsp.a(alt_errno.o)
 .bss           0x000000000000acf8        0x0 ../WiPhase_SW_bsp/\libhal_bsp.a(alt_icache_flush_all.o)
 .bss           0x000000000000acf8        0x0 ../WiPhase_SW_bsp/\libhal_bsp.a(alt_iic.o)
 .bss           0x000000000000acf8        0x0 ../WiPhase_SW_bsp/\libhal_bsp.a(alt_iic_isr_register.o)
 .bss           0x000000000000acf8        0x0 ../WiPhase_SW_bsp/\libhal_bsp.a(alt_io_redirect.o)
 .bss           0x000000000000acf8        0x0 ../WiPhase_SW_bsp/\libhal_bsp.a(alt_irq_entry.o)
 .bss           0x000000000000acf8        0x0 ../WiPhase_SW_bsp/\libhal_bsp.a(alt_irq_handler.o)
 .bss           0x000000000000acf8        0x0 ../WiPhase_SW_bsp/\libhal_bsp.a(alt_irq_vars.o)
 .bss           0x000000000000acf8        0x0 ../WiPhase_SW_bsp/\libhal_bsp.a(alt_open.o)
 .bss           0x000000000000acf8        0x0 ../WiPhase_SW_bsp/\libhal_bsp.a(alt_release_fd.o)
 .bss           0x000000000000acf8        0x0 ../WiPhase_SW_bsp/\libhal_bsp.a(alt_tick.o)
 .bss           0x000000000000acf8        0x0 ../WiPhase_SW_bsp/\libhal_bsp.a(altera_nios2_gen2_irq.o)
 .bss           0x000000000000acf8        0x0 ../WiPhase_SW_bsp/\libhal_bsp.a(alt_exception_entry.o)
 .bss           0x000000000000acf8        0x0 ../WiPhase_SW_bsp/\libhal_bsp.a(alt_find_dev.o)
 .bss           0x000000000000acf8        0x0 ../WiPhase_SW_bsp/\libhal_bsp.a(alt_find_file.o)
 .bss           0x000000000000acf8        0x0 ../WiPhase_SW_bsp/\libhal_bsp.a(alt_get_fd.o)
 .bss           0x000000000000acf8        0x0 ../WiPhase_SW_bsp/\libhal_bsp.a(alt_instruction_exception_entry.o)
 .bss           0x000000000000acf8        0x0 c:/intelfpga_lite/17.1/nios2eds/bin/gnu/h-x86_64-mingw32/bin/../lib/gcc/nios2-elf/5.3.0/../../../../../H-x86_64-mingw32/nios2-elf/lib/mno-hw-mul\libsmallc.a(lib_a-atexit.o)
 .bss           0x000000000000acf8        0x0 c:/intelfpga_lite/17.1/nios2eds/bin/gnu/h-x86_64-mingw32/bin/../lib/gcc/nios2-elf/5.3.0/../../../../../H-x86_64-mingw32/nios2-elf/lib/mno-hw-mul\libsmallc.a(lib_a-exit.o)
 .bss           0x000000000000acf8        0x0 c:/intelfpga_lite/17.1/nios2eds/bin/gnu/h-x86_64-mingw32/bin/../lib/gcc/nios2-elf/5.3.0/../../../../../H-x86_64-mingw32/nios2-elf/lib/mno-hw-mul\libsmallc.a(lib_a-memcmp.o)
 .bss           0x000000000000acf8        0x0 c:/intelfpga_lite/17.1/nios2eds/bin/gnu/h-x86_64-mingw32/bin/../lib/gcc/nios2-elf/5.3.0/../../../../../H-x86_64-mingw32/nios2-elf/lib/mno-hw-mul\libsmallc.a(lib_a-__atexit.o)
 .bss           0x000000000000acf8        0x0 c:/intelfpga_lite/17.1/nios2eds/bin/gnu/h-x86_64-mingw32/bin/../lib/gcc/nios2-elf/5.3.0/../../../../../H-x86_64-mingw32/nios2-elf/lib/mno-hw-mul\libsmallc.a(lib_a-__call_atexit.o)
 .bss           0x000000000000acf8        0x0 ../WiPhase_SW_bsp/\libhal_bsp.a(alt_exit.o)
 *(COMMON)
 COMMON         0x000000000000acf8      0x100 ../WiPhase_SW_bsp/\libhal_bsp.a(alt_irq_handler.o)
                0x000000000000acf8                alt_irq
                0x000000000000adf8                . = ALIGN (0x4)
                0x000000000000adf8                __bss_end = ABSOLUTE (.)

.ram_onchip     0x000000000000adf8        0x0
                [!provide]                        PROVIDE (_alt_partition_ram_onchip_start, ABSOLUTE (.))
 *(.ram_onchip .ram_onchip. ram_onchip.*)
                0x000000000000adf8                . = ALIGN (0x4)
                [!provide]                        PROVIDE (_alt_partition_ram_onchip_end, ABSOLUTE (.))
                0x000000000000adf8                _end = ABSOLUTE (.)
                0x000000000000adf8                end = ABSOLUTE (.)
                0x000000000000adf8                __alt_stack_base = ABSOLUTE (.)
                [!provide]                        PROVIDE (_alt_partition_ram_onchip_load_addr, LOADADDR (.ram_onchip))

.stab
 *(.stab)

.stabstr
 *(.stabstr)

.stab.excl
 *(.stab.excl)

.stab.exclstr
 *(.stab.exclstr)

.stab.index
 *(.stab.index)

.stab.indexstr
 *(.stab.indexstr)

.comment        0x0000000000000000       0x23
 *(.comment)
 .comment       0x0000000000000000       0x23 obj/default/eth_init.o
                                         0x24 (size before relaxing)
 .comment       0x0000000000000023       0x24 obj/default/hello_world.o
 .comment       0x0000000000000023       0x24 c:/intelfpga_lite/17.1/nios2eds/bin/gnu/h-x86_64-mingw32/bin/../lib/gcc/nios2-elf/5.3.0/../../../../../H-x86_64-mingw32/nios2-elf/lib/mno-hw-mul\libsmallc.a(lib_a-printf.o)
 .comment       0x0000000000000023       0x24 c:/intelfpga_lite/17.1/nios2eds/bin/gnu/h-x86_64-mingw32/bin/../lib/gcc/nios2-elf/5.3.0/../../../../../H-x86_64-mingw32/nios2-elf/lib/mno-hw-mul\libsmallc.a(lib_a-puts.o)
 .comment       0x0000000000000023       0x24 c:/intelfpga_lite/17.1/nios2eds/bin/gnu/h-x86_64-mingw32/bin/../lib/gcc/nios2-elf/5.3.0/../../../../../H-x86_64-mingw32/nios2-elf/lib/mno-hw-mul\libsmallc.a(lib_a-strlen.o)
 .comment       0x0000000000000023       0x24 c:/intelfpga_lite/17.1/nios2eds/bin/gnu/h-x86_64-mingw32/bin/../lib/gcc/nios2-elf/5.3.0/../../../../../H-x86_64-mingw32/nios2-elf/lib/mno-hw-mul\libsmallc.a(lib_a-vfprintf.o)
 .comment       0x0000000000000023       0x24 c:/intelfpga_lite/17.1/nios2eds/bin/gnu/h-x86_64-mingw32/bin/../lib/gcc/nios2-elf/5.3.0/../../../../../H-x86_64-mingw32/nios2-elf/lib/mno-hw-mul\libsmallc.a(lib_a-fvwrite_small_dev.o)
 .comment       0x0000000000000023       0x24 c:/intelfpga_lite/17.1/nios2eds/bin/gnu/h-x86_64-mingw32/bin/../lib/gcc/nios2-elf/5.3.0/../../../../../H-x86_64-mingw32/nios2-elf/lib/mno-hw-mul\libsmallc.a(lib_a-impure.o)
 .comment       0x0000000000000023       0x24 c:/intelfpga_lite/17.1/nios2eds/bin/gnu/h-x86_64-mingw32/bin/../lib/gcc/nios2-elf/5.3.0/../../../../../H-x86_64-mingw32/nios2-elf/lib/mno-hw-mul\libsmallc.a(lib_a-writer.o)
 .comment       0x0000000000000023       0x24 c:/intelfpga_lite/17.1/nios2eds/bin/gnu/h-x86_64-mingw32/bin/../lib/gcc/nios2-elf/5.3.0/../../../../../H-x86_64-mingw32/nios2-elf/lib/mno-hw-mul\libsmallc.a(lib_a-int_errno.o)
 .comment       0x0000000000000023       0x24 c:/intelfpga_lite/17.1/nios2eds/bin/gnu/h-x86_64-mingw32/bin/../lib/gcc/nios2-elf/5.3.0/mno-hw-mul\libgcc.a(lib2-divmod.o)
 .comment       0x0000000000000023       0x24 c:/intelfpga_lite/17.1/nios2eds/bin/gnu/h-x86_64-mingw32/bin/../lib/gcc/nios2-elf/5.3.0/mno-hw-mul\libgcc.a(lib2-mul.o)
 .comment       0x0000000000000023       0x24 ../WiPhase_SW_bsp/\libhal_bsp.a(alt_load.o)
 .comment       0x0000000000000023       0x24 ../WiPhase_SW_bsp/\libhal_bsp.a(alt_main.o)
 .comment       0x0000000000000023       0x24 ../WiPhase_SW_bsp/\libhal_bsp.a(alt_write.o)
 .comment       0x0000000000000023       0x24 ../WiPhase_SW_bsp/\libhal_bsp.a(alt_sys_init.o)
 .comment       0x0000000000000023       0x24 ../WiPhase_SW_bsp/\libhal_bsp.a(altera_avalon_jtag_uart_fd.o)
 .comment       0x0000000000000023       0x24 ../WiPhase_SW_bsp/\libhal_bsp.a(altera_avalon_jtag_uart_read.o)
 .comment       0x0000000000000023       0x24 ../WiPhase_SW_bsp/\libhal_bsp.a(altera_avalon_jtag_uart_write.o)
 .comment       0x0000000000000023       0x24 ../WiPhase_SW_bsp/\libhal_bsp.a(altera_avalon_timer_sc.o)
 .comment       0x0000000000000023       0x24 ../WiPhase_SW_bsp/\libhal_bsp.a(alt_close.o)
 .comment       0x0000000000000023       0x24 ../WiPhase_SW_bsp/\libhal_bsp.a(alt_dcache_flush_all.o)
 .comment       0x0000000000000023       0x24 ../WiPhase_SW_bsp/\libhal_bsp.a(alt_dev.o)
 .comment       0x0000000000000023       0x24 ../WiPhase_SW_bsp/\libhal_bsp.a(alt_dev_llist_insert.o)
 .comment       0x0000000000000023       0x24 ../WiPhase_SW_bsp/\libhal_bsp.a(alt_do_ctors.o)
 .comment       0x0000000000000023       0x24 ../WiPhase_SW_bsp/\libhal_bsp.a(alt_do_dtors.o)
 .comment       0x0000000000000023       0x24 ../WiPhase_SW_bsp/\libhal_bsp.a(alt_errno.o)
 .comment       0x0000000000000023       0x24 ../WiPhase_SW_bsp/\libhal_bsp.a(alt_icache_flush_all.o)
 .comment       0x0000000000000023       0x24 ../WiPhase_SW_bsp/\libhal_bsp.a(alt_iic.o)
 .comment       0x0000000000000023       0x24 ../WiPhase_SW_bsp/\libhal_bsp.a(alt_iic_isr_register.o)
 .comment       0x0000000000000023       0x24 ../WiPhase_SW_bsp/\libhal_bsp.a(alt_io_redirect.o)
 .comment       0x0000000000000023       0x24 ../WiPhase_SW_bsp/\libhal_bsp.a(alt_irq_handler.o)
 .comment       0x0000000000000023       0x24 ../WiPhase_SW_bsp/\libhal_bsp.a(alt_irq_vars.o)
 .comment       0x0000000000000023       0x24 ../WiPhase_SW_bsp/\libhal_bsp.a(alt_open.o)
 .comment       0x0000000000000023       0x24 ../WiPhase_SW_bsp/\libhal_bsp.a(alt_release_fd.o)
 .comment       0x0000000000000023       0x24 ../WiPhase_SW_bsp/\libhal_bsp.a(alt_tick.o)
 .comment       0x0000000000000023       0x24 ../WiPhase_SW_bsp/\libhal_bsp.a(altera_nios2_gen2_irq.o)
 .comment       0x0000000000000023       0x24 ../WiPhase_SW_bsp/\libhal_bsp.a(alt_find_dev.o)
 .comment       0x0000000000000023       0x24 ../WiPhase_SW_bsp/\libhal_bsp.a(alt_find_file.o)
 .comment       0x0000000000000023       0x24 ../WiPhase_SW_bsp/\libhal_bsp.a(alt_get_fd.o)
 .comment       0x0000000000000023       0x24 ../WiPhase_SW_bsp/\libhal_bsp.a(alt_instruction_exception_entry.o)
 .comment       0x0000000000000023       0x24 c:/intelfpga_lite/17.1/nios2eds/bin/gnu/h-x86_64-mingw32/bin/../lib/gcc/nios2-elf/5.3.0/../../../../../H-x86_64-mingw32/nios2-elf/lib/mno-hw-mul\libsmallc.a(lib_a-atexit.o)
 .comment       0x0000000000000023       0x24 c:/intelfpga_lite/17.1/nios2eds/bin/gnu/h-x86_64-mingw32/bin/../lib/gcc/nios2-elf/5.3.0/../../../../../H-x86_64-mingw32/nios2-elf/lib/mno-hw-mul\libsmallc.a(lib_a-exit.o)
 .comment       0x0000000000000023       0x24 c:/intelfpga_lite/17.1/nios2eds/bin/gnu/h-x86_64-mingw32/bin/../lib/gcc/nios2-elf/5.3.0/../../../../../H-x86_64-mingw32/nios2-elf/lib/mno-hw-mul\libsmallc.a(lib_a-memcmp.o)
 .comment       0x0000000000000023       0x24 c:/intelfpga_lite/17.1/nios2eds/bin/gnu/h-x86_64-mingw32/bin/../lib/gcc/nios2-elf/5.3.0/../../../../../H-x86_64-mingw32/nios2-elf/lib/mno-hw-mul\libsmallc.a(lib_a-__atexit.o)
 .comment       0x0000000000000023       0x24 c:/intelfpga_lite/17.1/nios2eds/bin/gnu/h-x86_64-mingw32/bin/../lib/gcc/nios2-elf/5.3.0/../../../../../H-x86_64-mingw32/nios2-elf/lib/mno-hw-mul\libsmallc.a(lib_a-__call_atexit.o)
 .comment       0x0000000000000023       0x24 ../WiPhase_SW_bsp/\libhal_bsp.a(alt_exit.o)

.debug
 *(.debug)

.line
 *(.line)

.debug_srcinfo
 *(.debug_srcinfo)

.debug_sfnames
 *(.debug_sfnames)

.debug_aranges  0x0000000000000000      0x678
 *(.debug_aranges)
 .debug_aranges
                0x0000000000000000       0x28 ../WiPhase_SW_bsp//obj/HAL/src/crt0.o
 .debug_aranges
                0x0000000000000028       0x20 obj/default/eth_init.o
 .debug_aranges
                0x0000000000000048       0x20 obj/default/hello_world.o
 .debug_aranges
                0x0000000000000068       0x28 c:/intelfpga_lite/17.1/nios2eds/bin/gnu/h-x86_64-mingw32/bin/../lib/gcc/nios2-elf/5.3.0/../../../../../H-x86_64-mingw32/nios2-elf/lib/mno-hw-mul\libsmallc.a(lib_a-printf.o)
 .debug_aranges
                0x0000000000000090       0x28 c:/intelfpga_lite/17.1/nios2eds/bin/gnu/h-x86_64-mingw32/bin/../lib/gcc/nios2-elf/5.3.0/../../../../../H-x86_64-mingw32/nios2-elf/lib/mno-hw-mul\libsmallc.a(lib_a-puts.o)
 .debug_aranges
                0x00000000000000b8       0x20 c:/intelfpga_lite/17.1/nios2eds/bin/gnu/h-x86_64-mingw32/bin/../lib/gcc/nios2-elf/5.3.0/../../../../../H-x86_64-mingw32/nios2-elf/lib/mno-hw-mul\libsmallc.a(lib_a-strlen.o)
 .debug_aranges
                0x00000000000000d8       0x30 c:/intelfpga_lite/17.1/nios2eds/bin/gnu/h-x86_64-mingw32/bin/../lib/gcc/nios2-elf/5.3.0/../../../../../H-x86_64-mingw32/nios2-elf/lib/mno-hw-mul\libsmallc.a(lib_a-vfprintf.o)
 .debug_aranges
                0x0000000000000108       0x20 c:/intelfpga_lite/17.1/nios2eds/bin/gnu/h-x86_64-mingw32/bin/../lib/gcc/nios2-elf/5.3.0/../../../../../H-x86_64-mingw32/nios2-elf/lib/mno-hw-mul\libsmallc.a(lib_a-fvwrite_small_dev.o)
 .debug_aranges
                0x0000000000000128       0x18 c:/intelfpga_lite/17.1/nios2eds/bin/gnu/h-x86_64-mingw32/bin/../lib/gcc/nios2-elf/5.3.0/../../../../../H-x86_64-mingw32/nios2-elf/lib/mno-hw-mul\libsmallc.a(lib_a-impure.o)
 .debug_aranges
                0x0000000000000140       0x20 c:/intelfpga_lite/17.1/nios2eds/bin/gnu/h-x86_64-mingw32/bin/../lib/gcc/nios2-elf/5.3.0/../../../../../H-x86_64-mingw32/nios2-elf/lib/mno-hw-mul\libsmallc.a(lib_a-writer.o)
 .debug_aranges
                0x0000000000000160       0x18 c:/intelfpga_lite/17.1/nios2eds/bin/gnu/h-x86_64-mingw32/bin/../lib/gcc/nios2-elf/5.3.0/../../../../../H-x86_64-mingw32/nios2-elf/lib/mno-hw-mul\libsmallc.a(lib_a-int_errno.o)
 .debug_aranges
                0x0000000000000178       0x20 c:/intelfpga_lite/17.1/nios2eds/bin/gnu/h-x86_64-mingw32/bin/../lib/gcc/nios2-elf/5.3.0/mno-hw-mul\libgcc.a(lib2-divmod.o)
 .debug_aranges
                0x0000000000000198       0x20 c:/intelfpga_lite/17.1/nios2eds/bin/gnu/h-x86_64-mingw32/bin/../lib/gcc/nios2-elf/5.3.0/mno-hw-mul\libgcc.a(lib2-mul.o)
 .debug_aranges
                0x00000000000001b8       0x20 ../WiPhase_SW_bsp/\libhal_bsp.a(alt_load.o)
 .debug_aranges
                0x00000000000001d8       0x20 ../WiPhase_SW_bsp/\libhal_bsp.a(alt_main.o)
 .debug_aranges
                0x00000000000001f8       0x20 ../WiPhase_SW_bsp/\libhal_bsp.a(alt_write.o)
 .debug_aranges
                0x0000000000000218       0x20 ../WiPhase_SW_bsp/\libhal_bsp.a(alt_sys_init.o)
 .debug_aranges
                0x0000000000000238       0x20 ../WiPhase_SW_bsp/\libhal_bsp.a(altera_avalon_jtag_uart_fd.o)
 .debug_aranges
                0x0000000000000258       0x20 ../WiPhase_SW_bsp/\libhal_bsp.a(altera_avalon_jtag_uart_read.o)
 .debug_aranges
                0x0000000000000278       0x20 ../WiPhase_SW_bsp/\libhal_bsp.a(altera_avalon_jtag_uart_write.o)
 .debug_aranges
                0x0000000000000298       0x20 ../WiPhase_SW_bsp/\libhal_bsp.a(altera_avalon_timer_sc.o)
 .debug_aranges
                0x00000000000002b8       0x20 ../WiPhase_SW_bsp/\libhal_bsp.a(alt_close.o)
 .debug_aranges
                0x00000000000002d8       0x20 ../WiPhase_SW_bsp/\libhal_bsp.a(alt_dcache_flush_all.o)
 .debug_aranges
                0x00000000000002f8       0x20 ../WiPhase_SW_bsp/\libhal_bsp.a(alt_dev.o)
 .debug_aranges
                0x0000000000000318       0x20 ../WiPhase_SW_bsp/\libhal_bsp.a(alt_dev_llist_insert.o)
 .debug_aranges
                0x0000000000000338       0x20 ../WiPhase_SW_bsp/\libhal_bsp.a(alt_do_ctors.o)
 .debug_aranges
                0x0000000000000358       0x20 ../WiPhase_SW_bsp/\libhal_bsp.a(alt_do_dtors.o)
 .debug_aranges
                0x0000000000000378       0x18 ../WiPhase_SW_bsp/\libhal_bsp.a(alt_errno.o)
 .debug_aranges
                0x0000000000000390       0x20 ../WiPhase_SW_bsp/\libhal_bsp.a(alt_icache_flush_all.o)
 .debug_aranges
                0x00000000000003b0       0x20 ../WiPhase_SW_bsp/\libhal_bsp.a(alt_iic.o)
 .debug_aranges
                0x00000000000003d0       0x20 ../WiPhase_SW_bsp/\libhal_bsp.a(alt_iic_isr_register.o)
 .debug_aranges
                0x00000000000003f0       0x20 ../WiPhase_SW_bsp/\libhal_bsp.a(alt_io_redirect.o)
 .debug_aranges
                0x0000000000000410       0x30 ../WiPhase_SW_bsp/\libhal_bsp.a(alt_irq_entry.o)
 .debug_aranges
                0x0000000000000440       0x20 ../WiPhase_SW_bsp/\libhal_bsp.a(alt_irq_handler.o)
 .debug_aranges
                0x0000000000000460       0x18 ../WiPhase_SW_bsp/\libhal_bsp.a(alt_irq_vars.o)
 .debug_aranges
                0x0000000000000478       0x20 ../WiPhase_SW_bsp/\libhal_bsp.a(alt_open.o)
 .debug_aranges
                0x0000000000000498       0x20 ../WiPhase_SW_bsp/\libhal_bsp.a(alt_release_fd.o)
 .debug_aranges
                0x00000000000004b8       0x20 ../WiPhase_SW_bsp/\libhal_bsp.a(alt_tick.o)
 .debug_aranges
                0x00000000000004d8       0x20 ../WiPhase_SW_bsp/\libhal_bsp.a(altera_nios2_gen2_irq.o)
 .debug_aranges
                0x00000000000004f8       0x38 ../WiPhase_SW_bsp/\libhal_bsp.a(alt_exception_entry.o)
 .debug_aranges
                0x0000000000000530       0x20 ../WiPhase_SW_bsp/\libhal_bsp.a(alt_find_dev.o)
 .debug_aranges
                0x0000000000000550       0x20 ../WiPhase_SW_bsp/\libhal_bsp.a(alt_find_file.o)
 .debug_aranges
                0x0000000000000570       0x20 ../WiPhase_SW_bsp/\libhal_bsp.a(alt_get_fd.o)
 .debug_aranges
                0x0000000000000590       0x28 ../WiPhase_SW_bsp/\libhal_bsp.a(alt_instruction_exception_entry.o)
 .debug_aranges
                0x00000000000005b8       0x20 c:/intelfpga_lite/17.1/nios2eds/bin/gnu/h-x86_64-mingw32/bin/../lib/gcc/nios2-elf/5.3.0/../../../../../H-x86_64-mingw32/nios2-elf/lib/mno-hw-mul\libsmallc.a(lib_a-atexit.o)
 .debug_aranges
                0x00000000000005d8       0x20 c:/intelfpga_lite/17.1/nios2eds/bin/gnu/h-x86_64-mingw32/bin/../lib/gcc/nios2-elf/5.3.0/../../../../../H-x86_64-mingw32/nios2-elf/lib/mno-hw-mul\libsmallc.a(lib_a-exit.o)
 .debug_aranges
                0x00000000000005f8       0x20 c:/intelfpga_lite/17.1/nios2eds/bin/gnu/h-x86_64-mingw32/bin/../lib/gcc/nios2-elf/5.3.0/../../../../../H-x86_64-mingw32/nios2-elf/lib/mno-hw-mul\libsmallc.a(lib_a-memcmp.o)
 .debug_aranges
                0x0000000000000618       0x20 c:/intelfpga_lite/17.1/nios2eds/bin/gnu/h-x86_64-mingw32/bin/../lib/gcc/nios2-elf/5.3.0/../../../../../H-x86_64-mingw32/nios2-elf/lib/mno-hw-mul\libsmallc.a(lib_a-__atexit.o)
 .debug_aranges
                0x0000000000000638       0x20 c:/intelfpga_lite/17.1/nios2eds/bin/gnu/h-x86_64-mingw32/bin/../lib/gcc/nios2-elf/5.3.0/../../../../../H-x86_64-mingw32/nios2-elf/lib/mno-hw-mul\libsmallc.a(lib_a-__call_atexit.o)
 .debug_aranges
                0x0000000000000658       0x20 ../WiPhase_SW_bsp/\libhal_bsp.a(alt_exit.o)

.debug_pubnames
 *(.debug_pubnames)

.debug_info     0x0000000000000000     0x843a
 *(.debug_info .gnu.linkonce.wi.*)
 .debug_info    0x0000000000000000       0xb5 ../WiPhase_SW_bsp//obj/HAL/src/crt0.o
 .debug_info    0x00000000000000b5      0x109 obj/default/eth_init.o
 .debug_info    0x00000000000001be       0xcb obj/default/hello_world.o
 .debug_info    0x0000000000000289      0x699 c:/intelfpga_lite/17.1/nios2eds/bin/gnu/h-x86_64-mingw32/bin/../lib/gcc/nios2-elf/5.3.0/../../../../../H-x86_64-mingw32/nios2-elf/lib/mno-hw-mul\libsmallc.a(lib_a-printf.o)
 .debug_info    0x0000000000000922      0x66d c:/intelfpga_lite/17.1/nios2eds/bin/gnu/h-x86_64-mingw32/bin/../lib/gcc/nios2-elf/5.3.0/../../../../../H-x86_64-mingw32/nios2-elf/lib/mno-hw-mul\libsmallc.a(lib_a-puts.o)
 .debug_info    0x0000000000000f8f       0xc9 c:/intelfpga_lite/17.1/nios2eds/bin/gnu/h-x86_64-mingw32/bin/../lib/gcc/nios2-elf/5.3.0/../../../../../H-x86_64-mingw32/nios2-elf/lib/mno-hw-mul\libsmallc.a(lib_a-strlen.o)
 .debug_info    0x0000000000001058      0xb2b c:/intelfpga_lite/17.1/nios2eds/bin/gnu/h-x86_64-mingw32/bin/../lib/gcc/nios2-elf/5.3.0/../../../../../H-x86_64-mingw32/nios2-elf/lib/mno-hw-mul\libsmallc.a(lib_a-vfprintf.o)
 .debug_info    0x0000000000001b83      0x62b c:/intelfpga_lite/17.1/nios2eds/bin/gnu/h-x86_64-mingw32/bin/../lib/gcc/nios2-elf/5.3.0/../../../../../H-x86_64-mingw32/nios2-elf/lib/mno-hw-mul\libsmallc.a(lib_a-fvwrite_small_dev.o)
 .debug_info    0x00000000000021ae      0x5a9 c:/intelfpga_lite/17.1/nios2eds/bin/gnu/h-x86_64-mingw32/bin/../lib/gcc/nios2-elf/5.3.0/../../../../../H-x86_64-mingw32/nios2-elf/lib/mno-hw-mul\libsmallc.a(lib_a-impure.o)
 .debug_info    0x0000000000002757      0x630 c:/intelfpga_lite/17.1/nios2eds/bin/gnu/h-x86_64-mingw32/bin/../lib/gcc/nios2-elf/5.3.0/../../../../../H-x86_64-mingw32/nios2-elf/lib/mno-hw-mul\libsmallc.a(lib_a-writer.o)
 .debug_info    0x0000000000002d87       0x8a c:/intelfpga_lite/17.1/nios2eds/bin/gnu/h-x86_64-mingw32/bin/../lib/gcc/nios2-elf/5.3.0/../../../../../H-x86_64-mingw32/nios2-elf/lib/mno-hw-mul\libsmallc.a(lib_a-int_errno.o)
 .debug_info    0x0000000000002e11      0x2c6 c:/intelfpga_lite/17.1/nios2eds/bin/gnu/h-x86_64-mingw32/bin/../lib/gcc/nios2-elf/5.3.0/mno-hw-mul\libgcc.a(lib2-divmod.o)
 .debug_info    0x00000000000030d7       0xb4 c:/intelfpga_lite/17.1/nios2eds/bin/gnu/h-x86_64-mingw32/bin/../lib/gcc/nios2-elf/5.3.0/mno-hw-mul\libgcc.a(lib2-mul.o)
 .debug_info    0x000000000000318b      0x145 ../WiPhase_SW_bsp/\libhal_bsp.a(alt_load.o)
 .debug_info    0x00000000000032d0      0x131 ../WiPhase_SW_bsp/\libhal_bsp.a(alt_main.o)
 .debug_info    0x0000000000003401      0x4b7 ../WiPhase_SW_bsp/\libhal_bsp.a(alt_write.o)
 .debug_info    0x00000000000038b8      0x3df ../WiPhase_SW_bsp/\libhal_bsp.a(alt_sys_init.o)
 .debug_info    0x0000000000003c97      0x3a7 ../WiPhase_SW_bsp/\libhal_bsp.a(altera_avalon_jtag_uart_fd.o)
 .debug_info    0x000000000000403e      0x1b2 ../WiPhase_SW_bsp/\libhal_bsp.a(altera_avalon_jtag_uart_read.o)
 .debug_info    0x00000000000041f0      0x195 ../WiPhase_SW_bsp/\libhal_bsp.a(altera_avalon_jtag_uart_write.o)
 .debug_info    0x0000000000004385      0x226 ../WiPhase_SW_bsp/\libhal_bsp.a(altera_avalon_timer_sc.o)
 .debug_info    0x00000000000045ab      0x321 ../WiPhase_SW_bsp/\libhal_bsp.a(alt_close.o)
 .debug_info    0x00000000000048cc       0x92 ../WiPhase_SW_bsp/\libhal_bsp.a(alt_dcache_flush_all.o)
 .debug_info    0x000000000000495e      0x49c ../WiPhase_SW_bsp/\libhal_bsp.a(alt_dev.o)
 .debug_info    0x0000000000004dfa      0x1a9 ../WiPhase_SW_bsp/\libhal_bsp.a(alt_dev_llist_insert.o)
 .debug_info    0x0000000000004fa3       0x83 ../WiPhase_SW_bsp/\libhal_bsp.a(alt_do_ctors.o)
 .debug_info    0x0000000000005026       0x83 ../WiPhase_SW_bsp/\libhal_bsp.a(alt_do_dtors.o)
 .debug_info    0x00000000000050a9       0xa6 ../WiPhase_SW_bsp/\libhal_bsp.a(alt_errno.o)
 .debug_info    0x000000000000514f       0x92 ../WiPhase_SW_bsp/\libhal_bsp.a(alt_icache_flush_all.o)
 .debug_info    0x00000000000051e1      0x350 ../WiPhase_SW_bsp/\libhal_bsp.a(alt_iic.o)
 .debug_info    0x0000000000005531      0x1ef ../WiPhase_SW_bsp/\libhal_bsp.a(alt_iic_isr_register.o)
 .debug_info    0x0000000000005720      0x4a5 ../WiPhase_SW_bsp/\libhal_bsp.a(alt_io_redirect.o)
 .debug_info    0x0000000000005bc5       0xbe ../WiPhase_SW_bsp/\libhal_bsp.a(alt_irq_entry.o)
 .debug_info    0x0000000000005c83      0x187 ../WiPhase_SW_bsp/\libhal_bsp.a(alt_irq_handler.o)
 .debug_info    0x0000000000005e0a       0x88 ../WiPhase_SW_bsp/\libhal_bsp.a(alt_irq_vars.o)
 .debug_info    0x0000000000005e92      0x3bb ../WiPhase_SW_bsp/\libhal_bsp.a(alt_open.o)
 .debug_info    0x000000000000624d      0x2b0 ../WiPhase_SW_bsp/\libhal_bsp.a(alt_release_fd.o)
 .debug_info    0x00000000000064fd      0x299 ../WiPhase_SW_bsp/\libhal_bsp.a(alt_tick.o)
 .debug_info    0x0000000000006796       0x92 ../WiPhase_SW_bsp/\libhal_bsp.a(altera_nios2_gen2_irq.o)
 .debug_info    0x0000000000006828       0xc4 ../WiPhase_SW_bsp/\libhal_bsp.a(alt_exception_entry.o)
 .debug_info    0x00000000000068ec      0x2e9 ../WiPhase_SW_bsp/\libhal_bsp.a(alt_find_dev.o)
 .debug_info    0x0000000000006bd5      0x2e6 ../WiPhase_SW_bsp/\libhal_bsp.a(alt_find_file.o)
 .debug_info    0x0000000000006ebb      0x310 ../WiPhase_SW_bsp/\libhal_bsp.a(alt_get_fd.o)
 .debug_info    0x00000000000071cb      0x1e7 ../WiPhase_SW_bsp/\libhal_bsp.a(alt_instruction_exception_entry.o)
 .debug_info    0x00000000000073b2       0xfe c:/intelfpga_lite/17.1/nios2eds/bin/gnu/h-x86_64-mingw32/bin/../lib/gcc/nios2-elf/5.3.0/../../../../../H-x86_64-mingw32/nios2-elf/lib/mno-hw-mul\libsmallc.a(lib_a-atexit.o)
 .debug_info    0x00000000000074b0       0xe5 c:/intelfpga_lite/17.1/nios2eds/bin/gnu/h-x86_64-mingw32/bin/../lib/gcc/nios2-elf/5.3.0/../../../../../H-x86_64-mingw32/nios2-elf/lib/mno-hw-mul\libsmallc.a(lib_a-exit.o)
 .debug_info    0x0000000000007595       0xf4 c:/intelfpga_lite/17.1/nios2eds/bin/gnu/h-x86_64-mingw32/bin/../lib/gcc/nios2-elf/5.3.0/../../../../../H-x86_64-mingw32/nios2-elf/lib/mno-hw-mul\libsmallc.a(lib_a-memcmp.o)
 .debug_info    0x0000000000007689      0x64a c:/intelfpga_lite/17.1/nios2eds/bin/gnu/h-x86_64-mingw32/bin/../lib/gcc/nios2-elf/5.3.0/../../../../../H-x86_64-mingw32/nios2-elf/lib/mno-hw-mul\libsmallc.a(lib_a-__atexit.o)
 .debug_info    0x0000000000007cd3      0x67b c:/intelfpga_lite/17.1/nios2eds/bin/gnu/h-x86_64-mingw32/bin/../lib/gcc/nios2-elf/5.3.0/../../../../../H-x86_64-mingw32/nios2-elf/lib/mno-hw-mul\libsmallc.a(lib_a-__call_atexit.o)
 .debug_info    0x000000000000834e       0xec ../WiPhase_SW_bsp/\libhal_bsp.a(alt_exit.o)

.debug_abbrev   0x0000000000000000     0x2e47
 *(.debug_abbrev)
 .debug_abbrev  0x0000000000000000       0x12 ../WiPhase_SW_bsp//obj/HAL/src/crt0.o
 .debug_abbrev  0x0000000000000012       0xa2 obj/default/eth_init.o
 .debug_abbrev  0x00000000000000b4       0x70 obj/default/hello_world.o
 .debug_abbrev  0x0000000000000124      0x1ee c:/intelfpga_lite/17.1/nios2eds/bin/gnu/h-x86_64-mingw32/bin/../lib/gcc/nios2-elf/5.3.0/../../../../../H-x86_64-mingw32/nios2-elf/lib/mno-hw-mul\libsmallc.a(lib_a-printf.o)
 .debug_abbrev  0x0000000000000312      0x1d6 c:/intelfpga_lite/17.1/nios2eds/bin/gnu/h-x86_64-mingw32/bin/../lib/gcc/nios2-elf/5.3.0/../../../../../H-x86_64-mingw32/nios2-elf/lib/mno-hw-mul\libsmallc.a(lib_a-puts.o)
 .debug_abbrev  0x00000000000004e8       0x7f c:/intelfpga_lite/17.1/nios2eds/bin/gnu/h-x86_64-mingw32/bin/../lib/gcc/nios2-elf/5.3.0/../../../../../H-x86_64-mingw32/nios2-elf/lib/mno-hw-mul\libsmallc.a(lib_a-strlen.o)
 .debug_abbrev  0x0000000000000567      0x2a1 c:/intelfpga_lite/17.1/nios2eds/bin/gnu/h-x86_64-mingw32/bin/../lib/gcc/nios2-elf/5.3.0/../../../../../H-x86_64-mingw32/nios2-elf/lib/mno-hw-mul\libsmallc.a(lib_a-vfprintf.o)
 .debug_abbrev  0x0000000000000808      0x1bc c:/intelfpga_lite/17.1/nios2eds/bin/gnu/h-x86_64-mingw32/bin/../lib/gcc/nios2-elf/5.3.0/../../../../../H-x86_64-mingw32/nios2-elf/lib/mno-hw-mul\libsmallc.a(lib_a-fvwrite_small_dev.o)
 .debug_abbrev  0x00000000000009c4      0x14a c:/intelfpga_lite/17.1/nios2eds/bin/gnu/h-x86_64-mingw32/bin/../lib/gcc/nios2-elf/5.3.0/../../../../../H-x86_64-mingw32/nios2-elf/lib/mno-hw-mul\libsmallc.a(lib_a-impure.o)
 .debug_abbrev  0x0000000000000b0e      0x1a6 c:/intelfpga_lite/17.1/nios2eds/bin/gnu/h-x86_64-mingw32/bin/../lib/gcc/nios2-elf/5.3.0/../../../../../H-x86_64-mingw32/nios2-elf/lib/mno-hw-mul\libsmallc.a(lib_a-writer.o)
 .debug_abbrev  0x0000000000000cb4       0x37 c:/intelfpga_lite/17.1/nios2eds/bin/gnu/h-x86_64-mingw32/bin/../lib/gcc/nios2-elf/5.3.0/../../../../../H-x86_64-mingw32/nios2-elf/lib/mno-hw-mul\libsmallc.a(lib_a-int_errno.o)
 .debug_abbrev  0x0000000000000ceb      0x10e c:/intelfpga_lite/17.1/nios2eds/bin/gnu/h-x86_64-mingw32/bin/../lib/gcc/nios2-elf/5.3.0/mno-hw-mul\libgcc.a(lib2-divmod.o)
 .debug_abbrev  0x0000000000000df9       0x6f c:/intelfpga_lite/17.1/nios2eds/bin/gnu/h-x86_64-mingw32/bin/../lib/gcc/nios2-elf/5.3.0/mno-hw-mul\libgcc.a(lib2-mul.o)
 .debug_abbrev  0x0000000000000e68       0x9f ../WiPhase_SW_bsp/\libhal_bsp.a(alt_load.o)
 .debug_abbrev  0x0000000000000f07       0xba ../WiPhase_SW_bsp/\libhal_bsp.a(alt_main.o)
 .debug_abbrev  0x0000000000000fc1      0x133 ../WiPhase_SW_bsp/\libhal_bsp.a(alt_write.o)
 .debug_abbrev  0x00000000000010f4      0x157 ../WiPhase_SW_bsp/\libhal_bsp.a(alt_sys_init.o)
 .debug_abbrev  0x000000000000124b       0xf7 ../WiPhase_SW_bsp/\libhal_bsp.a(altera_avalon_jtag_uart_fd.o)
 .debug_abbrev  0x0000000000001342       0xd5 ../WiPhase_SW_bsp/\libhal_bsp.a(altera_avalon_jtag_uart_read.o)
 .debug_abbrev  0x0000000000001417       0xd5 ../WiPhase_SW_bsp/\libhal_bsp.a(altera_avalon_jtag_uart_write.o)
 .debug_abbrev  0x00000000000014ec      0x155 ../WiPhase_SW_bsp/\libhal_bsp.a(altera_avalon_timer_sc.o)
 .debug_abbrev  0x0000000000001641      0x11f ../WiPhase_SW_bsp/\libhal_bsp.a(alt_close.o)
 .debug_abbrev  0x0000000000001760       0x42 ../WiPhase_SW_bsp/\libhal_bsp.a(alt_dcache_flush_all.o)
 .debug_abbrev  0x00000000000017a2       0xd9 ../WiPhase_SW_bsp/\libhal_bsp.a(alt_dev.o)
 .debug_abbrev  0x000000000000187b      0x114 ../WiPhase_SW_bsp/\libhal_bsp.a(alt_dev_llist_insert.o)
 .debug_abbrev  0x000000000000198f       0x79 ../WiPhase_SW_bsp/\libhal_bsp.a(alt_do_ctors.o)
 .debug_abbrev  0x0000000000001a08       0x79 ../WiPhase_SW_bsp/\libhal_bsp.a(alt_do_dtors.o)
 .debug_abbrev  0x0000000000001a81       0x5a ../WiPhase_SW_bsp/\libhal_bsp.a(alt_errno.o)
 .debug_abbrev  0x0000000000001adb       0x42 ../WiPhase_SW_bsp/\libhal_bsp.a(alt_icache_flush_all.o)
 .debug_abbrev  0x0000000000001b1d      0x163 ../WiPhase_SW_bsp/\libhal_bsp.a(alt_iic.o)
 .debug_abbrev  0x0000000000001c80      0x169 ../WiPhase_SW_bsp/\libhal_bsp.a(alt_iic_isr_register.o)
 .debug_abbrev  0x0000000000001de9      0x114 ../WiPhase_SW_bsp/\libhal_bsp.a(alt_io_redirect.o)
 .debug_abbrev  0x0000000000001efd       0x12 ../WiPhase_SW_bsp/\libhal_bsp.a(alt_irq_entry.o)
 .debug_abbrev  0x0000000000001f0f      0x122 ../WiPhase_SW_bsp/\libhal_bsp.a(alt_irq_handler.o)
 .debug_abbrev  0x0000000000002031       0x40 ../WiPhase_SW_bsp/\libhal_bsp.a(alt_irq_vars.o)
 .debug_abbrev  0x0000000000002071      0x148 ../WiPhase_SW_bsp/\libhal_bsp.a(alt_open.o)
 .debug_abbrev  0x00000000000021b9       0xde ../WiPhase_SW_bsp/\libhal_bsp.a(alt_release_fd.o)
 .debug_abbrev  0x0000000000002297      0x15a ../WiPhase_SW_bsp/\libhal_bsp.a(alt_tick.o)
 .debug_abbrev  0x00000000000023f1       0x42 ../WiPhase_SW_bsp/\libhal_bsp.a(altera_nios2_gen2_irq.o)
 .debug_abbrev  0x0000000000002433       0x12 ../WiPhase_SW_bsp/\libhal_bsp.a(alt_exception_entry.o)
 .debug_abbrev  0x0000000000002445       0xf0 ../WiPhase_SW_bsp/\libhal_bsp.a(alt_find_dev.o)
 .debug_abbrev  0x0000000000002535       0xf0 ../WiPhase_SW_bsp/\libhal_bsp.a(alt_find_file.o)
 .debug_abbrev  0x0000000000002625      0x10d ../WiPhase_SW_bsp/\libhal_bsp.a(alt_get_fd.o)
 .debug_abbrev  0x0000000000002732       0xdc ../WiPhase_SW_bsp/\libhal_bsp.a(alt_instruction_exception_entry.o)
 .debug_abbrev  0x000000000000280e       0xaa c:/intelfpga_lite/17.1/nios2eds/bin/gnu/h-x86_64-mingw32/bin/../lib/gcc/nios2-elf/5.3.0/../../../../../H-x86_64-mingw32/nios2-elf/lib/mno-hw-mul\libsmallc.a(lib_a-atexit.o)
 .debug_abbrev  0x00000000000028b8       0x8b c:/intelfpga_lite/17.1/nios2eds/bin/gnu/h-x86_64-mingw32/bin/../lib/gcc/nios2-elf/5.3.0/../../../../../H-x86_64-mingw32/nios2-elf/lib/mno-hw-mul\libsmallc.a(lib_a-exit.o)
 .debug_abbrev  0x0000000000002943       0x7f c:/intelfpga_lite/17.1/nios2eds/bin/gnu/h-x86_64-mingw32/bin/../lib/gcc/nios2-elf/5.3.0/../../../../../H-x86_64-mingw32/nios2-elf/lib/mno-hw-mul\libsmallc.a(lib_a-memcmp.o)
 .debug_abbrev  0x00000000000029c2      0x1e6 c:/intelfpga_lite/17.1/nios2eds/bin/gnu/h-x86_64-mingw32/bin/../lib/gcc/nios2-elf/5.3.0/../../../../../H-x86_64-mingw32/nios2-elf/lib/mno-hw-mul\libsmallc.a(lib_a-__atexit.o)
 .debug_abbrev  0x0000000000002ba8      0x1f6 c:/intelfpga_lite/17.1/nios2eds/bin/gnu/h-x86_64-mingw32/bin/../lib/gcc/nios2-elf/5.3.0/../../../../../H-x86_64-mingw32/nios2-elf/lib/mno-hw-mul\libsmallc.a(lib_a-__call_atexit.o)
 .debug_abbrev  0x0000000000002d9e       0xa9 ../WiPhase_SW_bsp/\libhal_bsp.a(alt_exit.o)

.debug_line     0x0000000000000000     0x330c
 *(.debug_line)
 .debug_line    0x0000000000000000       0x66 ../WiPhase_SW_bsp//obj/HAL/src/crt0.o
 .debug_line    0x0000000000000066      0x113 obj/default/eth_init.o
 .debug_line    0x0000000000000179      0x102 obj/default/hello_world.o
 .debug_line    0x000000000000027b      0x203 c:/intelfpga_lite/17.1/nios2eds/bin/gnu/h-x86_64-mingw32/bin/../lib/gcc/nios2-elf/5.3.0/../../../../../H-x86_64-mingw32/nios2-elf/lib/mno-hw-mul\libsmallc.a(lib_a-printf.o)
 .debug_line    0x000000000000047e      0x206 c:/intelfpga_lite/17.1/nios2eds/bin/gnu/h-x86_64-mingw32/bin/../lib/gcc/nios2-elf/5.3.0/../../../../../H-x86_64-mingw32/nios2-elf/lib/mno-hw-mul\libsmallc.a(lib_a-puts.o)
 .debug_line    0x0000000000000684      0x15c c:/intelfpga_lite/17.1/nios2eds/bin/gnu/h-x86_64-mingw32/bin/../lib/gcc/nios2-elf/5.3.0/../../../../../H-x86_64-mingw32/nios2-elf/lib/mno-hw-mul\libsmallc.a(lib_a-strlen.o)
 .debug_line    0x00000000000007e0      0x351 c:/intelfpga_lite/17.1/nios2eds/bin/gnu/h-x86_64-mingw32/bin/../lib/gcc/nios2-elf/5.3.0/../../../../../H-x86_64-mingw32/nios2-elf/lib/mno-hw-mul\libsmallc.a(lib_a-vfprintf.o)
 .debug_line    0x0000000000000b31      0x1f0 c:/intelfpga_lite/17.1/nios2eds/bin/gnu/h-x86_64-mingw32/bin/../lib/gcc/nios2-elf/5.3.0/../../../../../H-x86_64-mingw32/nios2-elf/lib/mno-hw-mul\libsmallc.a(lib_a-fvwrite_small_dev.o)
 .debug_line    0x0000000000000d21      0x156 c:/intelfpga_lite/17.1/nios2eds/bin/gnu/h-x86_64-mingw32/bin/../lib/gcc/nios2-elf/5.3.0/../../../../../H-x86_64-mingw32/nios2-elf/lib/mno-hw-mul\libsmallc.a(lib_a-impure.o)
 .debug_line    0x0000000000000e77      0x1ed c:/intelfpga_lite/17.1/nios2eds/bin/gnu/h-x86_64-mingw32/bin/../lib/gcc/nios2-elf/5.3.0/../../../../../H-x86_64-mingw32/nios2-elf/lib/mno-hw-mul\libsmallc.a(lib_a-writer.o)
 .debug_line    0x0000000000001064       0x5f c:/intelfpga_lite/17.1/nios2eds/bin/gnu/h-x86_64-mingw32/bin/../lib/gcc/nios2-elf/5.3.0/../../../../../H-x86_64-mingw32/nios2-elf/lib/mno-hw-mul\libsmallc.a(lib_a-int_errno.o)
 .debug_line    0x00000000000010c3      0x105 c:/intelfpga_lite/17.1/nios2eds/bin/gnu/h-x86_64-mingw32/bin/../lib/gcc/nios2-elf/5.3.0/mno-hw-mul\libgcc.a(lib2-divmod.o)
 .debug_line    0x00000000000011c8       0x80 c:/intelfpga_lite/17.1/nios2eds/bin/gnu/h-x86_64-mingw32/bin/../lib/gcc/nios2-elf/5.3.0/mno-hw-mul\libgcc.a(lib2-mul.o)
 .debug_line    0x0000000000001248       0x8e ../WiPhase_SW_bsp/\libhal_bsp.a(alt_load.o)
 .debug_line    0x00000000000012d6       0xa4 ../WiPhase_SW_bsp/\libhal_bsp.a(alt_main.o)
 .debug_line    0x000000000000137a      0x1db ../WiPhase_SW_bsp/\libhal_bsp.a(alt_write.o)
 .debug_line    0x0000000000001555      0x144 ../WiPhase_SW_bsp/\libhal_bsp.a(alt_sys_init.o)
 .debug_line    0x0000000000001699      0x112 ../WiPhase_SW_bsp/\libhal_bsp.a(altera_avalon_jtag_uart_fd.o)
 .debug_line    0x00000000000017ab       0xfd ../WiPhase_SW_bsp/\libhal_bsp.a(altera_avalon_jtag_uart_read.o)
 .debug_line    0x00000000000018a8       0xf4 ../WiPhase_SW_bsp/\libhal_bsp.a(altera_avalon_jtag_uart_write.o)
 .debug_line    0x000000000000199c       0xfd ../WiPhase_SW_bsp/\libhal_bsp.a(altera_avalon_timer_sc.o)
 .debug_line    0x0000000000001a99      0x165 ../WiPhase_SW_bsp/\libhal_bsp.a(alt_close.o)
 .debug_line    0x0000000000001bfe       0x51 ../WiPhase_SW_bsp/\libhal_bsp.a(alt_dcache_flush_all.o)
 .debug_line    0x0000000000001c4f       0xf8 ../WiPhase_SW_bsp/\libhal_bsp.a(alt_dev.o)
 .debug_line    0x0000000000001d47       0xcf ../WiPhase_SW_bsp/\libhal_bsp.a(alt_dev_llist_insert.o)
 .debug_line    0x0000000000001e16       0x59 ../WiPhase_SW_bsp/\libhal_bsp.a(alt_do_ctors.o)
 .debug_line    0x0000000000001e6f       0x59 ../WiPhase_SW_bsp/\libhal_bsp.a(alt_do_dtors.o)
 .debug_line    0x0000000000001ec8       0x51 ../WiPhase_SW_bsp/\libhal_bsp.a(alt_errno.o)
 .debug_line    0x0000000000001f19       0x4f ../WiPhase_SW_bsp/\libhal_bsp.a(alt_icache_flush_all.o)
 .debug_line    0x0000000000001f68       0xeb ../WiPhase_SW_bsp/\libhal_bsp.a(alt_iic.o)
 .debug_line    0x0000000000002053       0xdb ../WiPhase_SW_bsp/\libhal_bsp.a(alt_iic_isr_register.o)
 .debug_line    0x000000000000212e      0x135 ../WiPhase_SW_bsp/\libhal_bsp.a(alt_io_redirect.o)
 .debug_line    0x0000000000002263       0x6b ../WiPhase_SW_bsp/\libhal_bsp.a(alt_irq_entry.o)
 .debug_line    0x00000000000022ce       0xaa ../WiPhase_SW_bsp/\libhal_bsp.a(alt_irq_handler.o)
 .debug_line    0x0000000000002378       0x50 ../WiPhase_SW_bsp/\libhal_bsp.a(alt_irq_vars.o)
 .debug_line    0x00000000000023c8      0x12b ../WiPhase_SW_bsp/\libhal_bsp.a(alt_open.o)
 .debug_line    0x00000000000024f3       0xb0 ../WiPhase_SW_bsp/\libhal_bsp.a(alt_release_fd.o)
 .debug_line    0x00000000000025a3       0xff ../WiPhase_SW_bsp/\libhal_bsp.a(alt_tick.o)
 .debug_line    0x00000000000026a2       0x51 ../WiPhase_SW_bsp/\libhal_bsp.a(altera_nios2_gen2_irq.o)
 .debug_line    0x00000000000026f3       0xb3 ../WiPhase_SW_bsp/\libhal_bsp.a(alt_exception_entry.o)
 .debug_line    0x00000000000027a6       0xb5 ../WiPhase_SW_bsp/\libhal_bsp.a(alt_find_dev.o)
 .debug_line    0x000000000000285b       0xd1 ../WiPhase_SW_bsp/\libhal_bsp.a(alt_find_file.o)
 .debug_line    0x000000000000292c       0xd7 ../WiPhase_SW_bsp/\libhal_bsp.a(alt_get_fd.o)
 .debug_line    0x0000000000002a03       0xb9 ../WiPhase_SW_bsp/\libhal_bsp.a(alt_instruction_exception_entry.o)
 .debug_line    0x0000000000002abc       0xe7 c:/intelfpga_lite/17.1/nios2eds/bin/gnu/h-x86_64-mingw32/bin/../lib/gcc/nios2-elf/5.3.0/../../../../../H-x86_64-mingw32/nios2-elf/lib/mno-hw-mul\libsmallc.a(lib_a-atexit.o)
 .debug_line    0x0000000000002ba3      0x159 c:/intelfpga_lite/17.1/nios2eds/bin/gnu/h-x86_64-mingw32/bin/../lib/gcc/nios2-elf/5.3.0/../../../../../H-x86_64-mingw32/nios2-elf/lib/mno-hw-mul\libsmallc.a(lib_a-exit.o)
 .debug_line    0x0000000000002cfc      0x160 c:/intelfpga_lite/17.1/nios2eds/bin/gnu/h-x86_64-mingw32/bin/../lib/gcc/nios2-elf/5.3.0/../../../../../H-x86_64-mingw32/nios2-elf/lib/mno-hw-mul\libsmallc.a(lib_a-memcmp.o)
 .debug_line    0x0000000000002e5c      0x20d c:/intelfpga_lite/17.1/nios2eds/bin/gnu/h-x86_64-mingw32/bin/../lib/gcc/nios2-elf/5.3.0/../../../../../H-x86_64-mingw32/nios2-elf/lib/mno-hw-mul\libsmallc.a(lib_a-__atexit.o)
 .debug_line    0x0000000000003069      0x232 c:/intelfpga_lite/17.1/nios2eds/bin/gnu/h-x86_64-mingw32/bin/../lib/gcc/nios2-elf/5.3.0/../../../../../H-x86_64-mingw32/nios2-elf/lib/mno-hw-mul\libsmallc.a(lib_a-__call_atexit.o)
 .debug_line    0x000000000000329b       0x71 ../WiPhase_SW_bsp/\libhal_bsp.a(alt_exit.o)

.debug_frame    0x0000000000000000      0xc18
 *(.debug_frame)
 .debug_frame   0x0000000000000000       0x38 obj/default/eth_init.o
 .debug_frame   0x0000000000000038       0x38 obj/default/hello_world.o
 .debug_frame   0x0000000000000070       0x48 c:/intelfpga_lite/17.1/nios2eds/bin/gnu/h-x86_64-mingw32/bin/../lib/gcc/nios2-elf/5.3.0/../../../../../H-x86_64-mingw32/nios2-elf/lib/mno-hw-mul\libsmallc.a(lib_a-printf.o)
 .debug_frame   0x00000000000000b8       0x48 c:/intelfpga_lite/17.1/nios2eds/bin/gnu/h-x86_64-mingw32/bin/../lib/gcc/nios2-elf/5.3.0/../../../../../H-x86_64-mingw32/nios2-elf/lib/mno-hw-mul\libsmallc.a(lib_a-puts.o)
 .debug_frame   0x0000000000000100       0x20 c:/intelfpga_lite/17.1/nios2eds/bin/gnu/h-x86_64-mingw32/bin/../lib/gcc/nios2-elf/5.3.0/../../../../../H-x86_64-mingw32/nios2-elf/lib/mno-hw-mul\libsmallc.a(lib_a-strlen.o)
 .debug_frame   0x0000000000000120       0x8c c:/intelfpga_lite/17.1/nios2eds/bin/gnu/h-x86_64-mingw32/bin/../lib/gcc/nios2-elf/5.3.0/../../../../../H-x86_64-mingw32/nios2-elf/lib/mno-hw-mul\libsmallc.a(lib_a-vfprintf.o)
 .debug_frame   0x00000000000001ac       0x58 c:/intelfpga_lite/17.1/nios2eds/bin/gnu/h-x86_64-mingw32/bin/../lib/gcc/nios2-elf/5.3.0/../../../../../H-x86_64-mingw32/nios2-elf/lib/mno-hw-mul\libsmallc.a(lib_a-fvwrite_small_dev.o)
 .debug_frame   0x0000000000000204       0x38 c:/intelfpga_lite/17.1/nios2eds/bin/gnu/h-x86_64-mingw32/bin/../lib/gcc/nios2-elf/5.3.0/../../../../../H-x86_64-mingw32/nios2-elf/lib/mno-hw-mul\libsmallc.a(lib_a-writer.o)
 .debug_frame   0x000000000000023c       0x50 c:/intelfpga_lite/17.1/nios2eds/bin/gnu/h-x86_64-mingw32/bin/../lib/gcc/nios2-elf/5.3.0/mno-hw-mul\libgcc.a(lib2-divmod.o)
 .debug_frame   0x000000000000028c       0x20 c:/intelfpga_lite/17.1/nios2eds/bin/gnu/h-x86_64-mingw32/bin/../lib/gcc/nios2-elf/5.3.0/mno-hw-mul\libgcc.a(lib2-mul.o)
 .debug_frame   0x00000000000002ac       0x5c ../WiPhase_SW_bsp/\libhal_bsp.a(alt_load.o)
 .debug_frame   0x0000000000000308       0x2c ../WiPhase_SW_bsp/\libhal_bsp.a(alt_main.o)
 .debug_frame   0x0000000000000334       0x60 ../WiPhase_SW_bsp/\libhal_bsp.a(alt_write.o)
 .debug_frame   0x0000000000000394       0x88 ../WiPhase_SW_bsp/\libhal_bsp.a(alt_sys_init.o)
 .debug_frame   0x000000000000041c       0x60 ../WiPhase_SW_bsp/\libhal_bsp.a(altera_avalon_jtag_uart_fd.o)
 .debug_frame   0x000000000000047c       0x34 ../WiPhase_SW_bsp/\libhal_bsp.a(altera_avalon_jtag_uart_read.o)
 .debug_frame   0x00000000000004b0       0x34 ../WiPhase_SW_bsp/\libhal_bsp.a(altera_avalon_jtag_uart_write.o)
 .debug_frame   0x00000000000004e4       0x60 ../WiPhase_SW_bsp/\libhal_bsp.a(altera_avalon_timer_sc.o)
 .debug_frame   0x0000000000000544       0x60 ../WiPhase_SW_bsp/\libhal_bsp.a(alt_close.o)
 .debug_frame   0x00000000000005a4       0x34 ../WiPhase_SW_bsp/\libhal_bsp.a(alt_dcache_flush_all.o)
 .debug_frame   0x00000000000005d8       0x34 ../WiPhase_SW_bsp/\libhal_bsp.a(alt_dev.o)
 .debug_frame   0x000000000000060c       0x60 ../WiPhase_SW_bsp/\libhal_bsp.a(alt_dev_llist_insert.o)
 .debug_frame   0x000000000000066c       0x38 ../WiPhase_SW_bsp/\libhal_bsp.a(alt_do_ctors.o)
 .debug_frame   0x00000000000006a4       0x38 ../WiPhase_SW_bsp/\libhal_bsp.a(alt_do_dtors.o)
 .debug_frame   0x00000000000006dc       0x34 ../WiPhase_SW_bsp/\libhal_bsp.a(alt_icache_flush_all.o)
 .debug_frame   0x0000000000000710       0xa4 ../WiPhase_SW_bsp/\libhal_bsp.a(alt_iic.o)
 .debug_frame   0x00000000000007b4       0x38 ../WiPhase_SW_bsp/\libhal_bsp.a(alt_iic_isr_register.o)
 .debug_frame   0x00000000000007ec       0x64 ../WiPhase_SW_bsp/\libhal_bsp.a(alt_io_redirect.o)
 .debug_frame   0x0000000000000850       0x38 ../WiPhase_SW_bsp/\libhal_bsp.a(alt_irq_handler.o)
 .debug_frame   0x0000000000000888       0x8c ../WiPhase_SW_bsp/\libhal_bsp.a(alt_open.o)
 .debug_frame   0x0000000000000914       0x3c ../WiPhase_SW_bsp/\libhal_bsp.a(alt_release_fd.o)
 .debug_frame   0x0000000000000950       0x5c ../WiPhase_SW_bsp/\libhal_bsp.a(alt_tick.o)
 .debug_frame   0x00000000000009ac       0x34 ../WiPhase_SW_bsp/\libhal_bsp.a(altera_nios2_gen2_irq.o)
 .debug_frame   0x00000000000009e0       0x38 ../WiPhase_SW_bsp/\libhal_bsp.a(alt_find_dev.o)
 .debug_frame   0x0000000000000a18       0x38 ../WiPhase_SW_bsp/\libhal_bsp.a(alt_find_file.o)
 .debug_frame   0x0000000000000a50       0x3c ../WiPhase_SW_bsp/\libhal_bsp.a(alt_get_fd.o)
 .debug_frame   0x0000000000000a8c       0x5c ../WiPhase_SW_bsp/\libhal_bsp.a(alt_instruction_exception_entry.o)
 .debug_frame   0x0000000000000ae8       0x20 c:/intelfpga_lite/17.1/nios2eds/bin/gnu/h-x86_64-mingw32/bin/../lib/gcc/nios2-elf/5.3.0/../../../../../H-x86_64-mingw32/nios2-elf/lib/mno-hw-mul\libsmallc.a(lib_a-atexit.o)
 .debug_frame   0x0000000000000b08       0x28 c:/intelfpga_lite/17.1/nios2eds/bin/gnu/h-x86_64-mingw32/bin/../lib/gcc/nios2-elf/5.3.0/../../../../../H-x86_64-mingw32/nios2-elf/lib/mno-hw-mul\libsmallc.a(lib_a-exit.o)
 .debug_frame   0x0000000000000b30       0x20 c:/intelfpga_lite/17.1/nios2eds/bin/gnu/h-x86_64-mingw32/bin/../lib/gcc/nios2-elf/5.3.0/../../../../../H-x86_64-mingw32/nios2-elf/lib/mno-hw-mul\libsmallc.a(lib_a-memcmp.o)
 .debug_frame   0x0000000000000b50       0x48 c:/intelfpga_lite/17.1/nios2eds/bin/gnu/h-x86_64-mingw32/bin/../lib/gcc/nios2-elf/5.3.0/../../../../../H-x86_64-mingw32/nios2-elf/lib/mno-hw-mul\libsmallc.a(lib_a-__atexit.o)
 .debug_frame   0x0000000000000b98       0x54 c:/intelfpga_lite/17.1/nios2eds/bin/gnu/h-x86_64-mingw32/bin/../lib/gcc/nios2-elf/5.3.0/../../../../../H-x86_64-mingw32/nios2-elf/lib/mno-hw-mul\libsmallc.a(lib_a-__call_atexit.o)
 .debug_frame   0x0000000000000bec       0x2c ../WiPhase_SW_bsp/\libhal_bsp.a(alt_exit.o)

.debug_str      0x0000000000000000     0x1ea1
 *(.debug_str)
 .debug_str     0x0000000000000000      0x15c obj/default/eth_init.o
                                        0x1a6 (size before relaxing)
 .debug_str     0x000000000000015c       0x23 obj/default/hello_world.o
                                        0x192 (size before relaxing)
 .debug_str     0x000000000000017f      0x41a c:/intelfpga_lite/17.1/nios2eds/bin/gnu/h-x86_64-mingw32/bin/../lib/gcc/nios2-elf/5.3.0/../../../../../H-x86_64-mingw32/nios2-elf/lib/mno-hw-mul\libsmallc.a(lib_a-printf.o)
                                        0x504 (size before relaxing)
 .debug_str     0x0000000000000599       0x63 c:/intelfpga_lite/17.1/nios2eds/bin/gnu/h-x86_64-mingw32/bin/../lib/gcc/nios2-elf/5.3.0/../../../../../H-x86_64-mingw32/nios2-elf/lib/mno-hw-mul\libsmallc.a(lib_a-puts.o)
                                        0x4cd (size before relaxing)
 .debug_str     0x00000000000005fc       0xd2 c:/intelfpga_lite/17.1/nios2eds/bin/gnu/h-x86_64-mingw32/bin/../lib/gcc/nios2-elf/5.3.0/../../../../../H-x86_64-mingw32/nios2-elf/lib/mno-hw-mul\libsmallc.a(lib_a-strlen.o)
                                        0x1e5 (size before relaxing)
 .debug_str     0x00000000000006ce      0x1f8 c:/intelfpga_lite/17.1/nios2eds/bin/gnu/h-x86_64-mingw32/bin/../lib/gcc/nios2-elf/5.3.0/../../../../../H-x86_64-mingw32/nios2-elf/lib/mno-hw-mul\libsmallc.a(lib_a-vfprintf.o)
                                        0x67f (size before relaxing)
 .debug_str     0x00000000000008c6       0x63 c:/intelfpga_lite/17.1/nios2eds/bin/gnu/h-x86_64-mingw32/bin/../lib/gcc/nios2-elf/5.3.0/../../../../../H-x86_64-mingw32/nios2-elf/lib/mno-hw-mul\libsmallc.a(lib_a-fvwrite_small_dev.o)
                                        0x4d4 (size before relaxing)
 .debug_str     0x0000000000000929       0xef c:/intelfpga_lite/17.1/nios2eds/bin/gnu/h-x86_64-mingw32/bin/../lib/gcc/nios2-elf/5.3.0/../../../../../H-x86_64-mingw32/nios2-elf/lib/mno-hw-mul\libsmallc.a(lib_a-impure.o)
                                        0x4be (size before relaxing)
 .debug_str     0x0000000000000a18       0x45 c:/intelfpga_lite/17.1/nios2eds/bin/gnu/h-x86_64-mingw32/bin/../lib/gcc/nios2-elf/5.3.0/../../../../../H-x86_64-mingw32/nios2-elf/lib/mno-hw-mul\libsmallc.a(lib_a-writer.o)
                                        0x4b8 (size before relaxing)
 .debug_str     0x0000000000000a5d       0x3f c:/intelfpga_lite/17.1/nios2eds/bin/gnu/h-x86_64-mingw32/bin/../lib/gcc/nios2-elf/5.3.0/../../../../../H-x86_64-mingw32/nios2-elf/lib/mno-hw-mul\libsmallc.a(lib_a-int_errno.o)
                                        0x1d8 (size before relaxing)
 .debug_str     0x0000000000000a9c      0x187 c:/intelfpga_lite/17.1/nios2eds/bin/gnu/h-x86_64-mingw32/bin/../lib/gcc/nios2-elf/5.3.0/mno-hw-mul\libgcc.a(lib2-divmod.o)
                                        0x1d2 (size before relaxing)
 .debug_str     0x0000000000000c23       0x40 c:/intelfpga_lite/17.1/nios2eds/bin/gnu/h-x86_64-mingw32/bin/../lib/gcc/nios2-elf/5.3.0/mno-hw-mul\libgcc.a(lib2-mul.o)
                                        0x193 (size before relaxing)
 .debug_str     0x0000000000000c63      0x172 ../WiPhase_SW_bsp/\libhal_bsp.a(alt_load.o)
                                        0x259 (size before relaxing)
 .debug_str     0x0000000000000dd5       0x70 ../WiPhase_SW_bsp/\libhal_bsp.a(alt_main.o)
                                        0x1e4 (size before relaxing)
 .debug_str     0x0000000000000e45      0x166 ../WiPhase_SW_bsp/\libhal_bsp.a(alt_write.o)
                                        0x33f (size before relaxing)
 .debug_str     0x0000000000000fab      0x136 ../WiPhase_SW_bsp/\libhal_bsp.a(alt_sys_init.o)
                                        0x351 (size before relaxing)
 .debug_str     0x00000000000010e1       0x77 ../WiPhase_SW_bsp/\libhal_bsp.a(altera_avalon_jtag_uart_fd.o)
                                        0x31c (size before relaxing)
 .debug_str     0x0000000000001158       0x48 ../WiPhase_SW_bsp/\libhal_bsp.a(altera_avalon_jtag_uart_read.o)
                                        0x266 (size before relaxing)
 .debug_str     0x00000000000011a0       0x4a ../WiPhase_SW_bsp/\libhal_bsp.a(altera_avalon_jtag_uart_write.o)
                                        0x25c (size before relaxing)
 .debug_str     0x00000000000011ea       0xb6 ../WiPhase_SW_bsp/\libhal_bsp.a(altera_avalon_timer_sc.o)
                                        0x292 (size before relaxing)
 .debug_str     0x00000000000012a0       0x1b ../WiPhase_SW_bsp/\libhal_bsp.a(alt_close.o)
                                        0x252 (size before relaxing)
 .debug_str     0x00000000000012bb       0x34 ../WiPhase_SW_bsp/\libhal_bsp.a(alt_dcache_flush_all.o)
                                        0x19c (size before relaxing)
 .debug_str     0x00000000000012ef       0x50 ../WiPhase_SW_bsp/\libhal_bsp.a(alt_dev.o)
                                        0x34c (size before relaxing)
 .debug_str     0x000000000000133f       0x45 ../WiPhase_SW_bsp/\libhal_bsp.a(alt_dev_llist_insert.o)
                                        0x213 (size before relaxing)
 .debug_str     0x0000000000001384       0x48 ../WiPhase_SW_bsp/\libhal_bsp.a(alt_do_ctors.o)
                                        0x117 (size before relaxing)
 .debug_str     0x00000000000013cc       0x4c ../WiPhase_SW_bsp/\libhal_bsp.a(alt_do_dtors.o)
                                        0x116 (size before relaxing)
 .debug_str     0x0000000000001418       0x14 ../WiPhase_SW_bsp/\libhal_bsp.a(alt_errno.o)
                                        0x18c (size before relaxing)
 .debug_str     0x000000000000142c       0x34 ../WiPhase_SW_bsp/\libhal_bsp.a(alt_icache_flush_all.o)
                                        0x19c (size before relaxing)
 .debug_str     0x0000000000001460       0xc4 ../WiPhase_SW_bsp/\libhal_bsp.a(alt_iic.o)
                                        0x285 (size before relaxing)
 .debug_str     0x0000000000001524       0x4c ../WiPhase_SW_bsp/\libhal_bsp.a(alt_iic_isr_register.o)
                                        0x22f (size before relaxing)
 .debug_str     0x0000000000001570       0x56 ../WiPhase_SW_bsp/\libhal_bsp.a(alt_io_redirect.o)
                                        0x35d (size before relaxing)
 .debug_str     0x00000000000015c6       0x3a ../WiPhase_SW_bsp/\libhal_bsp.a(alt_irq_handler.o)
                                        0x1de (size before relaxing)
 .debug_str     0x0000000000001600       0x17 ../WiPhase_SW_bsp/\libhal_bsp.a(alt_irq_vars.o)
                                        0x181 (size before relaxing)
 .debug_str     0x0000000000001617       0x2f ../WiPhase_SW_bsp/\libhal_bsp.a(alt_open.o)
                                        0x292 (size before relaxing)
 .debug_str     0x0000000000001646       0x28 ../WiPhase_SW_bsp/\libhal_bsp.a(alt_release_fd.o)
                                        0x21a (size before relaxing)
 .debug_str     0x000000000000166e       0x78 ../WiPhase_SW_bsp/\libhal_bsp.a(alt_tick.o)
                                        0x299 (size before relaxing)
 .debug_str     0x00000000000016e6       0x3b ../WiPhase_SW_bsp/\libhal_bsp.a(altera_nios2_gen2_irq.o)
                                        0x1a3 (size before relaxing)
 .debug_str     0x0000000000001721       0x24 ../WiPhase_SW_bsp/\libhal_bsp.a(alt_find_dev.o)
                                        0x233 (size before relaxing)
 .debug_str     0x0000000000001745       0x26 ../WiPhase_SW_bsp/\libhal_bsp.a(alt_find_file.o)
                                        0x241 (size before relaxing)
 .debug_str     0x000000000000176b       0x30 ../WiPhase_SW_bsp/\libhal_bsp.a(alt_get_fd.o)
                                        0x263 (size before relaxing)
 .debug_str     0x000000000000179b      0x48b ../WiPhase_SW_bsp/\libhal_bsp.a(alt_instruction_exception_entry.o)
                                        0x5e7 (size before relaxing)
 .debug_str     0x0000000000001c26      0x116 c:/intelfpga_lite/17.1/nios2eds/bin/gnu/h-x86_64-mingw32/bin/../lib/gcc/nios2-elf/5.3.0/../../../../../H-x86_64-mingw32/nios2-elf/lib/mno-hw-mul\libsmallc.a(lib_a-atexit.o)
                                        0x21c (size before relaxing)
 .debug_str     0x0000000000001d3c       0x4c c:/intelfpga_lite/17.1/nios2eds/bin/gnu/h-x86_64-mingw32/bin/../lib/gcc/nios2-elf/5.3.0/../../../../../H-x86_64-mingw32/nios2-elf/lib/mno-hw-mul\libsmallc.a(lib_a-exit.o)
                                        0x1f0 (size before relaxing)
 .debug_str     0x0000000000001d88       0x44 c:/intelfpga_lite/17.1/nios2eds/bin/gnu/h-x86_64-mingw32/bin/../lib/gcc/nios2-elf/5.3.0/../../../../../H-x86_64-mingw32/nios2-elf/lib/mno-hw-mul\libsmallc.a(lib_a-memcmp.o)
                                        0x1df (size before relaxing)
 .debug_str     0x0000000000001dcc       0x46 c:/intelfpga_lite/17.1/nios2eds/bin/gnu/h-x86_64-mingw32/bin/../lib/gcc/nios2-elf/5.3.0/../../../../../H-x86_64-mingw32/nios2-elf/lib/mno-hw-mul\libsmallc.a(lib_a-__atexit.o)
                                        0x4ff (size before relaxing)
 .debug_str     0x0000000000001e12       0x65 c:/intelfpga_lite/17.1/nios2eds/bin/gnu/h-x86_64-mingw32/bin/../lib/gcc/nios2-elf/5.3.0/../../../../../H-x86_64-mingw32/nios2-elf/lib/mno-hw-mul\libsmallc.a(lib_a-__call_atexit.o)
                                        0x4eb (size before relaxing)
 .debug_str     0x0000000000001e77       0x2a ../WiPhase_SW_bsp/\libhal_bsp.a(alt_exit.o)
                                        0x198 (size before relaxing)

.debug_loc      0x0000000000000000     0x15da
 *(.debug_loc)
 .debug_loc     0x0000000000000000       0xc6 c:/intelfpga_lite/17.1/nios2eds/bin/gnu/h-x86_64-mingw32/bin/../lib/gcc/nios2-elf/5.3.0/../../../../../H-x86_64-mingw32/nios2-elf/lib/mno-hw-mul\libsmallc.a(lib_a-printf.o)
 .debug_loc     0x00000000000000c6       0x97 c:/intelfpga_lite/17.1/nios2eds/bin/gnu/h-x86_64-mingw32/bin/../lib/gcc/nios2-elf/5.3.0/../../../../../H-x86_64-mingw32/nios2-elf/lib/mno-hw-mul\libsmallc.a(lib_a-puts.o)
 .debug_loc     0x000000000000015d       0x1e c:/intelfpga_lite/17.1/nios2eds/bin/gnu/h-x86_64-mingw32/bin/../lib/gcc/nios2-elf/5.3.0/../../../../../H-x86_64-mingw32/nios2-elf/lib/mno-hw-mul\libsmallc.a(lib_a-strlen.o)
 .debug_loc     0x000000000000017b      0x954 c:/intelfpga_lite/17.1/nios2eds/bin/gnu/h-x86_64-mingw32/bin/../lib/gcc/nios2-elf/5.3.0/../../../../../H-x86_64-mingw32/nios2-elf/lib/mno-hw-mul\libsmallc.a(lib_a-vfprintf.o)
 .debug_loc     0x0000000000000acf      0x110 c:/intelfpga_lite/17.1/nios2eds/bin/gnu/h-x86_64-mingw32/bin/../lib/gcc/nios2-elf/5.3.0/../../../../../H-x86_64-mingw32/nios2-elf/lib/mno-hw-mul\libsmallc.a(lib_a-fvwrite_small_dev.o)
 .debug_loc     0x0000000000000bdf       0xa5 c:/intelfpga_lite/17.1/nios2eds/bin/gnu/h-x86_64-mingw32/bin/../lib/gcc/nios2-elf/5.3.0/../../../../../H-x86_64-mingw32/nios2-elf/lib/mno-hw-mul\libsmallc.a(lib_a-writer.o)
 .debug_loc     0x0000000000000c84      0x4ce c:/intelfpga_lite/17.1/nios2eds/bin/gnu/h-x86_64-mingw32/bin/../lib/gcc/nios2-elf/5.3.0/mno-hw-mul\libgcc.a(lib2-divmod.o)
 .debug_loc     0x0000000000001152       0x93 c:/intelfpga_lite/17.1/nios2eds/bin/gnu/h-x86_64-mingw32/bin/../lib/gcc/nios2-elf/5.3.0/mno-hw-mul\libgcc.a(lib2-mul.o)
 .debug_loc     0x00000000000011e5       0x2c c:/intelfpga_lite/17.1/nios2eds/bin/gnu/h-x86_64-mingw32/bin/../lib/gcc/nios2-elf/5.3.0/../../../../../H-x86_64-mingw32/nios2-elf/lib/mno-hw-mul\libsmallc.a(lib_a-atexit.o)
 .debug_loc     0x0000000000001211       0x1e c:/intelfpga_lite/17.1/nios2eds/bin/gnu/h-x86_64-mingw32/bin/../lib/gcc/nios2-elf/5.3.0/../../../../../H-x86_64-mingw32/nios2-elf/lib/mno-hw-mul\libsmallc.a(lib_a-exit.o)
 .debug_loc     0x000000000000122f       0x94 c:/intelfpga_lite/17.1/nios2eds/bin/gnu/h-x86_64-mingw32/bin/../lib/gcc/nios2-elf/5.3.0/../../../../../H-x86_64-mingw32/nios2-elf/lib/mno-hw-mul\libsmallc.a(lib_a-memcmp.o)
 .debug_loc     0x00000000000012c3      0x1c0 c:/intelfpga_lite/17.1/nios2eds/bin/gnu/h-x86_64-mingw32/bin/../lib/gcc/nios2-elf/5.3.0/../../../../../H-x86_64-mingw32/nios2-elf/lib/mno-hw-mul\libsmallc.a(lib_a-__atexit.o)
 .debug_loc     0x0000000000001483      0x157 c:/intelfpga_lite/17.1/nios2eds/bin/gnu/h-x86_64-mingw32/bin/../lib/gcc/nios2-elf/5.3.0/../../../../../H-x86_64-mingw32/nios2-elf/lib/mno-hw-mul\libsmallc.a(lib_a-__call_atexit.o)

.debug_macinfo
 *(.debug_macinfo)

.debug_weaknames
 *(.debug_weaknames)

.debug_funcnames
 *(.debug_funcnames)

.debug_typenames
 *(.debug_typenames)

.debug_varnames
 *(.debug_varnames)

.debug_alt_sim_info
                0x0000000000000000       0x10
 *(.debug_alt_sim_info)
 .debug_alt_sim_info
                0x0000000000000000       0x10 ../WiPhase_SW_bsp//obj/HAL/src/crt0.o
                0x000000000000d000                __alt_data_end = 0xd000
                0x000000000000d000                PROVIDE (__alt_stack_pointer, __alt_data_end)
                [!provide]                        PROVIDE (__alt_stack_limit, __alt_stack_base)
                [!provide]                        PROVIDE (__alt_heap_start, end)
                [!provide]                        PROVIDE (__alt_heap_limit, 0xd000)
OUTPUT(WiPhase_SW.elf elf32-littlenios2)

.debug_ranges   0x0000000000000000      0x2c0
 .debug_ranges  0x0000000000000000       0x20 ../WiPhase_SW_bsp//obj/HAL/src/crt0.o
 .debug_ranges  0x0000000000000020       0x18 c:/intelfpga_lite/17.1/nios2eds/bin/gnu/h-x86_64-mingw32/bin/../lib/gcc/nios2-elf/5.3.0/../../../../../H-x86_64-mingw32/nios2-elf/lib/mno-hw-mul\libsmallc.a(lib_a-printf.o)
 .debug_ranges  0x0000000000000038       0x18 c:/intelfpga_lite/17.1/nios2eds/bin/gnu/h-x86_64-mingw32/bin/../lib/gcc/nios2-elf/5.3.0/../../../../../H-x86_64-mingw32/nios2-elf/lib/mno-hw-mul\libsmallc.a(lib_a-puts.o)
 .debug_ranges  0x0000000000000050       0x10 c:/intelfpga_lite/17.1/nios2eds/bin/gnu/h-x86_64-mingw32/bin/../lib/gcc/nios2-elf/5.3.0/../../../../../H-x86_64-mingw32/nios2-elf/lib/mno-hw-mul\libsmallc.a(lib_a-strlen.o)
 .debug_ranges  0x0000000000000060       0xc8 c:/intelfpga_lite/17.1/nios2eds/bin/gnu/h-x86_64-mingw32/bin/../lib/gcc/nios2-elf/5.3.0/../../../../../H-x86_64-mingw32/nios2-elf/lib/mno-hw-mul\libsmallc.a(lib_a-vfprintf.o)