------------------------------------------------------------
TimeQuest Timing Analyzer Summary
------------------------------------------------------------

Type  : Slow 1200mV 85C Model Setup 'ENET_CLK_125M'
Slack : 1.729
TNS   : 0.000

Type  : Slow 1200mV 85C Model Setup 'C10_clk50M'
Slack : 8.302
TNS   : 0.000

Type  : Slow 1200mV 85C Model Setup 'altera_reserved_tck'
Slack : 45.187
TNS   : 0.000

Type  : Slow 1200mV 85C Model Hold 'C10_clk50M'
Slack : 0.348
TNS   : 0.000

Type  : Slow 1200mV 85C Model Hold 'altera_reserved_tck'
Slack : 0.453
TNS   : 0.000

Type  : Slow 1200mV 85C Model Hold 'ENET_CLK_125M'
Slack : 0.454
TNS   : 0.000

Type  : Slow 1200mV 85C Model Recovery 'ENET_CLK_125M'
Slack : 3.570
TNS   : 0.000

Type  : Slow 1200mV 85C Model Recovery 'C10_clk50M'
Slack : 15.121
TNS   : 0.000

Type  : Slow 1200mV 85C Model Recovery 'altera_reserved_tck'
Slack : 47.798
TNS   : 0.000

Type  : Slow 1200mV 85C Model Removal 'altera_reserved_tck'
Slack : 1.309
TNS   : 0.000

Type  : Slow 1200mV 85C Model Removal 'C10_clk50M'
Slack : 2.314
TNS   : 0.000

Type  : Slow 1200mV 85C Model Removal 'ENET_CLK_125M'
Slack : 2.368
TNS   : 0.000

Type  : Slow 1200mV 85C Model Minimum Pulse Width 'ENET_CLK_125M'
Slack : 3.519
TNS   : 0.000

Type  : Slow 1200mV 85C Model Minimum Pulse Width 'hmcad1511_lclk'
Slack : 5.000
TNS   : 0.000

Type  : Slow 1200mV 85C Model Minimum Pulse Width 'C10_clk50M'
Slack : 9.399
TNS   : 0.000

Type  : Slow 1200mV 85C Model Minimum Pulse Width 'altera_reserved_tck'
Slack : 49.441
TNS   : 0.000

Type  : Slow 1200mV 85C Model Max Skew 'set_max_skew'
Slack : 6.381

Type  : Slow 1200mV 85C Model Max Skew 'set_max_skew'
Slack : 6.537

Type  : Slow 1200mV 85C Model Net Delay 'set_net_delay'
Slack : 3.613

Type  : Slow 1200mV 85C Model Net Delay 'set_net_delay'
Slack : 4.635

Type  : Slow 1200mV 85C Model Net Delay 'set_net_delay'
Slack : 5.167

Type  : Slow 1200mV 85C Model Net Delay 'set_net_delay'
Slack : 5.167

Type  : Slow 1200mV 85C Model Net Delay 'set_net_delay'
Slack : 5.168

Type  : Slow 1200mV 0C Model Setup 'ENET_CLK_125M'
Slack : 2.100
TNS   : 0.000

Type  : Slow 1200mV 0C Model Setup 'C10_clk50M'
Slack : 8.766
TNS   : 0.000

Type  : Slow 1200mV 0C Model Setup 'altera_reserved_tck'
Slack : 45.580
TNS   : 0.000

Type  : Slow 1200mV 0C Model Hold 'C10_clk50M'
Slack : 0.334
TNS   : 0.000

Type  : Slow 1200mV 0C Model Hold 'altera_reserved_tck'
Slack : 0.401
TNS   : 0.000

Type  : Slow 1200mV 0C Model Hold 'ENET_CLK_125M'
Slack : 0.402
TNS   : 0.000

Type  : Slow 1200mV 0C Model Recovery 'ENET_CLK_125M'
Slack : 3.922
TNS   : 0.000

Type  : Slow 1200mV 0C Model Recovery 'C10_clk50M'
Slack : 15.505
TNS   : 0.000

Type  : Slow 1200mV 0C Model Recovery 'altera_reserved_tck'
Slack : 48.106
TNS   : 0.000

Type  : Slow 1200mV 0C Model Removal 'altera_reserved_tck'
Slack : 1.214
TNS   : 0.000

Type  : Slow 1200mV 0C Model Removal 'C10_clk50M'
Slack : 2.049
TNS   : 0.000

Type  : Slow 1200mV 0C Model Removal 'ENET_CLK_125M'
Slack : 2.086
TNS   : 0.000

Type  : Slow 1200mV 0C Model Minimum Pulse Width 'ENET_CLK_125M'
Slack : 3.519
TNS   : 0.000

Type  : Slow 1200mV 0C Model Minimum Pulse Width 'hmcad1511_lclk'
Slack : 5.000
TNS   : 0.000

Type  : Slow 1200mV 0C Model Minimum Pulse Width 'C10_clk50M'
Slack : 9.425
TNS   : 0.000

Type  : Slow 1200mV 0C Model Minimum Pulse Width 'altera_reserved_tck'
Slack : 49.314
TNS   : 0.000

Type  : Slow 1200mV 0C Model Max Skew 'set_max_skew'
Slack : 6.472

Type  : Slow 1200mV 0C Model Max Skew 'set_max_skew'
Slack : 6.573

Type  : Slow 1200mV 0C Model Net Delay 'set_net_delay'
Slack : 3.717

Type  : Slow 1200mV 0C Model Net Delay 'set_net_delay'
Slack : 4.691

Type  : Slow 1200mV 0C Model Net Delay 'set_net_delay'
Slack : 5.225

Type  : Slow 1200mV 0C Model Net Delay 'set_net_delay'
Slack : 5.234

Type  : Slow 1200mV 0C Model Net Delay 'set_net_delay'
Slack : 5.235

Type  : Fast 1200mV 0C Model Setup 'ENET_CLK_125M'
Slack : 5.203
TNS   : 0.000

Type  : Fast 1200mV 0C Model Setup 'C10_clk50M'
Slack : 14.749
TNS   : 0.000

Type  : Fast 1200mV 0C Model Setup 'altera_reserved_tck'
Slack : 48.228
TNS   : 0.000

Type  : Fast 1200mV 0C Model Hold 'C10_clk50M'
Slack : 0.105
TNS   : 0.000

Type  : Fast 1200mV 0C Model Hold 'ENET_CLK_125M'
Slack : 0.184
TNS   : 0.000

Type  : Fast 1200mV 0C Model Hold 'altera_reserved_tck'
Slack : 0.188
TNS   : 0.000

Type  : Fast 1200mV 0C Model Recovery 'ENET_CLK_125M'
Slack : 6.044
TNS   : 0.000

Type  : Fast 1200mV 0C Model Recovery 'C10_clk50M'
Slack : 17.739
TNS   : 0.000

Type  : Fast 1200mV 0C Model Recovery 'altera_reserved_tck'
Slack : 49.338
TNS   : 0.000

Type  : Fast 1200mV 0C Model Removal 'altera_reserved_tck'
Slack : 0.557
TNS   : 0.000

Type  : Fast 1200mV 0C Model Removal 'C10_clk50M'
Slack : 1.080
TNS   : 0.000

Type  : Fast 1200mV 0C Model Removal 'ENET_CLK_125M'
Slack : 1.107
TNS   : 0.000

Type  : Fast 1200mV 0C Model Minimum Pulse Width 'ENET_CLK_125M'
Slack : 3.190
TNS   : 0.000

Type  : Fast 1200mV 0C Model Minimum Pulse Width 'hmcad1511_lclk'
Slack : 5.000
TNS   : 0.000

Type  : Fast 1200mV 0C Model Minimum Pulse Width 'C10_clk50M'
Slack : 9.177
TNS   : 0.000

Type  : Fast 1200mV 0C Model Minimum Pulse Width 'altera_reserved_tck'
Slack : 49.286
TNS   : 0.000

Type  : Fast 1200mV 0C Model Max Skew 'set_max_skew'
Slack : 7.021

Type  : Fast 1200mV 0C Model Max Skew 'set_max_skew'
Slack : 7.030

Type  : Fast 1200mV 0C Model Net Delay 'set_net_delay'
Slack : 4.857

Type  : Fast 1200mV 0C Model Net Delay 'set_net_delay'
Slack : 5.383

Type  : Fast 1200mV 0C Model Net Delay 'set_net_delay'
Slack : 5.646

Type  : Fast 1200mV 0C Model Net Delay 'set_net_delay'
Slack : 5.663

Type  : Fast 1200mV 0C Model Net Delay 'set_net_delay'
Slack : 5.664

------------------------------------------------------------
