------------------------------------------------------------
TimeQuest Timing Analyzer Summary
------------------------------------------------------------

Type  : Slow 1200mV 85C Model Setup 'ENET_CLK_125M'
Slack : 1.595
TNS   : 0.000

Type  : Slow 1200mV 85C Model Setup 'C10_clk50M'
Slack : 9.037
TNS   : 0.000

Type  : Slow 1200mV 85C Model Setup 'altera_reserved_tck'
Slack : 43.553
TNS   : 0.000

Type  : Slow 1200mV 85C Model Hold 'C10_clk50M'
Slack : 0.418
TNS   : 0.000

Type  : Slow 1200mV 85C Model Hold 'ENET_CLK_125M'
Slack : 0.437
TNS   : 0.000

Type  : Slow 1200mV 85C Model Hold 'altera_reserved_tck'
Slack : 0.453
TNS   : 0.000

Type  : Slow 1200mV 85C Model Recovery 'ENET_CLK_125M'
Slack : 3.733
TNS   : 0.000

Type  : Slow 1200mV 85C Model Recovery 'C10_clk50M'
Slack : 13.331
TNS   : 0.000

Type  : Slow 1200mV 85C Model Recovery 'altera_reserved_tck'
Slack : 48.216
TNS   : 0.000

Type  : Slow 1200mV 85C Model Removal 'altera_reserved_tck'
Slack : 1.620
TNS   : 0.000

Type  : Slow 1200mV 85C Model Removal 'ENET_CLK_125M'
Slack : 2.274
TNS   : 0.000

Type  : Slow 1200mV 85C Model Removal 'C10_clk50M'
Slack : 2.323
TNS   : 0.000

Type  : Slow 1200mV 85C Model Minimum Pulse Width 'ENET_CLK_125M'
Slack : 3.519
TNS   : 0.000

Type  : Slow 1200mV 85C Model Minimum Pulse Width 'hmcad1511_lclk'
Slack : 5.000
TNS   : 0.000

Type  : Slow 1200mV 85C Model Minimum Pulse Width 'C10_clk50M'
Slack : 9.569
TNS   : 0.000

Type  : Slow 1200mV 85C Model Minimum Pulse Width 'altera_reserved_tck'
Slack : 49.442
TNS   : 0.000

Type  : Slow 1200mV 85C Model Max Skew 'set_max_skew'
Slack : 6.273

Type  : Slow 1200mV 85C Model Max Skew 'set_max_skew'
Slack : 6.526

Type  : Slow 1200mV 85C Model Max Skew 'set_max_skew'
Slack : 6.571

Type  : Slow 1200mV 85C Model Net Delay 'set_net_delay'
Slack : 2.503

Type  : Slow 1200mV 85C Model Net Delay 'set_net_delay'
Slack : 4.516

Type  : Slow 1200mV 85C Model Net Delay 'set_net_delay'
Slack : 4.669

Type  : Slow 1200mV 85C Model Net Delay 'set_net_delay'
Slack : 4.674

Type  : Slow 1200mV 85C Model Net Delay 'set_net_delay'
Slack : 4.714

Type  : Slow 1200mV 85C Model Net Delay 'set_net_delay'
Slack : 4.827

Type  : Slow 1200mV 85C Model Net Delay 'set_net_delay'
Slack : 4.909

Type  : Slow 1200mV 0C Model Setup 'ENET_CLK_125M'
Slack : 1.921
TNS   : 0.000

Type  : Slow 1200mV 0C Model Setup 'C10_clk50M'
Slack : 9.608
TNS   : 0.000

Type  : Slow 1200mV 0C Model Setup 'altera_reserved_tck'
Slack : 43.993
TNS   : 0.000

Type  : Slow 1200mV 0C Model Hold 'ENET_CLK_125M'
Slack : 0.385
TNS   : 0.000

Type  : Slow 1200mV 0C Model Hold 'C10_clk50M'
Slack : 0.387
TNS   : 0.000

Type  : Slow 1200mV 0C Model Hold 'altera_reserved_tck'
Slack : 0.402
TNS   : 0.000

Type  : Slow 1200mV 0C Model Recovery 'ENET_CLK_125M'
Slack : 4.105
TNS   : 0.000

Type  : Slow 1200mV 0C Model Recovery 'C10_clk50M'
Slack : 13.753
TNS   : 0.000

Type  : Slow 1200mV 0C Model Recovery 'altera_reserved_tck'
Slack : 48.506
TNS   : 0.000

Type  : Slow 1200mV 0C Model Removal 'altera_reserved_tck'
Slack : 1.447
TNS   : 0.000

Type  : Slow 1200mV 0C Model Removal 'ENET_CLK_125M'
Slack : 2.017
TNS   : 0.000

Type  : Slow 1200mV 0C Model Removal 'C10_clk50M'
Slack : 2.064
TNS   : 0.000

Type  : Slow 1200mV 0C Model Minimum Pulse Width 'ENET_CLK_125M'
Slack : 3.519
TNS   : 0.000

Type  : Slow 1200mV 0C Model Minimum Pulse Width 'hmcad1511_lclk'
Slack : 5.000
TNS   : 0.000

Type  : Slow 1200mV 0C Model Minimum Pulse Width 'C10_clk50M'
Slack : 9.573
TNS   : 0.000

Type  : Slow 1200mV 0C Model Minimum Pulse Width 'altera_reserved_tck'
Slack : 49.315
TNS   : 0.000

Type  : Slow 1200mV 0C Model Max Skew 'set_max_skew'
Slack : 6.271

Type  : Slow 1200mV 0C Model Max Skew 'set_max_skew'
Slack : 6.534

Type  : Slow 1200mV 0C Model Max Skew 'set_max_skew'
Slack : 6.575

Type  : Slow 1200mV 0C Model Net Delay 'set_net_delay'
Slack : 2.688

Type  : Slow 1200mV 0C Model Net Delay 'set_net_delay'
Slack : 4.569

Type  : Slow 1200mV 0C Model Net Delay 'set_net_delay'
Slack : 4.728

Type  : Slow 1200mV 0C Model Net Delay 'set_net_delay'
Slack : 4.731

Type  : Slow 1200mV 0C Model Net Delay 'set_net_delay'
Slack : 4.772

Type  : Slow 1200mV 0C Model Net Delay 'set_net_delay'
Slack : 4.875

Type  : Slow 1200mV 0C Model Net Delay 'set_net_delay'
Slack : 4.947

Type  : Fast 1200mV 0C Model Setup 'ENET_CLK_125M'
Slack : 5.220
TNS   : 0.000

Type  : Fast 1200mV 0C Model Setup 'C10_clk50M'
Slack : 15.218
TNS   : 0.000

Type  : Fast 1200mV 0C Model Setup 'altera_reserved_tck'
Slack : 47.503
TNS   : 0.000

Type  : Fast 1200mV 0C Model Hold 'C10_clk50M'
Slack : 0.143
TNS   : 0.000

Type  : Fast 1200mV 0C Model Hold 'ENET_CLK_125M'
Slack : 0.158
TNS   : 0.000

Type  : Fast 1200mV 0C Model Hold 'altera_reserved_tck'
Slack : 0.187
TNS   : 0.000

Type  : Fast 1200mV 0C Model Recovery 'ENET_CLK_125M'
Slack : 6.092
TNS   : 0.000

Type  : Fast 1200mV 0C Model Recovery 'C10_clk50M'
Slack : 16.868
TNS   : 0.000

Type  : Fast 1200mV 0C Model Recovery 'altera_reserved_tck'
Slack : 49.530
TNS   : 0.000

Type  : Fast 1200mV 0C Model Removal 'altera_reserved_tck'
Slack : 0.669
TNS   : 0.000

Type  : Fast 1200mV 0C Model Removal 'ENET_CLK_125M'
Slack : 1.059
TNS   : 0.000

Type  : Fast 1200mV 0C Model Removal 'C10_clk50M'
Slack : 1.082
TNS   : 0.000

Type  : Fast 1200mV 0C Model Minimum Pulse Width 'ENET_CLK_125M'
Slack : 3.190
TNS   : 0.000

Type  : Fast 1200mV 0C Model Minimum Pulse Width 'hmcad1511_lclk'
Slack : 5.000
TNS   : 0.000

Type  : Fast 1200mV 0C Model Minimum Pulse Width 'C10_clk50M'
Slack : 9.177
TNS   : 0.000

Type  : Fast 1200mV 0C Model Minimum Pulse Width 'altera_reserved_tck'
Slack : 49.284
TNS   : 0.000

Type  : Fast 1200mV 0C Model Max Skew 'set_max_skew'
Slack : 6.922

Type  : Fast 1200mV 0C Model Max Skew 'set_max_skew'
Slack : 7.013

Type  : Fast 1200mV 0C Model Max Skew 'set_max_skew'
Slack : 7.036

Type  : Fast 1200mV 0C Model Net Delay 'set_net_delay'
Slack : 4.275

Type  : Fast 1200mV 0C Model Net Delay 'set_net_delay'
Slack : 5.336

Type  : Fast 1200mV 0C Model Net Delay 'set_net_delay'
Slack : 5.390

Type  : Fast 1200mV 0C Model Net Delay 'set_net_delay'
Slack : 5.393

Type  : Fast 1200mV 0C Model Net Delay 'set_net_delay'
Slack : 5.417

Type  : Fast 1200mV 0C Model Net Delay 'set_net_delay'
Slack : 5.469

Type  : Fast 1200mV 0C Model Net Delay 'set_net_delay'
Slack : 5.524

------------------------------------------------------------
