Design Assistant report for Phased_WiFi_Telescope_FW
Sun Aug 12 22:12:20 2018
Quartus Prime Version 17.1.0 Build 590 10/25/2017 SJ Lite Edition


---------------------
; Table of Contents ;
---------------------
  1. Legal Notice
  2. Design Assistant Summary
  3. Parallel Compilation
  4. Design Assistant Settings
  5. Information only Violations
  6. Design Assistant Messages



----------------
; Legal Notice ;
----------------
Copyright (C) 2017  Intel Corporation. All rights reserved.
Your use of Intel Corporation's design tools, logic functions 
and other software and tools, and its AMPP partner logic 
functions, and any output files from any of the foregoing 
(including device programming or simulation files), and any 
associated documentation or information are expressly subject 
to the terms and conditions of the Intel Program License 
Subscription Agreement, the Intel Quartus Prime License Agreement,
the Intel FPGA IP License Agreement, or other applicable license
agreement, including, without limitation, that your use is for
the sole purpose of programming logic devices manufactured by
Intel and sold by Intel or its authorized distributors.  Please
refer to the applicable agreement for further details.



+-------------------------------------------------------------------------+
; Design Assistant Summary                                                ;
+-----------------------------------+-------------------------------------+
; Design Assistant Status           ; Analyzed - Sun Aug 12 22:12:20 2018 ;
; Revision Name                     ; Phased_WiFi_Telescope_FW            ;
; Top-level Entity Name             ; wifi_tele_phy                       ;
; Family                            ; Cyclone 10 LP                       ;
; Total Critical Violations         ; 0                                   ;
; Total High Violations             ; 0                                   ;
; Total Medium Violations           ; 0                                   ;
; Total Information only Violations ; 31                                  ;
; - Rule T102                       ; 31                                  ;
+-----------------------------------+-------------------------------------+


+------------------------------------------+
; Parallel Compilation                     ;
+----------------------------+-------------+
; Processors                 ; Number      ;
+----------------------------+-------------+
; Number detected on machine ; 4           ;
; Maximum allowed            ; 4           ;
;                            ;             ;
; Average used               ; 1.00        ;
; Maximum used               ; 4           ;
;                            ;             ;
; Usage by Processor         ; % Time Used ;
;     Processor 1            ; 100.0%      ;
;     Processors 2-4         ;   0.0%      ;
+----------------------------+-------------+


+------------------------------------------------------------------------------------------------------------------------------------------------------------------------------------------+
; Design Assistant Settings                                                                                                                                                                ;
+----------------------------------------------------------------------------------------------------------------------------------------------------------------------+--------------+----+
; Option                                                                                                                                                               ; Setting      ; To ;
+----------------------------------------------------------------------------------------------------------------------------------------------------------------------+--------------+----+
; Design Assistant mode                                                                                                                                                ; Post-Fitting ;    ;
; Threshold value for clock net not mapped to clock spines rule                                                                                                        ; 25           ;    ;
; Minimum number of clock port feed by gated clocks                                                                                                                    ; 30           ;    ;
; Minimum number of node fan-out                                                                                                                                       ; 30           ;    ;
; Maximum number of nodes to report                                                                                                                                    ; 50           ;    ;
; Rule C101: Gated clock should be implemented according to the Intel FPGA standard scheme                                                                             ; On           ;    ;
; Rule C102: Logic cell should not be used to generate an inverted clock signal                                                                                        ; On           ;    ;
; Rule C103: Gated clock does not feed at least a pre-defined number of clock ports to effectively save power                                                          ; On           ;    ;
; Rule C104: Clock signal source should drive only clock input ports                                                                                                   ; On           ;    ;
; Rule C105: Clock signal should be a global signal                                                                                                                    ; On           ;    ;
; Rule C106: Clock signal source should not drive registers triggered by different clock edges                                                                         ; On           ;    ;
; Rule R101: Combinational logic used as a reset signal should be synchronized                                                                                         ; On           ;    ;
; Rule R102: External reset signals should be synchronized using two cascaded registers                                                                                ; On           ;    ;
; Rule R103: External reset signal should be correctly synchronized                                                                                                    ; On           ;    ;
; Rule R104: The reset signal that is generated in one clock domain and used in another clock domain should be correctly synchronized                                  ; On           ;    ;
; Rule R105: The reset signal that is generated in one clock domain and used in another clock domain should be synchronized                                            ; On           ;    ;
; Rule T101: Nodes with more than the specified number of fan-outs                                                                                                     ; On           ;    ;
; Rule T102: Top nodes with the highest number of fan-outs                                                                                                             ; On           ;    ;
; Rule A101: Design should not contain combinational loops                                                                                                             ; On           ;    ;
; Rule A102: Register output should not drive its own control signal directly or through combinational logic                                                           ; On           ;    ;
; Rule A103: Design should not contain delay chains                                                                                                                    ; On           ;    ;
; Rule A104: Design should not contain ripple clock structures                                                                                                         ; On           ;    ;
; Rule A105: Pulses should not be implemented asynchronously                                                                                                           ; On           ;    ;
; Rule A106: Multiple pulses should not be generated in design                                                                                                         ; On           ;    ;
; Rule A107: Design should not contain SR latches                                                                                                                      ; On           ;    ;
; Rule A108: Design should not contain latches                                                                                                                         ; On           ;    ;
; Rule S101: Output enable and input of the same tri-state node should not be driven by same signal source                                                             ; On           ;    ;
; Rule S102: Synchronous port and asynchronous port of the same register should not be driven by the same signal source                                                ; On           ;    ;
; Rule S103: More than one asynchronous port of a register should not be driven by the same signal source                                                              ; On           ;    ;
; Rule S104: Clock port and any other port of a register should not be driven by the same signal source                                                                ; On           ;    ;
; Rule D101: Data bits are not synchronized when transferred between asynchronous clock domains                                                                        ; On           ;    ;
; Rule D102: Multiple data bits that are transferred across asynchronous clock domains are synchronized, but not all bits may be aligned in the receiving clock domain ; On           ;    ;
; Rule D103: Data bits are not correctly synchronized when transferred between asynchronous clock domains                                                              ; On           ;    ;
+----------------------------------------------------------------------------------------------------------------------------------------------------------------------+--------------+----+


+----------------------------------------------------------------------------------------------------------------------------------------------------------------------------------------------------------------------+
; Information only Violations                                                                                                                                                                                          ;
+----------------------------------------------------------+-------------------------------------------------------------------------------------------------------------------------------------------------+---------+
; Rule name                                                ; Name                                                                                                                                            ; Fan-Out ;
+----------------------------------------------------------+-------------------------------------------------------------------------------------------------------------------------------------------------+---------+
; Rule T102: Top nodes with the highest number of fan-outs ; hmcad1511_d4a                                                                                                                                   ; 1       ;
; Rule T102: Top nodes with the highest number of fan-outs ; pll_controller:pll|altpll:altpll_component|pll_controller_altpll:auto_generated|wire_pll1_fbout                                                 ; 1       ;
; Rule T102: Top nodes with the highest number of fan-outs ; pll_controller:pll|altpll:altpll_component|pll_controller_altpll:auto_generated|wire_pll1_clk[0]                                                ; 1       ;
; Rule T102: Top nodes with the highest number of fan-outs ; hmcad1511_d4b                                                                                                                                   ; 1       ;
; Rule T102: Top nodes with the highest number of fan-outs ; hmcad1511_d1b                                                                                                                                   ; 1       ;
; Rule T102: Top nodes with the highest number of fan-outs ; hmcad1511_d1a                                                                                                                                   ; 1       ;
; Rule T102: Top nodes with the highest number of fan-outs ; hmcad1511_d3b                                                                                                                                   ; 1       ;
; Rule T102: Top nodes with the highest number of fan-outs ; hmcad1511_d2b                                                                                                                                   ; 1       ;
; Rule T102: Top nodes with the highest number of fan-outs ; C10_clk50M                                                                                                                                      ; 1       ;
; Rule T102: Top nodes with the highest number of fan-outs ; hmcad1511_lclk                                                                                                                                  ; 1       ;
; Rule T102: Top nodes with the highest number of fan-outs ; mosi~output                                                                                                                                     ; 1       ;
; Rule T102: Top nodes with the highest number of fan-outs ; hmcad1511_d2a                                                                                                                                   ; 1       ;
; Rule T102: Top nodes with the highest number of fan-outs ; hmcad1511_d3a                                                                                                                                   ; 1       ;
; Rule T102: Top nodes with the highest number of fan-outs ; adc_cs~output                                                                                                                                   ; 1       ;
; Rule T102: Top nodes with the highest number of fan-outs ; vga_cs~output                                                                                                                                   ; 1       ;
; Rule T102: Top nodes with the highest number of fan-outs ; dac_cs~output                                                                                                                                   ; 1       ;
; Rule T102: Top nodes with the highest number of fan-outs ; sclk~output                                                                                                                                     ; 1       ;
; Rule T102: Top nodes with the highest number of fan-outs ; sample_pll_out~output                                                                                                                           ; 1       ;
; Rule T102: Top nodes with the highest number of fan-outs ; pll_controller:pll|altpll:altpll_component|pll_controller_altpll:auto_generated|wire_pll1_clk[0]~clkctrl_e_sample_pll_out_7e_output_pseudo_diff ; 1       ;
; Rule T102: Top nodes with the highest number of fan-outs ; hmcad1511_d4a(n)                                                                                                                                ; 1       ;
; Rule T102: Top nodes with the highest number of fan-outs ; hmcad1511_fclk                                                                                                                                  ; 1       ;
; Rule T102: Top nodes with the highest number of fan-outs ; sample_pll_out~output(n)                                                                                                                        ; 1       ;
; Rule T102: Top nodes with the highest number of fan-outs ; hmcad1511_fclk(n)                                                                                                                               ; 1       ;
; Rule T102: Top nodes with the highest number of fan-outs ; hmcad1511_d4b(n)                                                                                                                                ; 1       ;
; Rule T102: Top nodes with the highest number of fan-outs ; hmcad1511_lclk(n)                                                                                                                               ; 1       ;
; Rule T102: Top nodes with the highest number of fan-outs ; hmcad1511_d3b(n)                                                                                                                                ; 1       ;
; Rule T102: Top nodes with the highest number of fan-outs ; hmcad1511_d3a(n)                                                                                                                                ; 1       ;
; Rule T102: Top nodes with the highest number of fan-outs ; hmcad1511_d2b(n)                                                                                                                                ; 1       ;
; Rule T102: Top nodes with the highest number of fan-outs ; hmcad1511_d2a(n)                                                                                                                                ; 1       ;
; Rule T102: Top nodes with the highest number of fan-outs ; hmcad1511_d1b(n)                                                                                                                                ; 1       ;
; Rule T102: Top nodes with the highest number of fan-outs ; hmcad1511_d1a(n)                                                                                                                                ; 1       ;
+----------------------------------------------------------+-------------------------------------------------------------------------------------------------------------------------------------------------+---------+


+---------------------------+
; Design Assistant Messages ;
+---------------------------+
Info: *******************************************************************
Info: Running Quartus Prime Design Assistant
    Info: Version 17.1.0 Build 590 10/25/2017 SJ Lite Edition
    Info: Processing started: Sun Aug 12 22:12:19 2018
Info: Command: quartus_drc Phased_WiFi_Telescope_FW -c Phased_WiFi_Telescope_FW
Warning (20013): Ignored 51 assignments for entity "altera_eth_tse_mac" -- entity does not exist in design
Warning (20013): Ignored 31 assignments for entity "ethernet" -- entity does not exist in design
Warning (20013): Ignored 48 assignments for entity "ethernet_eth_tse_0" -- entity does not exist in design
Warning (18236): Number of processors has not been specified which may cause overloading on shared machines.  Set the global assignment NUM_PARALLEL_PROCESSORS in your QSF to an appropriate value for best performance.
Info (332104): Reading SDC File: 'Phased_WiFi_Telescope_FW.out.sdc'
Info (332104): Reading SDC File: 'ethernet/synthesis/submodules/altera_eth_tse_mac.sdc'
Warning (332174): Ignored filter at altera_eth_tse_mac.sdc(30): *altera_eth_tse_std_synchronizer:*|altera_std_synchronizer_nocut:*|din_s1 could not be matched with a register File: C:/Users/alist/OneDrive/Electrickery/Phased Array Radio Telescope/Phased-Array-WiFi-Camera/FPGA Firmware/ethernet/synthesis/submodules/altera_eth_tse_mac.sdc Line: 30
Warning (332049): Ignored set_net_delay at altera_eth_tse_mac.sdc(30): argument -to with value [get_registers {*altera_eth_tse_std_synchronizer:*|altera_std_synchronizer_nocut:*|din_s1}] contains zero elements File: C:/Users/alist/OneDrive/Electrickery/Phased Array Radio Telescope/Phased-Array-WiFi-Camera/FPGA Firmware/ethernet/synthesis/submodules/altera_eth_tse_mac.sdc Line: 30
    Info (332050): set_net_delay -from [get_pins -compatibility_mode ${from_reg}|q] -to [get_registers ${to_reg}] -max $max_net_delay File: C:/Users/alist/OneDrive/Electrickery/Phased Array Radio Telescope/Phased-Array-WiFi-Camera/FPGA Firmware/ethernet/synthesis/submodules/altera_eth_tse_mac.sdc Line: 30
Warning (332049): Ignored set_max_delay at altera_eth_tse_mac.sdc(37): Argument <to> is an empty collection File: C:/Users/alist/OneDrive/Electrickery/Phased Array Radio Telescope/Phased-Array-WiFi-Camera/FPGA Firmware/ethernet/synthesis/submodules/altera_eth_tse_mac.sdc Line: 37
    Info (332050): set_max_delay -from [get_registers ${from_reg}] -to [get_registers ${to_reg}] 8ns File: C:/Users/alist/OneDrive/Electrickery/Phased Array Radio Telescope/Phased-Array-WiFi-Camera/FPGA Firmware/ethernet/synthesis/submodules/altera_eth_tse_mac.sdc Line: 37
Warning (332049): Ignored set_min_delay at altera_eth_tse_mac.sdc(38): Argument <to> is an empty collection File: C:/Users/alist/OneDrive/Electrickery/Phased Array Radio Telescope/Phased-Array-WiFi-Camera/FPGA Firmware/ethernet/synthesis/submodules/altera_eth_tse_mac.sdc Line: 38
    Info (332050): set_min_delay -from [get_registers ${from_reg}] -to [get_registers ${to_reg}] -100ns File: C:/Users/alist/OneDrive/Electrickery/Phased Array Radio Telescope/Phased-Array-WiFi-Camera/FPGA Firmware/ethernet/synthesis/submodules/altera_eth_tse_mac.sdc Line: 38
Warning (332174): Ignored filter at altera_eth_tse_mac.sdc(178): *|altera_tse_register_map:U_REG|command_config[9] could not be matched with a register File: C:/Users/alist/OneDrive/Electrickery/Phased Array Radio Telescope/Phased-Array-WiFi-Camera/FPGA Firmware/ethernet/synthesis/submodules/altera_eth_tse_mac.sdc Line: 178
Warning (332174): Ignored filter at altera_eth_tse_mac.sdc(178): *|altera_tse_mac_tx:U_TX|* could not be matched with a register File: C:/Users/alist/OneDrive/Electrickery/Phased Array Radio Telescope/Phased-Array-WiFi-Camera/FPGA Firmware/ethernet/synthesis/submodules/altera_eth_tse_mac.sdc Line: 178
Warning (332049): Ignored set_false_path at altera_eth_tse_mac.sdc(178): Argument <from> is an empty collection File: C:/Users/alist/OneDrive/Electrickery/Phased Array Radio Telescope/Phased-Array-WiFi-Camera/FPGA Firmware/ethernet/synthesis/submodules/altera_eth_tse_mac.sdc Line: 178
    Info (332050): set_false_path -from [get_registers {*|altera_tse_register_map:U_REG|command_config[9]}] -to [get_registers {*|altera_tse_mac_tx:U_TX|*}] File: C:/Users/alist/OneDrive/Electrickery/Phased Array Radio Telescope/Phased-Array-WiFi-Camera/FPGA Firmware/ethernet/synthesis/submodules/altera_eth_tse_mac.sdc Line: 178
Warning (332049): Ignored set_false_path at altera_eth_tse_mac.sdc(178): Argument <to> is an empty collection File: C:/Users/alist/OneDrive/Electrickery/Phased Array Radio Telescope/Phased-Array-WiFi-Camera/FPGA Firmware/ethernet/synthesis/submodules/altera_eth_tse_mac.sdc Line: 178
Warning (332174): Ignored filter at altera_eth_tse_mac.sdc(179): *|altera_tse_register_map:U_REG|mac_0[*] could not be matched with a register File: C:/Users/alist/OneDrive/Electrickery/Phased Array Radio Telescope/Phased-Array-WiFi-Camera/FPGA Firmware/ethernet/synthesis/submodules/altera_eth_tse_mac.sdc Line: 179
Warning (332049): Ignored set_false_path at altera_eth_tse_mac.sdc(179): Argument <from> is an empty collection File: C:/Users/alist/OneDrive/Electrickery/Phased Array Radio Telescope/Phased-Array-WiFi-Camera/FPGA Firmware/ethernet/synthesis/submodules/altera_eth_tse_mac.sdc Line: 179
    Info (332050): set_false_path -from [get_registers {*|altera_tse_register_map:U_REG|mac_0[*]}] -to [get_registers {*|altera_tse_mac_tx:U_TX|*}] File: C:/Users/alist/OneDrive/Electrickery/Phased Array Radio Telescope/Phased-Array-WiFi-Camera/FPGA Firmware/ethernet/synthesis/submodules/altera_eth_tse_mac.sdc Line: 179
Warning (332049): Ignored set_false_path at altera_eth_tse_mac.sdc(179): Argument <to> is an empty collection File: C:/Users/alist/OneDrive/Electrickery/Phased Array Radio Telescope/Phased-Array-WiFi-Camera/FPGA Firmware/ethernet/synthesis/submodules/altera_eth_tse_mac.sdc Line: 179
Warning (332174): Ignored filter at altera_eth_tse_mac.sdc(180): *|altera_tse_register_map:U_REG|mac_1[*] could not be matched with a register File: C:/Users/alist/OneDrive/Electrickery/Phased Array Radio Telescope/Phased-Array-WiFi-Camera/FPGA Firmware/ethernet/synthesis/submodules/altera_eth_tse_mac.sdc Line: 180
Warning (332049): Ignored set_false_path at altera_eth_tse_mac.sdc(180): Argument <from> is an empty collection File: C:/Users/alist/OneDrive/Electrickery/Phased Array Radio Telescope/Phased-Array-WiFi-Camera/FPGA Firmware/ethernet/synthesis/submodules/altera_eth_tse_mac.sdc Line: 180
    Info (332050): set_false_path -from [get_registers {*|altera_tse_register_map:U_REG|mac_1[*]}] -to [get_registers {*|altera_tse_mac_tx:U_TX|*}] File: C:/Users/alist/OneDrive/Electrickery/Phased Array Radio Telescope/Phased-Array-WiFi-Camera/FPGA Firmware/ethernet/synthesis/submodules/altera_eth_tse_mac.sdc Line: 180
Warning (332049): Ignored set_false_path at altera_eth_tse_mac.sdc(180): Argument <to> is an empty collection File: C:/Users/alist/OneDrive/Electrickery/Phased Array Radio Telescope/Phased-Array-WiFi-Camera/FPGA Firmware/ethernet/synthesis/submodules/altera_eth_tse_mac.sdc Line: 180
Warning (332174): Ignored filter at altera_eth_tse_mac.sdc(182): *|altera_tse_mac_rx:U_RX|* could not be matched with a register File: C:/Users/alist/OneDrive/Electrickery/Phased Array Radio Telescope/Phased-Array-WiFi-Camera/FPGA Firmware/ethernet/synthesis/submodules/altera_eth_tse_mac.sdc Line: 182
Warning (332049): Ignored set_false_path at altera_eth_tse_mac.sdc(182): Argument <from> is an empty collection File: C:/Users/alist/OneDrive/Electrickery/Phased Array Radio Telescope/Phased-Array-WiFi-Camera/FPGA Firmware/ethernet/synthesis/submodules/altera_eth_tse_mac.sdc Line: 182
    Info (332050): set_false_path -from [get_registers {*|altera_tse_register_map:U_REG|mac_0[*]}] -to [get_registers {*|altera_tse_mac_rx:U_RX|*}] File: C:/Users/alist/OneDrive/Electrickery/Phased Array Radio Telescope/Phased-Array-WiFi-Camera/FPGA Firmware/ethernet/synthesis/submodules/altera_eth_tse_mac.sdc Line: 182
Warning (332049): Ignored set_false_path at altera_eth_tse_mac.sdc(182): Argument <to> is an empty collection File: C:/Users/alist/OneDrive/Electrickery/Phased Array Radio Telescope/Phased-Array-WiFi-Camera/FPGA Firmware/ethernet/synthesis/submodules/altera_eth_tse_mac.sdc Line: 182
Warning (332049): Ignored set_false_path at altera_eth_tse_mac.sdc(183): Argument <from> is an empty collection File: C:/Users/alist/OneDrive/Electrickery/Phased Array Radio Telescope/Phased-Array-WiFi-Camera/FPGA Firmware/ethernet/synthesis/submodules/altera_eth_tse_mac.sdc Line: 183
    Info (332050): set_false_path -from [get_registers {*|altera_tse_register_map:U_REG|mac_1[*]}] -to [get_registers {*|altera_tse_mac_rx:U_RX|*}] File: C:/Users/alist/OneDrive/Electrickery/Phased Array Radio Telescope/Phased-Array-WiFi-Camera/FPGA Firmware/ethernet/synthesis/submodules/altera_eth_tse_mac.sdc Line: 183
Warning (332049): Ignored set_false_path at altera_eth_tse_mac.sdc(183): Argument <to> is an empty collection File: C:/Users/alist/OneDrive/Electrickery/Phased Array Radio Telescope/Phased-Array-WiFi-Camera/FPGA Firmware/ethernet/synthesis/submodules/altera_eth_tse_mac.sdc Line: 183
Warning (332174): Ignored filter at altera_eth_tse_mac.sdc(184): *|altera_tse_register_map:U_REG|frm_length[*] could not be matched with a register File: C:/Users/alist/OneDrive/Electrickery/Phased Array Radio Telescope/Phased-Array-WiFi-Camera/FPGA Firmware/ethernet/synthesis/submodules/altera_eth_tse_mac.sdc Line: 184
Warning (332049): Ignored set_false_path at altera_eth_tse_mac.sdc(184): Argument <from> is an empty collection File: C:/Users/alist/OneDrive/Electrickery/Phased Array Radio Telescope/Phased-Array-WiFi-Camera/FPGA Firmware/ethernet/synthesis/submodules/altera_eth_tse_mac.sdc Line: 184
    Info (332050): set_false_path -from [get_registers {*|altera_tse_register_map:U_REG|frm_length[*]}] -to [get_registers {*|altera_tse_mac_rx:U_RX|*}] File: C:/Users/alist/OneDrive/Electrickery/Phased Array Radio Telescope/Phased-Array-WiFi-Camera/FPGA Firmware/ethernet/synthesis/submodules/altera_eth_tse_mac.sdc Line: 184
Warning (332049): Ignored set_false_path at altera_eth_tse_mac.sdc(184): Argument <to> is an empty collection File: C:/Users/alist/OneDrive/Electrickery/Phased Array Radio Telescope/Phased-Array-WiFi-Camera/FPGA Firmware/ethernet/synthesis/submodules/altera_eth_tse_mac.sdc Line: 184
Warning (332174): Ignored filter at altera_eth_tse_mac.sdc(204): *|altera_tse_mac_rx:*|pause_quant_val* could not be matched with a register File: C:/Users/alist/OneDrive/Electrickery/Phased Array Radio Telescope/Phased-Array-WiFi-Camera/FPGA Firmware/ethernet/synthesis/submodules/altera_eth_tse_mac.sdc Line: 204
Warning (332174): Ignored filter at altera_eth_tse_mac.sdc(204): *|altera_tse_mac_tx:*|pause_latch* could not be matched with a register File: C:/Users/alist/OneDrive/Electrickery/Phased Array Radio Telescope/Phased-Array-WiFi-Camera/FPGA Firmware/ethernet/synthesis/submodules/altera_eth_tse_mac.sdc Line: 204
Warning (332049): Ignored set_false_path at altera_eth_tse_mac.sdc(204): Argument <from> is an empty collection File: C:/Users/alist/OneDrive/Electrickery/Phased Array Radio Telescope/Phased-Array-WiFi-Camera/FPGA Firmware/ethernet/synthesis/submodules/altera_eth_tse_mac.sdc Line: 204
    Info (332050): set_false_path -from [get_registers *|altera_tse_mac_rx:*|pause_quant_val*] -to [get_registers *|altera_tse_mac_tx:*|pause_latch*] File: C:/Users/alist/OneDrive/Electrickery/Phased Array Radio Telescope/Phased-Array-WiFi-Camera/FPGA Firmware/ethernet/synthesis/submodules/altera_eth_tse_mac.sdc Line: 204
Warning (332049): Ignored set_false_path at altera_eth_tse_mac.sdc(204): Argument <to> is an empty collection File: C:/Users/alist/OneDrive/Electrickery/Phased Array Radio Telescope/Phased-Array-WiFi-Camera/FPGA Firmware/ethernet/synthesis/submodules/altera_eth_tse_mac.sdc Line: 204
Warning (332174): Ignored filter at altera_eth_tse_mac.sdc(205): *|altera_tse_register_map:U_REG|pause_quant_reg* could not be matched with a register File: C:/Users/alist/OneDrive/Electrickery/Phased Array Radio Telescope/Phased-Array-WiFi-Camera/FPGA Firmware/ethernet/synthesis/submodules/altera_eth_tse_mac.sdc Line: 205
Warning (332049): Ignored set_false_path at altera_eth_tse_mac.sdc(205): Argument <from> is an empty collection File: C:/Users/alist/OneDrive/Electrickery/Phased Array Radio Telescope/Phased-Array-WiFi-Camera/FPGA Firmware/ethernet/synthesis/submodules/altera_eth_tse_mac.sdc Line: 205
    Info (332050): set_false_path -from [get_registers {*|altera_tse_register_map:U_REG|pause_quant_reg*}] -to [get_registers {*|altera_tse_mac_tx:U_TX|*}] File: C:/Users/alist/OneDrive/Electrickery/Phased Array Radio Telescope/Phased-Array-WiFi-Camera/FPGA Firmware/ethernet/synthesis/submodules/altera_eth_tse_mac.sdc Line: 205
Warning (332049): Ignored set_false_path at altera_eth_tse_mac.sdc(205): Argument <to> is an empty collection File: C:/Users/alist/OneDrive/Electrickery/Phased Array Radio Telescope/Phased-Array-WiFi-Camera/FPGA Firmware/ethernet/synthesis/submodules/altera_eth_tse_mac.sdc Line: 205
Warning (332049): Ignored set_false_path at altera_eth_tse_mac.sdc(206): Argument <from> is an empty collection File: C:/Users/alist/OneDrive/Electrickery/Phased Array Radio Telescope/Phased-Array-WiFi-Camera/FPGA Firmware/ethernet/synthesis/submodules/altera_eth_tse_mac.sdc Line: 206
    Info (332050): set_false_path -from [get_registers {*|altera_tse_register_map:U_REG|pause_quant_reg*}] -to [get_registers {*|altera_tse_mac_tx:U_TX|*}] File: C:/Users/alist/OneDrive/Electrickery/Phased Array Radio Telescope/Phased-Array-WiFi-Camera/FPGA Firmware/ethernet/synthesis/submodules/altera_eth_tse_mac.sdc Line: 206
Warning (332049): Ignored set_false_path at altera_eth_tse_mac.sdc(206): Argument <to> is an empty collection File: C:/Users/alist/OneDrive/Electrickery/Phased Array Radio Telescope/Phased-Array-WiFi-Camera/FPGA Firmware/ethernet/synthesis/submodules/altera_eth_tse_mac.sdc Line: 206
Warning (332174): Ignored filter at altera_eth_tse_mac.sdc(207): *|altera_tse_register_map:U_REG|holdoff_quant* could not be matched with a register File: C:/Users/alist/OneDrive/Electrickery/Phased Array Radio Telescope/Phased-Array-WiFi-Camera/FPGA Firmware/ethernet/synthesis/submodules/altera_eth_tse_mac.sdc Line: 207
Warning (332049): Ignored set_false_path at altera_eth_tse_mac.sdc(207): Argument <from> is an empty collection File: C:/Users/alist/OneDrive/Electrickery/Phased Array Radio Telescope/Phased-Array-WiFi-Camera/FPGA Firmware/ethernet/synthesis/submodules/altera_eth_tse_mac.sdc Line: 207
    Info (332050): set_false_path -from [get_registers {*|altera_tse_register_map:U_REG|holdoff_quant*}] -to [get_registers {*|altera_tse_mac_tx:U_TX|*}] File: C:/Users/alist/OneDrive/Electrickery/Phased Array Radio Telescope/Phased-Array-WiFi-Camera/FPGA Firmware/ethernet/synthesis/submodules/altera_eth_tse_mac.sdc Line: 207
Warning (332049): Ignored set_false_path at altera_eth_tse_mac.sdc(207): Argument <to> is an empty collection File: C:/Users/alist/OneDrive/Electrickery/Phased Array Radio Telescope/Phased-Array-WiFi-Camera/FPGA Firmware/ethernet/synthesis/submodules/altera_eth_tse_mac.sdc Line: 207
Warning (332174): Ignored filter at altera_eth_tse_mac.sdc(212): *|altera_tse_magic_detection:U_MAGIC|* could not be matched with a register File: C:/Users/alist/OneDrive/Electrickery/Phased Array Radio Telescope/Phased-Array-WiFi-Camera/FPGA Firmware/ethernet/synthesis/submodules/altera_eth_tse_mac.sdc Line: 212
Warning (332049): Ignored set_false_path at altera_eth_tse_mac.sdc(212): Argument <from> is an empty collection File: C:/Users/alist/OneDrive/Electrickery/Phased Array Radio Telescope/Phased-Array-WiFi-Camera/FPGA Firmware/ethernet/synthesis/submodules/altera_eth_tse_mac.sdc Line: 212
    Info (332050): set_false_path -from [get_registers {*|altera_tse_register_map:U_REG|mac_0[*]}] -to [get_registers {*|altera_tse_magic_detection:U_MAGIC|*}] File: C:/Users/alist/OneDrive/Electrickery/Phased Array Radio Telescope/Phased-Array-WiFi-Camera/FPGA Firmware/ethernet/synthesis/submodules/altera_eth_tse_mac.sdc Line: 212
Warning (332049): Ignored set_false_path at altera_eth_tse_mac.sdc(212): Argument <to> is an empty collection File: C:/Users/alist/OneDrive/Electrickery/Phased Array Radio Telescope/Phased-Array-WiFi-Camera/FPGA Firmware/ethernet/synthesis/submodules/altera_eth_tse_mac.sdc Line: 212
Warning (332049): Ignored set_false_path at altera_eth_tse_mac.sdc(213): Argument <from> is an empty collection File: C:/Users/alist/OneDrive/Electrickery/Phased Array Radio Telescope/Phased-Array-WiFi-Camera/FPGA Firmware/ethernet/synthesis/submodules/altera_eth_tse_mac.sdc Line: 213
    Info (332050): set_false_path -from [get_registers {*|altera_tse_register_map:U_REG|mac_1[*]}] -to [get_registers {*|altera_tse_magic_detection:U_MAGIC|*}] File: C:/Users/alist/OneDrive/Electrickery/Phased Array Radio Telescope/Phased-Array-WiFi-Camera/FPGA Firmware/ethernet/synthesis/submodules/altera_eth_tse_mac.sdc Line: 213
Warning (332049): Ignored set_false_path at altera_eth_tse_mac.sdc(213): Argument <to> is an empty collection File: C:/Users/alist/OneDrive/Electrickery/Phased Array Radio Telescope/Phased-Array-WiFi-Camera/FPGA Firmware/ethernet/synthesis/submodules/altera_eth_tse_mac.sdc Line: 213
Warning (332174): Ignored filter at altera_eth_tse_mac.sdc(53): *altera_tse_a_fifo_opt_1246:TX_DATA|altera_tse_gray_cnt:U_RD|g_out[*]|q could not be matched with a pin File: C:/Users/alist/OneDrive/Electrickery/Phased Array Radio Telescope/Phased-Array-WiFi-Camera/FPGA Firmware/ethernet/synthesis/submodules/altera_eth_tse_mac.sdc Line: 53
Warning (332174): Ignored filter at altera_eth_tse_mac.sdc(53): *altera_tse_a_fifo_opt_1246:TX_DATA|altera_eth_tse_std_synchronizer_bundle:U_SYNC_1|altera_eth_tse_std_synchronizer:*|altera_std_synchronizer_nocut:*|din_s1* could not be matched with a register File: C:/Users/alist/OneDrive/Electrickery/Phased Array Radio Telescope/Phased-Array-WiFi-Camera/FPGA Firmware/ethernet/synthesis/submodules/altera_eth_tse_mac.sdc Line: 53
Warning (332049): Ignored set_net_delay at altera_eth_tse_mac.sdc(53): argument -from with value [get_pins -compatibility_mode {*altera_tse_a_fifo_opt_1246:TX_DATA|altera_tse_gray_cnt:U_RD|g_out[*]|q}] contains zero elements File: C:/Users/alist/OneDrive/Electrickery/Phased Array Radio Telescope/Phased-Array-WiFi-Camera/FPGA Firmware/ethernet/synthesis/submodules/altera_eth_tse_mac.sdc Line: 53
    Info (332050): set_net_delay -from [get_pins -compatibility_mode *${from_path}|${from_reg}[*]|q] -to [get_registers *${to_path}|${to_reg}*] -max $max_net_delay File: C:/Users/alist/OneDrive/Electrickery/Phased Array Radio Telescope/Phased-Array-WiFi-Camera/FPGA Firmware/ethernet/synthesis/submodules/altera_eth_tse_mac.sdc Line: 53
Warning (332174): Ignored filter at altera_eth_tse_mac.sdc(83): *altera_tse_a_fifo_opt_1246:TX_DATA|altera_tse_gray_cnt:U_RD|g_out[*] could not be matched with a register File: C:/Users/alist/OneDrive/Electrickery/Phased Array Radio Telescope/Phased-Array-WiFi-Camera/FPGA Firmware/ethernet/synthesis/submodules/altera_eth_tse_mac.sdc Line: 83
Warning (332049): Ignored set_max_delay at altera_eth_tse_mac.sdc(83): Argument <from> is an empty collection File: C:/Users/alist/OneDrive/Electrickery/Phased Array Radio Telescope/Phased-Array-WiFi-Camera/FPGA Firmware/ethernet/synthesis/submodules/altera_eth_tse_mac.sdc Line: 83
    Info (332050): set_max_delay -from [get_registers *${from_path}|${from_reg}[*]] -to [get_registers *${to_path}|${to_reg}*] 8ns File: C:/Users/alist/OneDrive/Electrickery/Phased Array Radio Telescope/Phased-Array-WiFi-Camera/FPGA Firmware/ethernet/synthesis/submodules/altera_eth_tse_mac.sdc Line: 83
Warning (332049): Ignored set_max_delay at altera_eth_tse_mac.sdc(83): Argument <to> is an empty collection File: C:/Users/alist/OneDrive/Electrickery/Phased Array Radio Telescope/Phased-Array-WiFi-Camera/FPGA Firmware/ethernet/synthesis/submodules/altera_eth_tse_mac.sdc Line: 83
Warning (332049): Ignored set_min_delay at altera_eth_tse_mac.sdc(84): Argument <from> is an empty collection File: C:/Users/alist/OneDrive/Electrickery/Phased Array Radio Telescope/Phased-Array-WiFi-Camera/FPGA Firmware/ethernet/synthesis/submodules/altera_eth_tse_mac.sdc Line: 84
    Info (332050): set_min_delay -from [get_registers *${from_path}|${from_reg}[*]] -to [get_registers *${to_path}|${to_reg}*] -100ns File: C:/Users/alist/OneDrive/Electrickery/Phased Array Radio Telescope/Phased-Array-WiFi-Camera/FPGA Firmware/ethernet/synthesis/submodules/altera_eth_tse_mac.sdc Line: 84
Warning (332049): Ignored set_min_delay at altera_eth_tse_mac.sdc(84): Argument <to> is an empty collection File: C:/Users/alist/OneDrive/Electrickery/Phased Array Radio Telescope/Phased-Array-WiFi-Camera/FPGA Firmware/ethernet/synthesis/submodules/altera_eth_tse_mac.sdc Line: 84
Warning (332174): Ignored filter at altera_eth_tse_mac.sdc(53): *altera_tse_a_fifo_opt_1246:TX_DATA|altera_tse_gray_cnt:U_WRT|g_out[*]|q could not be matched with a pin File: C:/Users/alist/OneDrive/Electrickery/Phased Array Radio Telescope/Phased-Array-WiFi-Camera/FPGA Firmware/ethernet/synthesis/submodules/altera_eth_tse_mac.sdc Line: 53
Warning (332174): Ignored filter at altera_eth_tse_mac.sdc(53): *altera_tse_a_fifo_opt_1246:TX_DATA|altera_eth_tse_std_synchronizer_bundle:U_SYNC_3|altera_eth_tse_std_synchronizer:*|altera_std_synchronizer_nocut:*|din_s1* could not be matched with a register File: C:/Users/alist/OneDrive/Electrickery/Phased Array Radio Telescope/Phased-Array-WiFi-Camera/FPGA Firmware/ethernet/synthesis/submodules/altera_eth_tse_mac.sdc Line: 53
Warning (332049): Ignored set_net_delay at altera_eth_tse_mac.sdc(53): argument -from with value [get_pins -compatibility_mode {*altera_tse_a_fifo_opt_1246:TX_DATA|altera_tse_gray_cnt:U_WRT|g_out[*]|q}] contains zero elements File: C:/Users/alist/OneDrive/Electrickery/Phased Array Radio Telescope/Phased-Array-WiFi-Camera/FPGA Firmware/ethernet/synthesis/submodules/altera_eth_tse_mac.sdc Line: 53
    Info (332050): set_net_delay -from [get_pins -compatibility_mode *${from_path}|${from_reg}[*]|q] -to [get_registers *${to_path}|${to_reg}*] -max $max_net_delay File: C:/Users/alist/OneDrive/Electrickery/Phased Array Radio Telescope/Phased-Array-WiFi-Camera/FPGA Firmware/ethernet/synthesis/submodules/altera_eth_tse_mac.sdc Line: 53
Warning (332174): Ignored filter at altera_eth_tse_mac.sdc(83): *altera_tse_a_fifo_opt_1246:TX_DATA|altera_tse_gray_cnt:U_WRT|g_out[*] could not be matched with a register File: C:/Users/alist/OneDrive/Electrickery/Phased Array Radio Telescope/Phased-Array-WiFi-Camera/FPGA Firmware/ethernet/synthesis/submodules/altera_eth_tse_mac.sdc Line: 83
Warning (332049): Ignored set_max_delay at altera_eth_tse_mac.sdc(83): Argument <from> is an empty collection File: C:/Users/alist/OneDrive/Electrickery/Phased Array Radio Telescope/Phased-Array-WiFi-Camera/FPGA Firmware/ethernet/synthesis/submodules/altera_eth_tse_mac.sdc Line: 83
    Info (332050): set_max_delay -from [get_registers *${from_path}|${from_reg}[*]] -to [get_registers *${to_path}|${to_reg}*] 8ns File: C:/Users/alist/OneDrive/Electrickery/Phased Array Radio Telescope/Phased-Array-WiFi-Camera/FPGA Firmware/ethernet/synthesis/submodules/altera_eth_tse_mac.sdc Line: 83
Warning (332049): Ignored set_max_delay at altera_eth_tse_mac.sdc(83): Argument <to> is an empty collection File: C:/Users/alist/OneDrive/Electrickery/Phased Array Radio Telescope/Phased-Array-WiFi-Camera/FPGA Firmware/ethernet/synthesis/submodules/altera_eth_tse_mac.sdc Line: 83
Warning (332049): Ignored set_min_delay at altera_eth_tse_mac.sdc(84): Argument <from> is an empty collection File: C:/Users/alist/OneDrive/Electrickery/Phased Array Radio Telescope/Phased-Array-WiFi-Camera/FPGA Firmware/ethernet/synthesis/submodules/altera_eth_tse_mac.sdc Line: 84
    Info (332050): set_min_delay -from [get_registers *${from_path}|${from_reg}[*]] -to [get_registers *${to_path}|${to_reg}*] -100ns File: C:/Users/alist/OneDrive/Electrickery/Phased Array Radio Telescope/Phased-Array-WiFi-Camera/FPGA Firmware/ethernet/synthesis/submodules/altera_eth_tse_mac.sdc Line: 84
Warning (332049): Ignored set_min_delay at altera_eth_tse_mac.sdc(84): Argument <to> is an empty collection File: C:/Users/alist/OneDrive/Electrickery/Phased Array Radio Telescope/Phased-Array-WiFi-Camera/FPGA Firmware/ethernet/synthesis/submodules/altera_eth_tse_mac.sdc Line: 84
Warning (332174): Ignored filter at altera_eth_tse_mac.sdc(53): *altera_tse_a_fifo_opt_1246:RX_DATA|altera_tse_gray_cnt:U_RD|g_out[*]|q could not be matched with a pin File: C:/Users/alist/OneDrive/Electrickery/Phased Array Radio Telescope/Phased-Array-WiFi-Camera/FPGA Firmware/ethernet/synthesis/submodules/altera_eth_tse_mac.sdc Line: 53
Warning (332174): Ignored filter at altera_eth_tse_mac.sdc(53): *altera_tse_a_fifo_opt_1246:RX_DATA|altera_eth_tse_std_synchronizer_bundle:U_SYNC_1|altera_eth_tse_std_synchronizer:*|altera_std_synchronizer_nocut:*|din_s1* could not be matched with a register File: C:/Users/alist/OneDrive/Electrickery/Phased Array Radio Telescope/Phased-Array-WiFi-Camera/FPGA Firmware/ethernet/synthesis/submodules/altera_eth_tse_mac.sdc Line: 53
Warning (332049): Ignored set_net_delay at altera_eth_tse_mac.sdc(53): argument -from with value [get_pins -compatibility_mode {*altera_tse_a_fifo_opt_1246:RX_DATA|altera_tse_gray_cnt:U_RD|g_out[*]|q}] contains zero elements File: C:/Users/alist/OneDrive/Electrickery/Phased Array Radio Telescope/Phased-Array-WiFi-Camera/FPGA Firmware/ethernet/synthesis/submodules/altera_eth_tse_mac.sdc Line: 53
    Info (332050): set_net_delay -from [get_pins -compatibility_mode *${from_path}|${from_reg}[*]|q] -to [get_registers *${to_path}|${to_reg}*] -max $max_net_delay File: C:/Users/alist/OneDrive/Electrickery/Phased Array Radio Telescope/Phased-Array-WiFi-Camera/FPGA Firmware/ethernet/synthesis/submodules/altera_eth_tse_mac.sdc Line: 53
Warning (332174): Ignored filter at altera_eth_tse_mac.sdc(83): *altera_tse_a_fifo_opt_1246:RX_DATA|altera_tse_gray_cnt:U_RD|g_out[*] could not be matched with a register File: C:/Users/alist/OneDrive/Electrickery/Phased Array Radio Telescope/Phased-Array-WiFi-Camera/FPGA Firmware/ethernet/synthesis/submodules/altera_eth_tse_mac.sdc Line: 83
Warning (332049): Ignored set_max_delay at altera_eth_tse_mac.sdc(83): Argument <from> is an empty collection File: C:/Users/alist/OneDrive/Electrickery/Phased Array Radio Telescope/Phased-Array-WiFi-Camera/FPGA Firmware/ethernet/synthesis/submodules/altera_eth_tse_mac.sdc Line: 83
    Info (332050): set_max_delay -from [get_registers *${from_path}|${from_reg}[*]] -to [get_registers *${to_path}|${to_reg}*] 8ns File: C:/Users/alist/OneDrive/Electrickery/Phased Array Radio Telescope/Phased-Array-WiFi-Camera/FPGA Firmware/ethernet/synthesis/submodules/altera_eth_tse_mac.sdc Line: 83
Warning (332049): Ignored set_max_delay at altera_eth_tse_mac.sdc(83): Argument <to> is an empty collection File: C:/Users/alist/OneDrive/Electrickery/Phased Array Radio Telescope/Phased-Array-WiFi-Camera/FPGA Firmware/ethernet/synthesis/submodules/altera_eth_tse_mac.sdc Line: 83
Warning (332049): Ignored set_min_delay at altera_eth_tse_mac.sdc(84): Argument <from> is an empty collection File: C:/Users/alist/OneDrive/Electrickery/Phased Array Radio Telescope/Phased-Array-WiFi-Camera/FPGA Firmware/ethernet/synthesis/submodules/altera_eth_tse_mac.sdc Line: 84
    Info (332050): set_min_delay -from [get_registers *${from_path}|${from_reg}[*]] -to [get_registers *${to_path}|${to_reg}*] -100ns File: C:/Users/alist/OneDrive/Electrickery/Phased Array Radio Telescope/Phased-Array-WiFi-Camera/FPGA Firmware/ethernet/synthesis/submodules/altera_eth_tse_mac.sdc Line: 84
Warning (332049): Ignored set_min_delay at altera_eth_tse_mac.sdc(84): Argument <to> is an empty collection File: C:/Users/alist/OneDrive/Electrickery/Phased Array Radio Telescope/Phased-Array-WiFi-Camera/FPGA Firmware/ethernet/synthesis/submodules/altera_eth_tse_mac.sdc Line: 84
Warning (332174): Ignored filter at altera_eth_tse_mac.sdc(53): *altera_tse_a_fifo_opt_1246:RX_DATA|altera_tse_gray_cnt:U_WRT|g_out[*]|q could not be matched with a pin File: C:/Users/alist/OneDrive/Electrickery/Phased Array Radio Telescope/Phased-Array-WiFi-Camera/FPGA Firmware/ethernet/synthesis/submodules/altera_eth_tse_mac.sdc Line: 53
Warning (332174): Ignored filter at altera_eth_tse_mac.sdc(53): *altera_tse_a_fifo_opt_1246:RX_DATA|altera_eth_tse_std_synchronizer_bundle:U_SYNC_3|altera_eth_tse_std_synchronizer:*|altera_std_synchronizer_nocut:*|din_s1* could not be matched with a register File: C:/Users/alist/OneDrive/Electrickery/Phased Array Radio Telescope/Phased-Array-WiFi-Camera/FPGA Firmware/ethernet/synthesis/submodules/altera_eth_tse_mac.sdc Line: 53
Warning (332049): Ignored set_net_delay at altera_eth_tse_mac.sdc(53): argument -from with value [get_pins -compatibility_mode {*altera_tse_a_fifo_opt_1246:RX_DATA|altera_tse_gray_cnt:U_WRT|g_out[*]|q}] contains zero elements File: C:/Users/alist/OneDrive/Electrickery/Phased Array Radio Telescope/Phased-Array-WiFi-Camera/FPGA Firmware/ethernet/synthesis/submodules/altera_eth_tse_mac.sdc Line: 53
    Info (332050): set_net_delay -from [get_pins -compatibility_mode *${from_path}|${from_reg}[*]|q] -to [get_registers *${to_path}|${to_reg}*] -max $max_net_delay File: C:/Users/alist/OneDrive/Electrickery/Phased Array Radio Telescope/Phased-Array-WiFi-Camera/FPGA Firmware/ethernet/synthesis/submodules/altera_eth_tse_mac.sdc Line: 53
Warning (332174): Ignored filter at altera_eth_tse_mac.sdc(83): *altera_tse_a_fifo_opt_1246:RX_DATA|altera_tse_gray_cnt:U_WRT|g_out[*] could not be matched with a register File: C:/Users/alist/OneDrive/Electrickery/Phased Array Radio Telescope/Phased-Array-WiFi-Camera/FPGA Firmware/ethernet/synthesis/submodules/altera_eth_tse_mac.sdc Line: 83
Warning (332049): Ignored set_max_delay at altera_eth_tse_mac.sdc(83): Argument <from> is an empty collection File: C:/Users/alist/OneDrive/Electrickery/Phased Array Radio Telescope/Phased-Array-WiFi-Camera/FPGA Firmware/ethernet/synthesis/submodules/altera_eth_tse_mac.sdc Line: 83
    Info (332050): set_max_delay -from [get_registers *${from_path}|${from_reg}[*]] -to [get_registers *${to_path}|${to_reg}*] 8ns File: C:/Users/alist/OneDrive/Electrickery/Phased Array Radio Telescope/Phased-Array-WiFi-Camera/FPGA Firmware/ethernet/synthesis/submodules/altera_eth_tse_mac.sdc Line: 83
Warning (332049): Ignored set_max_delay at altera_eth_tse_mac.sdc(83): Argument <to> is an empty collection File: C:/Users/alist/OneDrive/Electrickery/Phased Array Radio Telescope/Phased-Array-WiFi-Camera/FPGA Firmware/ethernet/synthesis/submodules/altera_eth_tse_mac.sdc Line: 83
Warning (332049): Ignored set_min_delay at altera_eth_tse_mac.sdc(84): Argument <from> is an empty collection File: C:/Users/alist/OneDrive/Electrickery/Phased Array Radio Telescope/Phased-Array-WiFi-Camera/FPGA Firmware/ethernet/synthesis/submodules/altera_eth_tse_mac.sdc Line: 84
    Info (332050): set_min_delay -from [get_registers *${from_path}|${from_reg}[*]] -to [get_registers *${to_path}|${to_reg}*] -100ns File: C:/Users/alist/OneDrive/Electrickery/Phased Array Radio Telescope/Phased-Array-WiFi-Camera/FPGA Firmware/ethernet/synthesis/submodules/altera_eth_tse_mac.sdc Line: 84
Warning (332049): Ignored set_min_delay at altera_eth_tse_mac.sdc(84): Argument <to> is an empty collection File: C:/Users/alist/OneDrive/Electrickery/Phased Array Radio Telescope/Phased-Array-WiFi-Camera/FPGA Firmware/ethernet/synthesis/submodules/altera_eth_tse_mac.sdc Line: 84
Warning (332174): Ignored filter at altera_eth_tse_mac.sdc(53): *altera_tse_a_fifo_13:TX_STATUS|altera_tse_gray_cnt:U_WRT|g_out[*]|q could not be matched with a pin File: C:/Users/alist/OneDrive/Electrickery/Phased Array Radio Telescope/Phased-Array-WiFi-Camera/FPGA Firmware/ethernet/synthesis/submodules/altera_eth_tse_mac.sdc Line: 53
Warning (332174): Ignored filter at altera_eth_tse_mac.sdc(53): *altera_tse_a_fifo_13:TX_STATUS|altera_eth_tse_std_synchronizer_bundle:U_SYNC_2|altera_eth_tse_std_synchronizer:*|altera_std_synchronizer_nocut:*|din_s1* could not be matched with a register File: C:/Users/alist/OneDrive/Electrickery/Phased Array Radio Telescope/Phased-Array-WiFi-Camera/FPGA Firmware/ethernet/synthesis/submodules/altera_eth_tse_mac.sdc Line: 53
Warning (332049): Ignored set_net_delay at altera_eth_tse_mac.sdc(53): argument -from with value [get_pins -compatibility_mode {*altera_tse_a_fifo_13:TX_STATUS|altera_tse_gray_cnt:U_WRT|g_out[*]|q}] contains zero elements File: C:/Users/alist/OneDrive/Electrickery/Phased Array Radio Telescope/Phased-Array-WiFi-Camera/FPGA Firmware/ethernet/synthesis/submodules/altera_eth_tse_mac.sdc Line: 53
    Info (332050): set_net_delay -from [get_pins -compatibility_mode *${from_path}|${from_reg}[*]|q] -to [get_registers *${to_path}|${to_reg}*] -max $max_net_delay File: C:/Users/alist/OneDrive/Electrickery/Phased Array Radio Telescope/Phased-Array-WiFi-Camera/FPGA Firmware/ethernet/synthesis/submodules/altera_eth_tse_mac.sdc Line: 53
Warning (332174): Ignored filter at altera_eth_tse_mac.sdc(83): *altera_tse_a_fifo_13:TX_STATUS|altera_tse_gray_cnt:U_WRT|g_out[*] could not be matched with a register File: C:/Users/alist/OneDrive/Electrickery/Phased Array Radio Telescope/Phased-Array-WiFi-Camera/FPGA Firmware/ethernet/synthesis/submodules/altera_eth_tse_mac.sdc Line: 83
Warning (332049): Ignored set_max_delay at altera_eth_tse_mac.sdc(83): Argument <from> is an empty collection File: C:/Users/alist/OneDrive/Electrickery/Phased Array Radio Telescope/Phased-Array-WiFi-Camera/FPGA Firmware/ethernet/synthesis/submodules/altera_eth_tse_mac.sdc Line: 83
    Info (332050): set_max_delay -from [get_registers *${from_path}|${from_reg}[*]] -to [get_registers *${to_path}|${to_reg}*] 8ns File: C:/Users/alist/OneDrive/Electrickery/Phased Array Radio Telescope/Phased-Array-WiFi-Camera/FPGA Firmware/ethernet/synthesis/submodules/altera_eth_tse_mac.sdc Line: 83
Warning (332049): Ignored set_max_delay at altera_eth_tse_mac.sdc(83): Argument <to> is an empty collection File: C:/Users/alist/OneDrive/Electrickery/Phased Array Radio Telescope/Phased-Array-WiFi-Camera/FPGA Firmware/ethernet/synthesis/submodules/altera_eth_tse_mac.sdc Line: 83
Warning (332049): Ignored set_min_delay at altera_eth_tse_mac.sdc(84): Argument <from> is an empty collection File: C:/Users/alist/OneDrive/Electrickery/Phased Array Radio Telescope/Phased-Array-WiFi-Camera/FPGA Firmware/ethernet/synthesis/submodules/altera_eth_tse_mac.sdc Line: 84
    Info (332050): set_min_delay -from [get_registers *${from_path}|${from_reg}[*]] -to [get_registers *${to_path}|${to_reg}*] -100ns File: C:/Users/alist/OneDrive/Electrickery/Phased Array Radio Telescope/Phased-Array-WiFi-Camera/FPGA Firmware/ethernet/synthesis/submodules/altera_eth_tse_mac.sdc Line: 84
Warning (332049): Ignored set_min_delay at altera_eth_tse_mac.sdc(84): Argument <to> is an empty collection File: C:/Users/alist/OneDrive/Electrickery/Phased Array Radio Telescope/Phased-Array-WiFi-Camera/FPGA Firmware/ethernet/synthesis/submodules/altera_eth_tse_mac.sdc Line: 84
Warning (332174): Ignored filter at altera_eth_tse_mac.sdc(53): *altera_tse_a_fifo_34:RX_STATUS|wr_g_ptr_reg[*]|q could not be matched with a pin File: C:/Users/alist/OneDrive/Electrickery/Phased Array Radio Telescope/Phased-Array-WiFi-Camera/FPGA Firmware/ethernet/synthesis/submodules/altera_eth_tse_mac.sdc Line: 53
Warning (332174): Ignored filter at altera_eth_tse_mac.sdc(53): *altera_tse_a_fifo_34:RX_STATUS|altera_eth_tse_std_synchronizer_bundle:U_SYNC_WR_G_PTR|altera_eth_tse_std_synchronizer:*|altera_std_synchronizer_nocut:*|din_s1* could not be matched with a register File: C:/Users/alist/OneDrive/Electrickery/Phased Array Radio Telescope/Phased-Array-WiFi-Camera/FPGA Firmware/ethernet/synthesis/submodules/altera_eth_tse_mac.sdc Line: 53
Warning (332049): Ignored set_net_delay at altera_eth_tse_mac.sdc(53): argument -from with value [get_pins -compatibility_mode {*altera_tse_a_fifo_34:RX_STATUS|wr_g_ptr_reg[*]|q}] contains zero elements File: C:/Users/alist/OneDrive/Electrickery/Phased Array Radio Telescope/Phased-Array-WiFi-Camera/FPGA Firmware/ethernet/synthesis/submodules/altera_eth_tse_mac.sdc Line: 53
    Info (332050): set_net_delay -from [get_pins -compatibility_mode *${from_path}|${from_reg}[*]|q] -to [get_registers *${to_path}|${to_reg}*] -max $max_net_delay File: C:/Users/alist/OneDrive/Electrickery/Phased Array Radio Telescope/Phased-Array-WiFi-Camera/FPGA Firmware/ethernet/synthesis/submodules/altera_eth_tse_mac.sdc Line: 53
Warning (332174): Ignored filter at altera_eth_tse_mac.sdc(83): *altera_tse_a_fifo_34:RX_STATUS|wr_g_ptr_reg[*] could not be matched with a register File: C:/Users/alist/OneDrive/Electrickery/Phased Array Radio Telescope/Phased-Array-WiFi-Camera/FPGA Firmware/ethernet/synthesis/submodules/altera_eth_tse_mac.sdc Line: 83
Warning (332049): Ignored set_max_delay at altera_eth_tse_mac.sdc(83): Argument <from> is an empty collection File: C:/Users/alist/OneDrive/Electrickery/Phased Array Radio Telescope/Phased-Array-WiFi-Camera/FPGA Firmware/ethernet/synthesis/submodules/altera_eth_tse_mac.sdc Line: 83
    Info (332050): set_max_delay -from [get_registers *${from_path}|${from_reg}[*]] -to [get_registers *${to_path}|${to_reg}*] 8ns File: C:/Users/alist/OneDrive/Electrickery/Phased Array Radio Telescope/Phased-Array-WiFi-Camera/FPGA Firmware/ethernet/synthesis/submodules/altera_eth_tse_mac.sdc Line: 83
Warning (332049): Ignored set_max_delay at altera_eth_tse_mac.sdc(83): Argument <to> is an empty collection File: C:/Users/alist/OneDrive/Electrickery/Phased Array Radio Telescope/Phased-Array-WiFi-Camera/FPGA Firmware/ethernet/synthesis/submodules/altera_eth_tse_mac.sdc Line: 83
Warning (332049): Ignored set_min_delay at altera_eth_tse_mac.sdc(84): Argument <from> is an empty collection File: C:/Users/alist/OneDrive/Electrickery/Phased Array Radio Telescope/Phased-Array-WiFi-Camera/FPGA Firmware/ethernet/synthesis/submodules/altera_eth_tse_mac.sdc Line: 84
    Info (332050): set_min_delay -from [get_registers *${from_path}|${from_reg}[*]] -to [get_registers *${to_path}|${to_reg}*] -100ns File: C:/Users/alist/OneDrive/Electrickery/Phased Array Radio Telescope/Phased-Array-WiFi-Camera/FPGA Firmware/ethernet/synthesis/submodules/altera_eth_tse_mac.sdc Line: 84
Warning (332049): Ignored set_min_delay at altera_eth_tse_mac.sdc(84): Argument <to> is an empty collection File: C:/Users/alist/OneDrive/Electrickery/Phased Array Radio Telescope/Phased-Array-WiFi-Camera/FPGA Firmware/ethernet/synthesis/submodules/altera_eth_tse_mac.sdc Line: 84
Info (308044): (Information) Rule T102: Top nodes with the highest number of fan-outs. (Value defined:50). Found 31 node(s) with highest fan-out.
    Info (308011): Node  "hmcad1511_d4a" File: C:/Users/alist/OneDrive/Electrickery/Phased Array Radio Telescope/Phased-Array-WiFi-Camera/FPGA Firmware/wifi_tele_phy.vhd Line: 38
    Info (308011): Node  "pll_controller:pll|altpll:altpll_component|pll_controller_altpll:auto_generated|wire_pll1_fbout" File: C:/Users/alist/OneDrive/Electrickery/Phased Array Radio Telescope/Phased-Array-WiFi-Camera/FPGA Firmware/db/pll_controller_altpll.v Line: 62
    Info (308011): Node  "pll_controller:pll|altpll:altpll_component|pll_controller_altpll:auto_generated|wire_pll1_clk[0]" File: C:/Users/alist/OneDrive/Electrickery/Phased Array Radio Telescope/Phased-Array-WiFi-Camera/FPGA Firmware/db/pll_controller_altpll.v Line: 61
    Info (308011): Node  "hmcad1511_d4b" File: C:/Users/alist/OneDrive/Electrickery/Phased Array Radio Telescope/Phased-Array-WiFi-Camera/FPGA Firmware/wifi_tele_phy.vhd Line: 39
    Info (308011): Node  "hmcad1511_d1b" File: C:/Users/alist/OneDrive/Electrickery/Phased Array Radio Telescope/Phased-Array-WiFi-Camera/FPGA Firmware/wifi_tele_phy.vhd Line: 30
    Info (308011): Node  "hmcad1511_d1a" File: C:/Users/alist/OneDrive/Electrickery/Phased Array Radio Telescope/Phased-Array-WiFi-Camera/FPGA Firmware/wifi_tele_phy.vhd Line: 29
    Info (308011): Node  "hmcad1511_d3b" File: C:/Users/alist/OneDrive/Electrickery/Phased Array Radio Telescope/Phased-Array-WiFi-Camera/FPGA Firmware/wifi_tele_phy.vhd Line: 36
    Info (308011): Node  "hmcad1511_d2b" File: C:/Users/alist/OneDrive/Electrickery/Phased Array Radio Telescope/Phased-Array-WiFi-Camera/FPGA Firmware/wifi_tele_phy.vhd Line: 33
    Info (308011): Node  "C10_clk50M" File: C:/Users/alist/OneDrive/Electrickery/Phased Array Radio Telescope/Phased-Array-WiFi-Camera/FPGA Firmware/wifi_tele_phy.vhd Line: 10
    Info (308011): Node  "hmcad1511_lclk" File: C:/Users/alist/OneDrive/Electrickery/Phased Array Radio Telescope/Phased-Array-WiFi-Camera/FPGA Firmware/wifi_tele_phy.vhd Line: 27
    Info (308011): Node  "mosi~output" File: C:/Users/alist/OneDrive/Electrickery/Phased Array Radio Telescope/Phased-Array-WiFi-Camera/FPGA Firmware/wifi_tele_phy.vhd Line: 17
    Info (308011): Node  "hmcad1511_d2a" File: C:/Users/alist/OneDrive/Electrickery/Phased Array Radio Telescope/Phased-Array-WiFi-Camera/FPGA Firmware/wifi_tele_phy.vhd Line: 32
    Info (308011): Node  "hmcad1511_d3a" File: C:/Users/alist/OneDrive/Electrickery/Phased Array Radio Telescope/Phased-Array-WiFi-Camera/FPGA Firmware/wifi_tele_phy.vhd Line: 35
    Info (308011): Node  "adc_cs~output" File: C:/Users/alist/OneDrive/Electrickery/Phased Array Radio Telescope/Phased-Array-WiFi-Camera/FPGA Firmware/wifi_tele_phy.vhd Line: 14
    Info (308011): Node  "vga_cs~output" File: C:/Users/alist/OneDrive/Electrickery/Phased Array Radio Telescope/Phased-Array-WiFi-Camera/FPGA Firmware/wifi_tele_phy.vhd Line: 15
    Info (308011): Node  "dac_cs~output" File: C:/Users/alist/OneDrive/Electrickery/Phased Array Radio Telescope/Phased-Array-WiFi-Camera/FPGA Firmware/wifi_tele_phy.vhd Line: 16
    Info (308011): Node  "sclk~output" File: C:/Users/alist/OneDrive/Electrickery/Phased Array Radio Telescope/Phased-Array-WiFi-Camera/FPGA Firmware/wifi_tele_phy.vhd Line: 18
    Info (308011): Node  "sample_pll_out~output" File: C:/Users/alist/OneDrive/Electrickery/Phased Array Radio Telescope/Phased-Array-WiFi-Camera/FPGA Firmware/wifi_tele_phy.vhd Line: 23
    Info (308011): Node  "pll_controller:pll|altpll:altpll_component|pll_controller_altpll:auto_generated|wire_pll1_clk[0]~clkctrl_e_sample_pll_out_7e_output_pseudo_diff" File: C:/Users/alist/OneDrive/Electrickery/Phased Array Radio Telescope/Phased-Array-WiFi-Camera/FPGA Firmware/db/pll_controller_altpll.v Line: 61
    Info (308011): Node  "hmcad1511_d4a(n)"
    Info (308011): Node  "hmcad1511_fclk" File: C:/Users/alist/OneDrive/Electrickery/Phased Array Radio Telescope/Phased-Array-WiFi-Camera/FPGA Firmware/wifi_tele_phy.vhd Line: 26
    Info (308011): Node  "sample_pll_out~output(n)" File: C:/Users/alist/OneDrive/Electrickery/Phased Array Radio Telescope/Phased-Array-WiFi-Camera/FPGA Firmware/wifi_tele_phy.vhd Line: 23
    Info (308011): Node  "hmcad1511_fclk(n)"
    Info (308011): Node  "hmcad1511_d4b(n)"
    Info (308011): Node  "hmcad1511_lclk(n)"
    Info (308011): Node  "hmcad1511_d3b(n)"
    Info (308011): Node  "hmcad1511_d3a(n)"
    Info (308011): Node  "hmcad1511_d2b(n)"
    Info (308011): Node  "hmcad1511_d2a(n)"
    Info (308011): Node  "hmcad1511_d1b(n)"
    Info (308002): Truncated list of Design Assistant messages to 30 messages. Go to sections under Design Assistant section of Compilation Report for complete lists of Design Assistant messages generated.
Info (308007): Design Assistant information: finished post-fitting analysis of current design -- generated 31 information messages and 0 warning messages
Info: Quartus Prime Design Assistant was successful. 0 errors, 91 warnings
    Info: Peak virtual memory: 4664 megabytes
    Info: Processing ended: Sun Aug 12 22:12:20 2018
    Info: Elapsed time: 00:00:01
    Info: Total CPU time (on all processors): 00:00:01


